 texmf

 Timestamp is 52fb5bee (Wed Feb 12 19:33:02 2014)

 Preferred load address is 00400000

 Start         Length     Name                   Class
 0001:00000000 000498f7H .text                   CODE
 0002:00000000 00000160H .idata$5                DATA
 0002:00000160 00000004H .CRT$XCA                DATA
 0002:00000164 00000004H .CRT$XCZ                DATA
 0002:00000168 00000004H .CRT$XIA                DATA
 0002:0000016c 00000014H .CRT$XIC                DATA
 0002:00000180 00000004H .CRT$XIY                DATA
 0002:00000184 00000004H .CRT$XIZ                DATA
 0002:00000188 00000004H .CRT$XPA                DATA
 0002:0000018c 0000000cH .CRT$XPX                DATA
 0002:00000198 00000004H .CRT$XPXA               DATA
 0002:0000019c 00000004H .CRT$XPZ                DATA
 0002:000001a0 00000004H .CRT$XTA                DATA
 0002:000001a4 00000004H .CRT$XTZ                DATA
 0002:000001b0 000044d0H .rdata                  DATA
 0002:00004680 0000000cH .rdata$sxdata           DATA
 0002:0000468c 00000004H .rtc$IAA                DATA
 0002:00004690 00000004H .rtc$IZZ                DATA
 0002:00004694 00000004H .rtc$TAA                DATA
 0002:00004698 00000004H .rtc$TZZ                DATA
 0002:000046a0 000005dcH .xdata$x                DATA
 0002:00004c7c 00000014H .idata$2                DATA
 0002:00004c90 00000014H .idata$3                DATA
 0002:00004ca4 00000160H .idata$4                DATA
 0002:00004e04 00000692H .idata$6                DATA
 0002:00005496 00000000H .edata                  DATA
 0003:00000000 0000bfb0H .data                   DATA
 0003:0000bfc0 000b4a40H .bss                    DATA

  Address         Publics by Value              Rva+Base       Lib:Object

 0000:00000000       __except_list              00000000     <absolute>
 0000:00000003       ___safe_se_handler_count   00000003     <absolute>
 0000:00000000       ___ImageBase               00400000     <linker-defined>
 0001:00000000       _call_edit                 00401000 f   texmf.obj
 0001:000004e0       _complain_line             004014e0 f   texmf.obj
 0001:00000560       _do_dump                   00401560 f   texmf.obj
 0001:000005e0       _do_undump                 004015e0 f   texmf.obj
 0001:00000660       _get_date_and_time         00401660 f   texmf.obj
 0001:000007f0       _get_env_shroud            004017f0 f   texmf.obj
 0001:000008c0       _input_line                004018c0 f   texmf.obj
 0001:00000b80       _input_line_finish         00401b80 f   texmf.obj
 0001:00000ce0       _main                      00401ce0 f   texmf.obj
 0001:00000e30       _show_bad_line             00401e30 f   texmf.obj
 0001:00000f20       _t_open_in                 00401f20 f   texmf.obj
 0001:00001160       _unshroud_string           00402160 f   texmf.obj
 0001:000011a0       _add_variable_space        004021a0 f   itex.obj
 0001:00001270       _bad_formator_pool         00402270 f   itex.obj
 0001:0000139a       _compress_trie_            0040239a f   itex.obj
 0001:000013de       _do_initex                 004023de f   itex.obj
 0001:00001a00       _final_cleanup             00402a00 f   itex.obj
 0001:00001c01       _first_fit_                00402c01 f   itex.obj
 0001:00001d5b       _get_strings_started       00402d5b f   itex.obj
 0001:000021bd       _init_prim                 004031bd f   itex.obj
 0001:000035ef       _init_trie                 004045ef f   itex.obj
 0001:00003800       _initialize                00404800 f   itex.obj
 0001:00003c70       _initialize_aux            00404c70 f   itex.obj
 0001:00003cd0       _line_break_               00404cd0 f   itex.obj
 0001:00004c10       _load_fmt_file             00405c10 f   itex.obj
 0001:00005cf3       _new_patterns              00406cf3 f   itex.obj
 0001:000060b5       _new_trie_op_              004070b5 f   itex.obj
 0001:000061f0       _prefixed_command          004071f0 f   itex.obj
 0001:00006bcc       _primitive_                00407bcc f   itex.obj
 0001:00006c83       _reset_hyphen              00407c83 f   itex.obj
 0001:00006cb0       _reset_trie                00407cb0 f   itex.obj
 0001:00006d00       _show_frozen               00407d00 f   itex.obj
 0001:00006de2       _sort_avail                00407de2 f   itex.obj
 0001:00006ead       _store_fmt_file            00407ead f   itex.obj
 0001:00007e70       _texbody                   00408e70 f   itex.obj
 0001:0000835f       _trie_fix_                 0040935f f   itex.obj
 0001:000083da       _trie_node_                004093da f   itex.obj
 0001:000084d1       _trie_pack_                004094d1 f   itex.obj
 0001:00008510       _check_fclose              00409510 f   openinou.obj
 0001:00008550       _check_short_name          00409550 f   openinou.obj
 0001:00008600       _extensionirrelevantp      00409600 f   openinou.obj
 0001:00008600       _maketextfm                00409600 f   openinou.obj
 0001:00008600       _maketextex                00409600 f   openinou.obj
 0001:00008610       _open_input                00409610 f   openinou.obj
 0001:00008980       _open_output               00409980 f   openinou.obj
 0001:00008d40       _patch_in_path             00409d40 f   openinou.obj
 0001:00008d80       _prepend_path_if           00409d80 f   openinou.obj
 0001:00008df0       _qualified                 00409df0 f   openinou.obj
 0001:00008e30       _retwiddle                 00409e30 f   openinou.obj
 0001:00008e70       _xconcat                   00409e70 f   openinou.obj
 0001:00008f00       _xconcat3                  00409f00 f   openinou.obj
 0001:00009010       __getopt_internal          0040a010 f   subroute.obj
 0001:00009b30       _absolute_p                0040ab30 f   subroute.obj
 0001:00009b90       _add_directory             0040ab90 f   subroute.obj
 0001:00009c60       _concat                    0040ac60 f   subroute.obj
 0001:00009d10       _concat3                   0040ad10 f   subroute.obj
 0001:00009e00       _convertexclam             0040ae00 f   subroute.obj
 0001:00009ee0       _dir_p                     0040aee0 f   subroute.obj
 0001:0000a340       _eoln                      0040b340 f   subroute.obj
 0001:0000a470       _expand_default            0040b470 f   subroute.obj
 0001:0000a560       _expand_subdir             0040b560 f   subroute.obj
 0001:0000a9c0       _extend_filename           0040b9c0 f   subroute.obj
 0001:0000aa30       _file_p                    0040ba30 f   subroute.obj
 0001:0000ab40       _find_dir_list             0040bb40 f   subroute.obj
 0001:0000abe0       _getopt                    0040bbe0 f   subroute.obj
 0001:0000ac00       _initialize_path_list      0040bc00 f   subroute.obj
 0001:0000b050       _lowercase                 0040c050 f   subroute.obj
 0001:0000b080       _map_create                0040c080 f   subroute.obj
 0001:0000b1a0       _map_file_parse            0040c1a0 f   subroute.obj
 0001:0000b320       _map_insert                0040c320 f   subroute.obj
 0001:0000b410       _map_lookup                0040c410 f   subroute.obj
 0001:0000b530       _read_a_line               0040c530 f   subroute.obj
 0001:0000b5f0       _readable                  0040c5f0 f   subroute.obj
 0001:0000b740       _remove_suffix             0040c740 f   subroute.obj
 0001:0000b800       _set_paths                 0040c800 f   subroute.obj
 0001:0000bd40       _striptrailing             0040cd40 f   subroute.obj
 0001:0000be00       _test_eof                  0040ce00 f   subroute.obj
 0001:0000be40       _test_read_access          0040ce40 f   subroute.obj
 0001:0000c0d0       _truncate_pathname         0040d0d0 f   subroute.obj
 0001:0000c160       _uexit                     0040d160 f   subroute.obj
 0001:0000c1c0       _unixify                   0040d1c0 f   subroute.obj
 0001:0000c220       _xfind_path_filename       0040d220 f   subroute.obj
 0001:0000c630       _xfopen                    0040d630 f   subroute.obj
 0001:0000c6c0       _xmalloc                   0040d6c0 f   subroute.obj
 0001:0000c700       _xrealloc                  0040d700 f   subroute.obj
 0001:0000c760       _xstrdup                   0040d760 f   subroute.obj
 0001:0000c7d0       _zround                    0040d7d0 f   subroute.obj
 0001:0000c820       _allocate_ini              0040d820 f   local.obj
 0001:0000ca70       _allocate_main_memory      0040da70 f   local.obj
 0001:0000cc50       _allocate_memory           0040dc50 f   local.obj
 0001:0000ce80       _allocate_tries            0040de80 f   local.obj
 0001:0000d020       _analyze_flag              0040e020 f   local.obj
 0001:0000d6d0       _check_alloc_align         0040e6d0 f   local.obj
 0001:0000d730       _check_enter               0040e730 f   local.obj
 0001:0000d800       _check_fixed_align         0040e800 f   local.obj
 0001:0000d860       _checkpause                0040e860 f   local.obj
 0001:0000d900       _comparecs                 0040e900 f   local.obj
 0001:0000d950       _comparefnt                0040e950 f   local.obj
 0001:0000d9c0       _comparestrn               0040e9c0 f   local.obj
 0001:0000da30       _complainarg               0040ea30 f   local.obj
 0001:0000da70       _decode_fourty             0040ea70 f   local.obj
 0001:0000db50       _deslash_all               0040eb50 f   local.obj
 0001:0000dfa0       _dvi_font_show             0040efa0 f   local.obj
 0001:0000e1c0       _endit                     0040f1c0 f   local.obj
 0001:0000e320       _flush_trailing_slash      0040f320 f   local.obj
 0001:0000e380       _free_memory               0040f380 f   local.obj
 0001:0000e720       _grabenv                   0040f720 f   local.obj
 0001:0000ea40       _hidetwiddle               0040fa40 f   local.obj
 0001:0000ea80       _init                      0040fa80 f   local.obj
 0001:0000edc0       _init_commands             0040fdc0 f   local.obj
 0001:0000f180       _initial_memory            00410180 f   local.obj
 0001:0000f3a0       _knuthify                  004103a0 f   local.obj
 0001:0000f4b0       _memory_error              004104b0 f   local.obj
 0001:0000f520       _ourrealloc                00410520 f   local.obj
 0001:0000f5f0       _perrormod                 004105f0 f   local.obj
 0001:0000f630       _prime                     00410630 f   local.obj
 0001:0000f690       _print_cs_name             00410690 f   local.obj
 0001:0000f7f0       _print_cs_names            004107f0 f   local.obj
 0001:0000f9f0       _probe_show                004109f0 f   local.obj
 0001:0000fa30       _read_command_line         00410a30 f   local.obj
 0001:0000fc70       _read_commands             00410c70 f   local.obj
 0001:0000ff00       _read_repl_sub             00410f00 f   local.obj
 0001:00010170       _read_xchr_file            00411170 f   local.obj
 0001:000107a0       _read_xchr_sub             004117a0 f   local.obj
 0001:000109c0       _realloc_buffer            004119c0 f   local.obj
 0001:00010c70       _realloc_font_info         00411c70 f   local.obj
 0001:00010ee0       _realloc_hyphen            00411ee0 f   local.obj
 0001:000110a0       _realloc_input_stack       004120a0 f   local.obj
 0001:00011340       _realloc_main              00412340 f   local.obj
 0001:00011710       _realloc_nest_stack        00412710 f   local.obj
 0001:000119b0       _realloc_param_stack       004129b0 f   local.obj
 0001:00011c50       _realloc_save_stack        00412c50 f   local.obj
 0001:00011ef0       _realloc_str_pool          00412ef0 f   local.obj
 0001:00012160       _realloc_str_start         00413160 f   local.obj
 0001:000123d0       _reorderargs               004133d0 f   local.obj
 0001:00012570       _scivilize                 00413570 f   local.obj
 0001:000125f0       _setupdviwindo             004135f0 f   local.obj
 0001:00012980       _show_font_info            00413980 f   local.obj
 0001:00012aa0       _show_inter_val            00413aa0 f   local.obj
 0001:00012bb0       _show_maximums             00413bb0 f   local.obj
 0001:00012c20       _show_usage                00413c20 f   local.obj
 0001:00012c90       _stamp_it                  00413c90 f   local.obj
 0001:00012d20       _stampcopy                 00413d20 f   local.obj
 0001:00012d50       _update_statistics         00413d50 f   local.obj
 0001:00012d80       _yy_extension              00413d80 f   local.obj
 0001:00012e10       _append_char               00413e10 f   tex0.obj
 0001:00012e30       _badness_                  00413e30 f   tex0.obj
 0001:00012ea0       _confusion_                00413ea0 f   tex0.obj
 0001:00012fd0       _dvi_out_                  00413fd0 f   tex0.obj
 0001:00013000       _error                     00414000 f   tex0.obj
 0001:000135f0       _fatal_error_              004145f0 f   tex0.obj
 0001:000136b0       _flush_list_               004146b0 f   tex0.obj
 0001:000136f0       _free_node_                004146f0 f   tex0.obj
 0001:00013760       _get_avail                 00414760 f   tex0.obj
 0001:00013840       _get_node_                 00414840 f   tex0.obj
 0001:00013b30       _half_                     00414b30 f   tex0.obj
 0001:00013b50       _init_terminal             00414b50 f   tex0.obj
 0001:00013c90       _int_error_                00414c90 f   tex0.obj
 0001:00013cc0       _jump_out                  00414cc0 f   tex0.obj
 0001:00013d30       _make_string               00414d30 f   tex0.obj
 0001:00013da0       _mult_and_add_             00414da0 f   tex0.obj
 0001:00013e00       _new_disc                  00414e00 f   tex0.obj
 0001:00013e50       _new_glue_                 00414e50 f   tex0.obj
 0001:00013ea0       _new_kern_                 00414ea0 f   tex0.obj
 0001:00013ee0       _new_lig_item_             00414ee0 f   tex0.obj
 0001:00013f10       _new_ligature_             00414f10 f   tex0.obj
 0001:00013f70       _new_math_                 00414f70 f   tex0.obj
 0001:00013fc0       _new_null_box              00414fc0 f   tex0.obj
 0001:00014050       _new_param_glue_           00415050 f   tex0.obj
 0001:000140b0       _new_penalty_              004150b0 f   tex0.obj
 0001:000140f0       _new_rule                  004150f0 f   tex0.obj
 0001:00014150       _new_skip_param_           00415150 f   tex0.obj
 0001:000141e0       _new_spec_                 004151e0 f   tex0.obj
 0001:00014250       _normalize_selector        00415250 f   tex0.obj
 0001:00014290       _overflow_                 00415290 f   tex0.obj
 0001:00014420       _pause_for_instructions    00415420 f   tex0.obj
 0001:000144d0       _print_                    004154d0 f   tex0.obj
 0001:00014640       _print_char_               00415640 f   tex0.obj
 0001:00014840       _print_cs_                 00415840 f   tex0.obj
 0001:000149d0       _print_current_string      004159d0 f   tex0.obj
 0001:00014be0       _print_delimiter_          00415be0 f   tex0.obj
 0001:00014c20       _print_err                 00415c20 f   tex0.obj
 0001:00014c70       _print_esc_                00415c70 f   tex0.obj
 0001:00014c90       _print_fam_and_char_       00415c90 f   tex0.obj
 0001:00014cf0       _print_file_name_          00415cf0 f   tex0.obj
 0001:00014d10       _print_font_and_char_      00415d10 f   tex0.obj
 0001:00014dc0       _print_glue_               00415dc0 f   tex0.obj
 0001:00014e30       _print_hex_                00415e30 f   tex0.obj
 0001:00014e80       _print_int_                00415e80 f   tex0.obj
 0001:00014f40       _print_ln                  00415f40 f   tex0.obj
 0001:00014ff0       _print_mark_               00415ff0 f   tex0.obj
 0001:00015060       _print_nl_                 00416060 f   tex0.obj
 0001:000150a0       _print_roman_int_          004160a0 f   tex0.obj
 0001:00015350       _print_rule_dimen_         00416350 f   tex0.obj
 0001:00015380       _print_scaled_             00416380 f   tex0.obj
 0001:00015420       _print_size_               00416420 f   tex0.obj
 0001:00015490       _print_skip_param_         00416490 f   tex0.obj
 0001:000155f0       _print_spec_               004165f0 f   tex0.obj
 0001:000156a0       _print_string_             004166a0 f   tex0.obj
 0001:000158a0       _print_style_              004168a0 f   tex0.obj
 0001:00015960       _print_subsidiary_data_    00416960 f   tex0.obj
 0001:00015a20       _print_the_digs_           00416a20 f   tex0.obj
 0001:00015c60       _print_two_                00416c60 f   tex0.obj
 0001:00015cc0       _print_write_whatsit_      00416cc0 f   tex0.obj
 0001:00015d20       _round_decimals_           00416d20 f   tex0.obj
 0001:00015d70       _runaway                   00416d70 f   tex0.obj
 0001:00015e70       _short_display_            00416e70 f   tex0.obj
 0001:00016010       _show_node_list_           00417010 f   tex0.obj
 0001:00016d50       _show_token_list_          00417d50 f   tex0.obj
 0001:00016f90       _slow_print_               00417f90 f   tex0.obj
 0001:00017170       _sprint_cs_                00418170 f   tex0.obj
 0001:00017240       _str_eq_buf_               00418240 f   tex0.obj
 0001:00017290       _str_eq_str_               00418290 f   tex0.obj
 0001:000172f0       _succumb                   004182f0 f   tex0.obj
 0001:00017330       _term_input                00418330 f   tex0.obj
 0001:000173d0       _tex_help                  004183d0 f   tex0.obj
 0001:00017410       _x_over_n_                 00418410 f   tex0.obj
 0001:00017480       _xn_over_d_                00418480 f   tex0.obj
 0001:00017510       _begin_diagnostic          00418510 f   tex1.obj
 0001:00017550       _copy_node_list_           00418550 f   tex1.obj
 0001:00017890       _delete_glue_ref_          00418890 f   tex1.obj
 0001:000178c0       _delete_token_ref_         004188c0 f   tex1.obj
 0001:000178f0       _end_diagnostic_           004188f0 f   tex1.obj
 0001:00017920       _eq_define_                00418920 f   tex1.obj
 0001:00017990       _eq_destroy_               00418990 f   tex1.obj
 0001:00017a40       _eq_save_                  00418a40 f   tex1.obj
 0001:00017b30       _eq_word_define_           00418b30 f   tex1.obj
 0001:00017b70       _flush_node_list_          00418b70 f   tex1.obj
 0001:00017ea0       _geq_define_               00418ea0 f   tex1.obj
 0001:00017ef0       _geq_word_define_          00418ef0 f   tex1.obj
 0001:00017f20       _id_lookup_                00418f20 f   tex1.obj
 0001:00018170       _new_save_level_           00419170 f   tex1.obj
 0001:00018250       _pop_nest                  00419250 f   tex1.obj
 0001:000182d0       _print_cmd_chr_            004192d0 f   tex1.obj
 0001:00019880       _print_length_param_       0041a880 f   tex1.obj
 0001:00019a10       _print_mode_               0041aa10 f   tex1.obj
 0001:00019b10       _print_param_              0041ab10 f   tex1.obj
 0001:00019ee0       _push_nest                 0041aee0 f   tex1.obj
 0001:00019fb0       _save_for_after_           0041afb0 f   tex1.obj
 0001:0001a060       _show_activities           0041b060 f   tex1.obj
 0001:0001a540       _show_box_                 0041b540 f   tex1.obj
 0001:0001a5c0       _show_eqtb_                0041b5c0 f   tex1.obj
 0001:0001aa20       _back_error                0041ba20 f   tex2.obj
 0001:0001aa40       _back_input                0041ba40 f   tex2.obj
 0001:0001ac40       _begin_file_reading        0041bc40 f   tex2.obj
 0001:0001ad70       _begin_token_list_         0041bd70 f   tex2.obj
 0001:0001af30       _check_outer_validity      0041bf30 f   tex2.obj
 0001:0001b1a0       _clear_for_error_prompt    0041c1a0 f   tex2.obj
 0001:0001b250       _end_file_reading          0041c250 f   tex2.obj
 0001:0001b2d0       _end_token_list            0041c2d0 f   tex2.obj
 0001:0001b3c0       _expand                    0041c3c0 f   tex2.obj
 0001:0001b840       _find_font_dimen_          0041c840 f   tex2.obj
 0001:0001b9c0       _firm_up_the_line          0041c9c0 f   tex2.obj
 0001:0001ba90       _get_next                  0041ca90 f   tex2.obj
 0001:0001c3d0       _get_token                 0041d3d0 f   tex2.obj
 0001:0001c420       _get_x_token               0041d420 f   tex2.obj
 0001:0001c490       _ins_error                 0041d490 f   tex2.obj
 0001:0001c4c0       _insert_relax              0041d4c0 f   tex2.obj
 0001:0001c4f0       _macro_call                0041d4f0 f   tex2.obj
 0001:0001cce0       _mu_error                  0041dce0 f   tex2.obj
 0001:0001cd00       _prepare_mag               0041dd00 f   tex2.obj
 0001:0001cdc0       _print_meaning             0041ddc0 f   tex2.obj
 0001:0001ce40       _scan_char_num             0041de40 f   tex2.obj
 0001:0001ce90       _scan_eight_bit_int        0041de90 f   tex2.obj
 0001:0001cee0       _scan_fifteen_bit_int      0041dee0 f   tex2.obj
 0001:0001cf30       _scan_font_ident           0041df30 f   tex2.obj
 0001:0001cfd0       _scan_four_bit_int         0041dfd0 f   tex2.obj
 0001:0001d020       _scan_keyword_             0041e020 f   tex2.obj
 0001:0001d0f0       _scan_left_brace           0041e0f0 f   tex2.obj
 0001:0001d1e0       _scan_optional_equals      0041e1e0 f   tex2.obj
 0001:0001d200       _scan_something_internal_  0041e200 f   tex2.obj
 0001:0001d820       _scan_twenty_seven_bit_int 0041e820 f   tex2.obj
 0001:0001d870       _show_context              0041e870 f   tex2.obj
 0001:0001ddd0       _show_cur_cmd_chr          0041edd0 f   tex2.obj
 0001:0001de40       _token_show_               0041ee40 f   tex2.obj
 0001:0001de60       _unsave                    0041ee60 f   tex2.obj
 0001:0001e070       _x_token                   0041f070 f   tex2.obj
 0001:0001e0c0       _change_if_limit_          0041f0c0 f   tex3.obj
 0001:0001e110       _conditional               0041f110 f   tex3.obj
 0001:0001e730       _conv_toks                 0041f730 f   tex3.obj
 0001:0001e8c0       _end_name                  0041f8c0 f   tex3.obj
 0001:0001eae0       _find_string               0041fae0 f   tex3.obj
 0001:0001ec80       _ins_the_toks              0041fc80 f   tex3.obj
 0001:0001ecb0       _jobnameappend             0041fcb0 f   tex3.obj
 0001:0001ee40       _make_name_string          0041fe40 f   tex3.obj
 0001:0001ef20       _more_name_                0041ff20 f   tex3.obj
 0001:0001f020       _open_log_file             00420020 f   tex3.obj
 0001:0001f3c0       _pack_buffered_name_       004203c0 f   tex3.obj
 0001:0001f4d0       _pack_file_name_           004204d0 f   tex3.obj
 0001:0001f610       _pack_job_name_            00420610 f   tex3.obj
 0001:0001f640       _pass_text                 00420640 f   tex3.obj
 0001:0001f6a0       _prompt_file_name_         004206a0 f   tex3.obj
 0001:0001f870       _read_font_info_           00420870 f   tex3.obj
 0001:00020a30       _read_toks_                00421a30 f   tex3.obj
 0001:00020cd0       _remove_string             00421cd0 f   tex3.obj
 0001:00020d80       _scan_dimen_               00421d80 f   tex3.obj
 0001:00021470       _scan_file_name            00422470 f   tex3.obj
 0001:00021530       _scan_glue_                00422530 f   tex3.obj
 0001:00021690       _scan_int                  00422690 f   tex3.obj
 0001:00021900       _scan_rule_spec            00422900 f   tex3.obj
 0001:000219e0       _scan_toks_                004229e0 f   tex3.obj
 0001:00021d20       _show_tex_fonts            00422d20 f   tex3.obj
 0001:00021df0       _show_tex_inputs           00422df0 f   tex3.obj
 0001:00021eb0       _start_input               00422eb0 f   tex3.obj
 0001:00022150       _str_toks_                 00423150 f   tex3.obj
 0001:00022250       _the_toks                  00423250 f   tex3.obj
 0001:00022400       _b_make_name_string_       00423400 f   tex3.obj
 0001:00022400       _w_make_name_string_       00423400 f   tex3.obj
 0001:00022410       _append_to_vlist_          00423410 f   tex4.obj
 0001:000224a0       _char_box_                 004234a0 f   tex4.obj
 0001:00022580       _char_warning_             00423580 f   tex4.obj
 0001:000226e0       _dvi_font_def_             004236e0 f   tex4.obj
 0001:000228e0       _dvi_four_                 004238e0 f   tex4.obj
 0001:00022940       _dvi_swap                  00423940 f   tex4.obj
 0001:00022a50       _fraction_rule_            00423a50 f   tex4.obj
 0001:00022a90       _hlist_out                 00423a90 f   tex4.obj
 0001:00023280       _hpack_                    00424280 f   tex4.obj
 0001:000239d0       _new_character_            004249d0 f   tex4.obj
 0001:00023a30       _new_choice                00424a30 f   tex4.obj
 0001:00023a90       _new_noad                  00424a90 f   tex4.obj
 0001:00023b20       _new_style_                00424b20 f   tex4.obj
 0001:00023b70       _out_what_                 00424b70 f   tex4.obj
 0001:00023ca0       _overbar_                  00424ca0 f   tex4.obj
 0001:00023d10       _prune_movements_          00424d10 f   tex4.obj
 0001:00023d90       _scan_spec_                00424d90 f   tex4.obj
 0001:00023e70       _ship_out_                 00424e70 f   tex4.obj
 0001:00024370       _show_info                 00425370 f   tex4.obj
 0001:00024390       _special_out_              00425390 f   tex4.obj
 0001:00024540       _var_delimiter_            00425540 f   tex4.obj
 0001:00024ae0       _vlist_out                 00425ae0 f   tex4.obj
 0001:00025150       _vpackage_                 00426150 f   tex4.obj
 0001:00025670       _write_out_                00426670 f   tex4.obj
 0001:000257d0       _zmovement                 004267d0 f   tex4.obj
 0001:00025b20       _clean_box_                00426b20 f   tex5.obj
 0001:00025c90       _fetch_                    00426c90 f   tex5.obj
 0001:00025db0       _fin_align                 00426db0 f   tex5.obj
 0001:00026850       _fin_col                   00427850 f   tex5.obj
 0001:00026f10       _fin_row                   00427f10 f   tex5.obj
 0001:00026ff0       _flush_math                00427ff0 f   tex5.obj
 0001:00027040       _get_preamble_token        00428040 f   tex5.obj
 0001:000270f0       _init_align                004280f0 f   tex5.obj
 0001:000274b0       _init_col                  004284b0 f   tex5.obj
 0001:00027500       _init_row                  00428500 f   tex5.obj
 0001:000275e0       _init_span_                004285e0 f   tex5.obj
 0001:00027620       _make_fraction_            00428620 f   tex5.obj
 0001:00027a20       _make_left_right_          00428a20 f   tex5.obj
 0001:00027ad0       _make_math_accent_         00428ad0 f   tex5.obj
 0001:00027e90       _make_op_                  00428e90 f   tex5.obj
 0001:00028510       _make_ord_                 00429510 f   tex5.obj
 0001:00028820       _make_over_                00429820 f   tex5.obj
 0001:00028890       _make_radical_             00429890 f   tex5.obj
 0001:000289e0       _make_scripts_             004299e0 f   tex5.obj
 0001:00029020       _make_under_               0042a020 f   tex5.obj
 0001:00029110       _make_vcenter_             0042a110 f   tex5.obj
 0001:00029180       _math_glue_                0042a180 f   tex5.obj
 0001:000292c0       _math_kern_                0042a2c0 f   tex5.obj
 0001:00029350       _mlist_to_hlist            0042a350 f   tex5.obj
 0001:00029ce0       _pop_alignment             0042ace0 f   tex5.obj
 0001:00029d70       _push_alignment            0042ad70 f   tex5.obj
 0001:00029e10       _rebox_                    0042ae10 f   tex5.obj
 0001:00029f10       _align_peek                0042af10 f   tex6.obj
 0001:00029f80       _box_error_                0042af80 f   tex6.obj
 0001:00029fd0       _ensure_vbox_              0042afd0 f   tex6.obj
 0001:0002a020       _finite_shrink_            0042b020 f   tex6.obj
 0001:0002a090       _fire_up_                  0042b090 f   tex6.obj
 0001:0002a860       _freeze_page_specs_        0042b860 f   tex6.obj
 0001:0002a920       _hyphenate                 0042b920 f   tex6.obj
 0001:0002b1f0       _new_hyph_exceptions       0042c1f0 f   tex6.obj
 0001:0002b580       _post_line_break_          0042c580 f   tex6.obj
 0001:0002b990       _print_totals              0042c990 f   tex6.obj
 0001:0002ba70       _prune_page_top_           0042ca70 f   tex6.obj
 0001:0002bb90       _reconstitute_             0042cb90 f   tex6.obj
 0001:0002c300       _try_break_                0042d300 f   tex6.obj
 0001:0002d1d0       _vert_break_               0042e1d0 f   tex6.obj
 0001:0002d4a0       _vsplit_                   0042e4a0 f   tex6.obj
 0001:0002d630       _align_error               0042e630 f   tex7.obj
 0001:0002d730       _app_space                 0042e730 f   tex7.obj
 0001:0002d8e0       _append_choices            0042e8e0 f   tex7.obj
 0001:0002d950       _append_discretionary      0042e950 f   tex7.obj
 0001:0002da00       _append_glue               0042ea00 f   tex7.obj
 0001:0002dad0       _append_italic_correction  0042ead0 f   tex7.obj
 0001:0002db60       _append_kern               0042eb60 f   tex7.obj
 0001:0002dbc0       _append_penalty            0042ebc0 f   tex7.obj
 0001:0002dc10       _begin_box_                0042ec10 f   tex7.obj
 0001:0002def0       _begin_insert_or_adjust    0042eef0 f   tex7.obj
 0001:0002dfb0       _box_end_                  0042efb0 f   tex7.obj
 0001:0002e1a0       _build_choices             0042f1a0 f   tex7.obj
 0001:0002e2b0       _build_discretionary       0042f2b0 f   tex7.obj
 0001:0002e4a0       _build_page                0042f4a0 f   tex7.obj
 0001:0002ee20       _cs_error                  0042fe20 f   tex7.obj
 0001:0002ee50       _delete_last               0042fe50 f   tex7.obj
 0001:0002ef50       _do_endv                   0042ff50 f   tex7.obj
 0001:0002efb0       _end_graf                  0042ffb0 f   tex7.obj
 0001:0002f000       _extra_right_brace         00430000 f   tex7.obj
 0001:0002f070       _fin_mlist_                00430070 f   tex7.obj
 0001:0002f140       _head_for_vmode            00430140 f   tex7.obj
 0001:0002f1b0       _indent_in_hmode           004301b0 f   tex7.obj
 0001:0002f230       _init_math                 00430230 f   tex7.obj
 0001:0002f590       _insert_dollar_sign        00430590 f   tex7.obj
 0001:0002f5d0       _its_all_over              004305d0 f   tex7.obj
 0001:0002f6b0       _make_accent               004306b0 f   tex7.obj
 0001:0002f8e0       _make_mark                 004308e0 f   tex7.obj
 0001:0002f940       _math_ac                   00430940 f   tex7.obj
 0001:0002faf0       _math_limit_switch         00430af0 f   tex7.obj
 0001:0002fb40       _math_radical              00430b40 f   tex7.obj
 0001:0002fc30       _new_graf_                 00430c30 f   tex7.obj
 0001:0002fd60       _noalign_error             00430d60 f   tex7.obj
 0001:0002fd90       _norm_min_                 00430d90 f   tex7.obj
 0001:0002fdb0       _normal_paragraph          00430db0 f   tex7.obj
 0001:0002fe20       _off_save                  00430e20 f   tex7.obj
 0001:0002ff50       _omit_error                00430f50 f   tex7.obj
 0001:0002ff90       _package_                  00430f90 f   tex7.obj
 0001:00030060       _privileged                00431060 f   tex7.obj
 0001:00030080       _push_math_                00431080 f   tex7.obj
 0001:000300a0       _report_illegal_case       004310a0 f   tex7.obj
 0001:00030100       _scan_box_                 00431100 f   tex7.obj
 0001:00030170       _scan_delimiter_           00431170 f   tex7.obj
 0001:000302c0       _scan_math_                004312c0 f   tex7.obj
 0001:000304a0       _set_math_char_            004314a0 f   tex7.obj
 0001:000305a0       _start_eq_no               004315a0 f   tex7.obj
 0001:00030600       _sub_sup                   00431600 f   tex7.obj
 0001:000306b0       _unpackage                 004316b0 f   tex7.obj
 0001:000307a0       _you_cant                  004317a0 f   tex7.obj
 0001:000307e0       _after_math                004317e0 f   tex8.obj
 0001:00030ee0       _alter_aux                 00431ee0 f   tex8.obj
 0001:00030f70       _alter_box_dimen           00431f70 f   tex8.obj
 0001:00030fc0       _alter_integer             00431fc0 f   tex8.obj
 0001:00030ff0       _alter_page_so_far         00431ff0 f   tex8.obj
 0001:00031020       _alter_prev_graf           00432020 f   tex8.obj
 0001:00031120       _do_assignments            00432120 f   tex8.obj
 0001:00031160       _do_extension              00432160 f   tex8.obj
 0001:00031360       _do_register_command_      00432360 f   tex8.obj
 0001:000317c0       _fix_language              004327c0 f   tex8.obj
 0001:00031880       _get_r_token               00432880 f   tex8.obj
 0001:000318f0       _handle_right_brace        004328f0 f   tex8.obj
 0001:00031ef0       _issue_message             00432ef0 f   tex8.obj
 0001:00032090       _main_control              00433090 f   tex8.obj
 0001:00033480       _math_fraction             00434480 f   tex8.obj
 0001:00033680       _math_left_right           00434680 f   tex8.obj
 0001:00033790       _new_font_                 00434790 f   tex8.obj
 0001:00033c20       _new_interaction           00434c20 f   tex8.obj
 0001:00033c60       _new_whatsit_              00434c60 f   tex8.obj
 0001:00033cb0       _new_write_whatsit_        00434cb0 f   tex8.obj
 0001:00033d70       _open_or_close_in          00434d70 f   tex8.obj
 0001:00033ee0       _resume_after_display      00434ee0 f   tex8.obj
 0001:00033fb0       _shift_case                00434fb0 f   tex8.obj
 0001:00034070       _show_whatever             00435070 f   tex8.obj
 0001:00034200       _trap_zero_glue            00435200 f   tex8.obj
 0001:00034240       _close_files_and_terminate 00435240 f   tex9.obj
 0001:00034e30       _give_err_help             00435e30 f   tex9.obj
 0001:00034e50       _open_fmt_file             00435e50 f   tex9.obj
 0001:00035130       _print_char_string         00436130 f   tex9.obj
 0001:00035156       ___initstdio               00436156 f   LIBCMT:_file.obj
 0001:000351c9       ___endstdio                004361c9 f   LIBCMT:_file.obj
 0001:000351f0       ___iob_func                004361f0 f   LIBCMT:_file.obj
 0001:000351f6       __lock_file                004361f6 f   LIBCMT:_file.obj
 0001:00035235       __lock_file2               00436235 f   LIBCMT:_file.obj
 0001:00035265       __unlock_file              00436265 f   LIBCMT:_file.obj
 0001:0003529f       __unlock_file2             0043629f f   LIBCMT:_file.obj
 0001:000352cc       __fclose_nolock            004362cc f   LIBCMT:fclose.obj
 0001:00035338       _fclose                    00436338 f   LIBCMT:fclose.obj
 0001:000353af       __fflush_nolock            004363af f   LIBCMT:fflush.obj
 0001:000353f5       __flush                    004363f5 f   LIBCMT:fflush.obj
 0001:00035459       __flushall                 00436459 f   LIBCMT:fflush.obj
 0001:00035462       _fflush                    00436462 f   LIBCMT:fflush.obj
 0001:0003559b       _fprintf                   0043659b f   LIBCMT:fprintf.obj
 0001:000356ad       _fputs                     004366ad f   LIBCMT:fputs.obj
 0001:000357b3       __fread_nolock_s           004367b3 f   LIBCMT:fread.obj
 0001:00035976       _fread                     00436976 f   LIBCMT:fread.obj
 0001:00035991       _fread_s                   00436991 f   LIBCMT:fread.obj
 0001:00035a22       __fwrite_nolock            00436a22 f   LIBCMT:fwrite.obj
 0001:00035b79       _fwrite                    00436b79 f   LIBCMT:fwrite.obj
 0001:00035bf7       _getc                      00436bf7 f   LIBCMT:fgetc.obj
 0001:00035cf0       __ungetc_nolock            00436cf0 f   LIBCMT:ungetc.obj
 0001:00035dd0       _ungetc                    00436dd0 f   LIBCMT:ungetc.obj
 0001:00035e3c       _sprintf                   00436e3c f   LIBCMT:sprintf.obj
 0001:00035ebe       ___doserrno                00436ebe f   LIBCMT:dosmap.obj
 0001:00035ed1       __dosmaperr                00436ed1 f   LIBCMT:dosmap.obj
 0001:00035ef2       __errno                    00436ef2 f   LIBCMT:dosmap.obj
 0001:00035f05       __get_errno_from_oserr     00436f05 f   LIBCMT:dosmap.obj
 0001:00035f46       ___copy_path_to_wide_string 00436f46 f   LIBCMT:crt0dat.obj
 0001:00035ff7       ___crtCorExitProcess       00436ff7 f   LIBCMT:crt0dat.obj
 0001:00036029       ___crtExitProcess          00437029 f   LIBCMT:crt0dat.obj
 0001:0003603f       __amsg_exit                0043703f f   LIBCMT:crt0dat.obj
 0001:0003605b       __c_exit                   0043705b f   LIBCMT:crt0dat.obj
 0001:0003606a       __cexit                    0043706a f   LIBCMT:crt0dat.obj
 0001:00036079       __cinit                    00437079 f   LIBCMT:crt0dat.obj
 0001:0003610a       __exit                     0043710a f   LIBCMT:crt0dat.obj
 0001:0003611e       __init_pointers            0043711e f   LIBCMT:crt0dat.obj
 0001:00036172       __initterm_e               00437172 f   LIBCMT:crt0dat.obj
 0001:00036194       __lockexit                 00437194 f   LIBCMT:crt0dat.obj
 0001:0003619d       __unlockexit               0043719d f   LIBCMT:crt0dat.obj
 0001:000362d5       _exit                      004372d5 f   LIBCMT:crt0dat.obj
 0001:000362e9       _system                    004372e9 f   LIBCMT:system.obj
 0001:000363d0       _strchr                    004373d0 f   LIBCMT:strchr.obj
 0001:0003643e       ___from_strstr_to_strchr   0043743e     LIBCMT:strchr.obj
 0001:00036500       _strrchr                   00437500 f   LIBCMT:strrchr.obj
 0001:00036637       ??0_LocaleUpdate@@QAE@PAUlocaleinfo_struct@@@Z 00437637 f i LIBCMT:_ctype.obj
 0001:000366bf       __isalpha_l                004376bf f i LIBCMT:_ctype.obj
 0001:00036715       __isdigit_l                00437715 f i LIBCMT:_ctype.obj
 0001:00036765       __isspace_l                00437765 f i LIBCMT:_ctype.obj
 0001:000367b5       __isxdigit_l               004377b5 f i LIBCMT:_ctype.obj
 0001:0003680b       _isalpha                   0043780b f i LIBCMT:_ctype.obj
 0001:00036838       _isdigit                   00437838 f i LIBCMT:_ctype.obj
 0001:00036863       _isspace                   00437863 f i LIBCMT:_ctype.obj
 0001:0003688e       _isxdigit                  0043788e f i LIBCMT:_ctype.obj
 0001:000368bb       __localtime64              004378bb f   LIBCMT:loctim64.obj
 0001:000368e0       __localtime64_s            004378e0 f   LIBCMT:loctim64.obj
 0001:00036b58       __time64                   00437b58 f   LIBCMT:time64.obj
 0001:00036ba7       ___get_sigabrt             00437ba7 f   LIBCMT:winsig.obj
 0001:00036bb4       __initp_misc_winsig        00437bb4 f   LIBCMT:winsig.obj
 0001:00036c69       _raise                     00437c69 f   LIBCMT:winsig.obj
 0001:00036e5a       _signal                    00437e5a f   LIBCMT:winsig.obj
 0001:000370ac       @__security_check_cookie@4 004380ac f   LIBCMT:secchk.obj
 0001:000370c0       __setjmp3                  004380c0 f   LIBCMT:setjmp3.obj
 0001:0003713b       ___raise_securityfailure   0043813b f   LIBCMT:gs_report.obj
 0001:00037178       ___report_gsfailure        00438178 f   LIBCMT:gs_report.obj
 0001:00037271       ___report_rangecheckfailure 00438271 f   LIBCMT:gs_report.obj
 0001:0003727d       ___report_securityfailure  0043827d f   LIBCMT:gs_report.obj
 0001:0003734b       _feof                      0043834b f   LIBCMT:feoferr.obj
 0001:00037371       _ferror                    00438371 f   LIBCMT:feoferr.obj
 0001:00037397       _putc                      00438397 f   LIBCMT:fputc.obj
 0001:00037498       ___inittime                00438498 f   LIBCMT:clock.obj
 0001:000374c1       _clock                     004384c1 f   LIBCMT:clock.obj
 0001:00037500       _memset                    00438500 f   LIBCMT:memset.obj
 0001:00037590       __getcwd                   00438590 f   LIBCMT:getcwd.obj
 0001:000375a5       __getdcwd                  004385a5 f   LIBCMT:getcwd.obj
 0001:000376bf       __validdrive               004386bf f   LIBCMT:getcwd.obj
 0001:00037739       __fsopen                   00438739 f   LIBCMT:fopen.obj
 0001:000377fd       _fopen                     004387fd f   LIBCMT:fopen.obj
 0001:00037820       _memmove                   00438820 f   LIBCMT:memmove.obj
 0001:00037e70       _strncpy                   00438e70 f   LIBCMT:strncpy.obj
 0001:00037fa0       _strstr                    00438fa0 f   LIBCMT:strstr.obj
 0001:00038203       _sscanf                    00439203 f   LIBCMT:sscanf.obj
 0001:00038292       _abort                     00439292 f   LIBCMT:abort.obj
 0001:000382d5       __dupenv_s                 004392d5 f   LIBCMT:getenv.obj
 0001:000383a9       __getenv_helper_nolock     004393a9 f   LIBCMT:getenv.obj
 0001:0003842d       _getenv                    0043942d f   LIBCMT:getenv.obj
 0001:000384a9       _calloc                    004394a9 f   LIBCMT:calloc.obj
 0001:000384e7       _free                      004394e7 f   LIBCMT:free.obj
 0001:0003851f       _malloc                    0043951f f   LIBCMT:malloc.obj
 0001:000385b1       _realloc                   004395b1 f   LIBCMT:realloc.obj
 0001:00038660       _strncmp                   00439660 f   LIBCMT:strncmp.obj
 0001:000386d8       _strtok                    004396d8 f   LIBCMT:strtok.obj
 0001:0003879d       __access                   0043979d f   LIBCMT:access.obj
 0001:000387b3       __access_s                 004397b3 f   LIBCMT:access.obj
 0001:000387fb       __findclose                004397fb f   LIBCMT:findfile.obj
 0001:0003881f       ___time64_t_from_ft        0043981f f   LIBCMT:findfi32.obj
 0001:0003889b       __findfirst64i32           0043989b f   LIBCMT:findfi32.obj
 0001:000389c0       __findnext64i32            004399c0 f   LIBCMT:findfi32.obj
 0001:00038ad5       __tolower_l                00439ad5 f   LIBCMT:tolower.obj
 0001:00038c16       _tolower                   00439c16 f   LIBCMT:tolower.obj
 0001:00038c50       __alloca_probe_16          00439c50 f   LIBCMT:alloca16.obj
 0001:00038c66       __alloca_probe_8           00439c66     LIBCMT:alloca16.obj
 0001:00038c80       _memcpy                    00439c80 f   LIBCMT:memcpy.obj
 0001:000392c4       __fpmath                   0043a2c4 f   LIBCMT:fpinit.obj
 0001:000392db       __cfltcvt_init             0043a2db f   LIBCMT:fpinit.obj
 0001:0003933b       _fgets                     0043a33b f   LIBCMT:fgets.obj
 0001:0003947a       _atoi                      0043a47a f   LIBCMT:atox.obj
 0001:00039483       _atol                      0043a483 f   LIBCMT:atox.obj
 0001:000394a0       _qsort                     0043a4a0 f   LIBCMT:qsort.obj
 0001:000399f0       _strtol                    0043a9f0 f   LIBCMT:strtol.obj
 0001:00039a1a       __searchenv                0043aa1a f   LIBCMT:searchen.obj
 0001:00039a35       __searchenv_s              0043aa35 f   LIBCMT:searchen.obj
 0001:00039da3       __get_sys_err_msg          0043ada3 f i LIBCMT:strerror.obj
 0001:00039dc9       _strerror                  0043adc9 f   LIBCMT:strerror.obj
 0001:00039e31       __strnicmp                 0043ae31 f   LIBCMT:strnicmp.obj
 0001:00039e9c       __strnicmp_l               0043ae9c f   LIBCMT:strnicmp.obj
 0001:00039f4b       __expand                   0043af4b f   LIBCMT:expand.obj
 0001:0003a004       __msize                    0043b004 f   LIBCMT:msize.obj
 0001:0003a035       __freea                    0043b035 f i LIBCMT:getch.obj
 0001:0003a053       __getch                    0043b053 f   LIBCMT:getch.obj
 0001:0003a095       __getch_nolock             0043b095 f   LIBCMT:getch.obj
 0001:0003a170       __getextendedkeycode       0043b170 f   LIBCMT:getch.obj
 0001:0003a398       _mainCRTStartup            0043b398 f   LIBCMT:crt0.obj
 0001:0003a3a2       __fcloseall                0043b3a2 f   LIBCMT:closeall.obj
 0001:0003a3a2       _fcloseall                 0043b3a2 f   LIBCMT:closeall.obj
 0001:0003a43f       __lock                     0043b43f f   LIBCMT:mlock.obj
 0001:0003a473       __mtdeletelocks            0043b473 f   LIBCMT:mlock.obj
 0001:0003a4c7       __mtinitlocknum            0043b4c7 f   LIBCMT:mlock.obj
 0001:0003a56e       __mtinitlocks              0043b56e f   LIBCMT:mlock.obj
 0001:0003a5a3       __unlock                   0043b5a3 f   LIBCMT:mlock.obj
 0001:0003a5b8       __calloc_crt               0043b5b8 f   LIBCMT:crtheap.obj
 0001:0003a602       __malloc_crt               0043b602 f   LIBCMT:crtheap.obj
 0001:0003a64b       __realloc_crt              0043b64b f   LIBCMT:crtheap.obj
 0001:0003a697       __recalloc_crt             0043b697 f   LIBCMT:crtheap.obj
 0001:0003a6e7       __call_reportfault         0043b6e7 f   LIBCMT:invarg.obj
 0001:0003a80a       __initp_misc_invarg        0043b80a f   LIBCMT:invarg.obj
 0001:0003a817       __invalid_parameter        0043b817 f   LIBCMT:invarg.obj
 0001:0003a842       __invalid_parameter_noinfo 0043b842 f   LIBCMT:invarg.obj
 0001:0003a852       __invoke_watson            0043b852 f   LIBCMT:invarg.obj
 0001:0003a87d       __fileno                   0043b87d f   LIBCMT:fileno.obj
 0001:0003a8a1       __close                    0043b8a1 f   LIBCMT:close.obj
 0001:0003a96b       __close_nolock             0043b96b f   LIBCMT:close.obj
 0001:0003aa05       __freebuf                  0043ba05 f   LIBCMT:_freebuf.obj
 0001:0003aa40       __SEH_prolog4              0043ba40 f   LIBCMT:sehprolg4.obj
 0001:0003aa85       __SEH_epilog4              0043ba85 f   LIBCMT:sehprolg4.obj
 0001:0003aaa0       __except_handler4          0043baa0 f   LIBCMT:chandler4.obj
 0001:0003ac35       __commit                   0043bc35 f   LIBCMT:commit.obj
 0001:0003ad1b       __write                    0043bd1b f   LIBCMT:write.obj
 0001:0003adfd       __write_nolock             0043bdfd f   LIBCMT:write.obj
 0001:0003b627       __ftbuf                    0043c627 f   LIBCMT:_sftbuf.obj
 0001:0003b658       __stbuf                    0043c658 f   LIBCMT:_sftbuf.obj
 0001:0003b6fe       __output_l                 0043c6fe f   LIBCMT:output.obj
 0001:0003c370       __ioinit                   0043d370 f   LIBCMT:ioinit.obj
 0001:0003c620       _strlen                    0043d620 f   LIBCMT:strlen.obj
 0001:0003c6ab       __filbuf                   0043d6ab f   LIBCMT:_filbuf.obj
 0001:0003c7cc       _memcpy_s                  0043d7cc f   LIBCMT:memcpy_s.obj
 0001:0003c84b       __read                     0043d84b f   LIBCMT:read.obj
 0001:0003c953       __read_nolock              0043d953 f   LIBCMT:read.obj
 0001:0003d0e2       __flsbuf                   0043e0e2 f   LIBCMT:_flsbuf.obj
 0001:0003d22f       __getbuf                   0043e22f f   LIBCMT:_getbuf.obj
 0001:0003d275       __freefls@4                0043e275 f   LIBCMT:tidtable.obj
 0001:0003d3ac       __getptd                   0043e3ac f   LIBCMT:tidtable.obj
 0001:0003d3c4       __getptd_noexit            0043e3c4 f   LIBCMT:tidtable.obj
 0001:0003d433       __initptd                  0043e433 f   LIBCMT:tidtable.obj
 0001:0003d4e6       __mtinit                   0043e4e6 f   LIBCMT:tidtable.obj
 0001:0003d55c       __mtterm                   0043e55c f   LIBCMT:tidtable.obj
 0001:0003d579       __RTC_Initialize           0043e579 f   LIBCMT:initsect.obj
 0001:0003d599       __RTC_Terminate            0043e599 f   LIBCMT:initsect.obj
 0001:0003d5b9       ___crtFlsAlloc             0043e5b9 f   LIBCMT:winapisupp.obj
 0001:0003d5d7       ___crtFlsFree              0043e5d7 f   LIBCMT:winapisupp.obj
 0001:0003d5f6       ___crtFlsGetValue          0043e5f6 f   LIBCMT:winapisupp.obj
 0001:0003d615       ___crtFlsSetValue          0043e615 f   LIBCMT:winapisupp.obj
 0001:0003d637       ___crtIsPackagedApp        0043e637 f   LIBCMT:winapisupp.obj
 0001:0003d675       ___crtLoadWinApiPointers   0043e675 f   LIBCMT:winapisupp.obj
 0001:0003d8b4       ___crtSetUnhandledExceptionFilter 0043e8b4 f   LIBCMT:winapisupp.obj
 0001:0003d8c2       ___crtTerminateProcess     0043e8c2 f   LIBCMT:winapisupp.obj
 0001:0003d8d7       ___crtUnhandledException   0043e8d7 f   LIBCMT:winapisupp.obj
 0001:0003d8ed       __FF_MSGBANNER             0043e8ed f   LIBCMT:crt0msg.obj
 0001:0003d926       __GET_RTERRMSG             0043e926 f   LIBCMT:crt0msg.obj
 0001:0003d94a       __NMSG_WRITE               0043e94a f   LIBCMT:crt0msg.obj
 0001:0003db10       __FindPESection            0043eb10 f   LIBCMT:pesect.obj
 0001:0003db60       __IsNonwritableInCurrentImage 0043eb60 f   LIBCMT:pesect.obj
 0001:0003dc20       __ValidateImageBase        0043ec20 f   LIBCMT:pesect.obj
 0001:0003dc51       ___onexitinit              0043ec51 f   LIBCMT:onexit.obj
 0001:0003dc80       __onexit                   0043ec80 f   LIBCMT:onexit.obj
 0001:0003dd76       _atexit                    0043ed76 f   LIBCMT:onexit.obj
 0001:0003dd8b       __initp_misc_cfltcvt_tab   0043ed8b f   LIBCMT:cmiscdat.obj
 0001:0003ddaa       ?terminate@@YAXXZ          0043edaa f   LIBCMT:hooks.obj
 0001:0003ddde       __initp_eh_hooks           0043edde f   LIBCMT:hooks.obj
 0001:0003ddef       __callnewh                 0043edef f   LIBCMT:handler.obj
 0001:0003de15       __initp_heap_handler       0043ee15 f   LIBCMT:handler.obj
 0001:0003de22       __initp_misc_purevirt      0043ee22 f   LIBCMT:inithelp.obj
 0001:0003de2f       __initp_misc_rand_s        0043ee2f f   LIBCMT:rand_s.obj
 0001:0003de3c       ___initmbctable            0043ee3c f   LIBCMT:mbctype.obj
 0001:0003e0f7       ___updatetmbcinfo          0043f0f7 f   LIBCMT:mbctype.obj
 0001:0003e19c       __setmbcp                  0043f19c f   LIBCMT:mbctype.obj
 0001:0003e34a       __setmbcp_nolock           0043f34a f   LIBCMT:mbctype.obj
 0001:0003e53f       __spawnve                  0043f53f f   LIBCMT:spawnve.obj
 0001:0003e79a       __spawnvpe                 0043f79a f   LIBCMT:spawnvpe.obj
 0001:0003ea0a       ___isa_available_init      0043fa0a f   LIBCMT:cpu_disp.obj
 0001:0003eb43       ___addlocaleref            0043fb43 f   LIBCMT:localref.obj
 0001:0003ebd3       ___freetlocinfo            0043fbd3 f   LIBCMT:localref.obj
 0001:0003ed2d       ___removelocaleref         0043fd2d f   LIBCMT:localref.obj
 0001:0003edc8       ___updatetlocinfo          0043fdc8 f   LIBCMT:localref.obj
 0001:0003ee44       __updatetlocinfoEx_nolock  0043fe44 f   LIBCMT:localref.obj
 0001:0003ee8f       __isctype_l                0043fe8f f   LIBCMT:isctype.obj
 0001:0003ef3e       __locterm                  0043ff3e f   LIBCMT:wsetloca.obj
 0001:0003ef90       ___daylight                0043ff90 f   LIBCMT:timeset.obj
 0001:0003ef96       ___dstbias                 0043ff96 f   LIBCMT:timeset.obj
 0001:0003ef9c       ___timezone                0043ff9c f   LIBCMT:timeset.obj
 0001:0003efa2       ___tzname                  0043ffa2 f   LIBCMT:timeset.obj
 0001:0003efa8       __get_daylight             0043ffa8 f   LIBCMT:timeset.obj
 0001:0003efd2       __get_dstbias              0043ffd2 f   LIBCMT:timeset.obj
 0001:0003effc       __get_timezone             0043fffc f   LIBCMT:timeset.obj
 0001:0003f026       __gmtime64_s               00440026 f   LIBCMT:gmtime64.obj
 0001:0003f24f       ___tzset                   0044024f f   LIBCMT:tzset.obj
 0001:0003f29f       __isindst                  0044029f f   LIBCMT:tzset.obj
 0001:0003f9e7       ___getgmtimebuf            004409e7 f   LIBCMT:gmtime.obj
 0001:0003fa20       __alldiv                   00440a20 f   LIBCMT:lldiv.obj
 0001:0003fad0       __allrem                   00440ad0 f   LIBCMT:llrem.obj
 0001:0003fb90       __aulldiv                  00440b90 f   LIBCMT:ulldiv.obj
 0001:0003fbf8       __XcptFilter               00440bf8 f   LIBCMT:winxfltr.obj
 0001:0003fd60       __global_unwind2           00440d60 f   LIBCMT:exsup.obj
 0001:0003fdc5       __local_unwind2            00440dc5 f   LIBCMT:exsup.obj
 0001:0003fe49       __abnormal_termination     00440e49 f   LIBCMT:exsup.obj
 0001:0003fe6c       __NLG_Notify1              00440e6c f   LIBCMT:exsup.obj
 0001:0003fe75       __NLG_Notify               00440e75 f   LIBCMT:exsup.obj
 0001:0003fe8c       __NLG_Dispatch             00440e8c     LIBCMT:exsup.obj
 0001:0003fe8c       __NLG_Dispatch2            00440e8c     LIBCMT:exsup.obj
 0001:0003fe94       __NLG_Call                 00440e94 f   LIBCMT:exsup.obj
 0001:0003fe96       __NLG_Return2              00440e96     LIBCMT:exsup.obj
 0001:0003fe97       __crt_debugger_hook        00440e97 f   LIBCMT:dbghook.obj
 0001:0003fe9f       __VEC_memset               00440e9f f   LIBCMT:p4_memset.obj
 0001:0003ff67       __getdrive                 00440f67 f   LIBCMT:drive.obj
 0001:00040034       __getstream                00441034 f   LIBCMT:stream.obj
 0001:0004014c       __openfile                 0044114c f   LIBCMT:_open.obj
 0001:000403d0       __local_unwind4            004413d0 f   LIBCMT:exsup4.obj
 0001:000404a6       __seh_longjmp_unwind4@4    004414a6 f   LIBCMT:exsup4.obj
 0001:000404c2       @_EH4_CallFilterFunc@8     004414c2 f   LIBCMT:exsup4.obj
 0001:000404d9       @_EH4_TransferToHandler@8  004414d9 f   LIBCMT:exsup4.obj
 0001:000404f2       @_EH4_GlobalUnwind2@8      004414f2 f   LIBCMT:exsup4.obj
 0001:0004050b       @_EH4_LocalUnwind@16       0044150b f   LIBCMT:exsup4.obj
 0001:000405c4       __input_l                  004415c4 f   LIBCMT:input.obj
 0001:000416e0       _strcpy_s                  004426e0 f   LIBCMT:strcpy_s.obj
 0001:00041735       _strnlen                   00442735 f   LIBCMT:strlen_s.obj
 0001:00041750       ___wtomb_environ           00442750 f   LIBCMT:wtombenv.obj
 0001:000417dd       __mbsnbicoll               004427dd f   LIBCMT:mbsnbico.obj
 0001:000417f5       __mbsnbicoll_l             004427f5 f   LIBCMT:mbsnbico.obj
 0001:000418a9       __calloc_impl              004428a9 f   LIBCMT:calloc_impl.obj
 0001:00041923       __heap_init                00442923 f   LIBCMT:heapinit.obj
 0001:00041938       __waccess_s                00442938 f   LIBCMT:waccess.obj
 0001:000419d4       ___loctotime64_t           004429d4 f   LIBCMT:dtoxtm64.obj
 0001:00041c38       __isleadbyte_l             00442c38 f i LIBCMT:_wctype.obj
 0001:00041c6e       _isleadbyte                00442c6e f i LIBCMT:_wctype.obj
 0001:00041e68       ___crtLCMapStringA         00442e68 f   LIBCMT:a_map.obj
 0001:00041eb0       __chkstk                   00442eb0 f   LIBCMT:chkstk.obj
 0001:00041eb0       __alloca_probe             00442eb0     LIBCMT:chkstk.obj
 0001:00041edb       __cfltcvt                  00442edb f   LIBCMT:cvt.obj
 0001:00041efc       __cfltcvt_l                00442efc f   LIBCMT:cvt.obj
 0001:00041f82       __cftoa_l                  00442f82 f   LIBCMT:cvt.obj
 0001:000422dc       __cftoe                    004432dc f   LIBCMT:cvt.obj
 0001:00042449       __cftoe_l                  00443449 f   LIBCMT:cvt.obj
 0001:000425ff       __cftof_l                  004435ff f   LIBCMT:cvt.obj
 0001:000426be       __cftog_l                  004436be f   LIBCMT:cvt.obj
 0001:000427bb       __cropzeros                004437bb f   LIBCMT:cvt.obj
 0001:000427cc       __cropzeros_l              004437cc f   LIBCMT:cvt.obj
 0001:0004284a       __fassign                  0044384a f   LIBCMT:cvt.obj
 0001:00042862       __fassign_l                00443862 f   LIBCMT:cvt.obj
 0001:000428a2       __forcdecpt                004438a2 f   LIBCMT:cvt.obj
 0001:000428b3       __forcdecpt_l              004438b3 f   LIBCMT:cvt.obj
 0001:00042925       __positive                 00443925 f   LIBCMT:cvt.obj
 0001:00042967       __setdefaultprecision      00443967 f   LIBCMT:fp8.obj
 0001:0004298e       __fullpath                 0044398e f   LIBCMT:fullpath.obj
 0001:00042a87       __getpath                  00443a87 f   LIBCMT:getpath.obj
 0001:00042b12       ___ascii_stricmp           00443b12 f   LIBCMT:stricmp.obj
 0001:00042b4b       __strcmpi                  00443b4b f   LIBCMT:stricmp.obj
 0001:00042b4b       __stricmp                  00443b4b f   LIBCMT:stricmp.obj
 0001:00042b92       __stricmp_l                00443b92 f   LIBCMT:stricmp.obj
 0001:00042c25       ___sys_errlist             00443c25 f   LIBCMT:syserr.obj
 0001:00042c2b       ___sys_nerr                00443c2b f   LIBCMT:syserr.obj
 0001:00042c31       _strncpy_s                 00443c31 f   LIBCMT:strncpy_s.obj
 0001:00042ce0       ___ascii_strnicmp          00443ce0 f   LIBCMT:_strnicm.obj
 0001:00042d41       ___termconin               00443d41 f   LIBCMT:initconin.obj
 0001:00042d58       ___initconin               00443d58 f   LIBCMT:initconin.obj
 0001:00042d77       ?__CxxUnhandledExceptionFilter@@YGJPAU_EXCEPTION_POINTERS@@@Z 00443d77 f   LIBCMT:unhandld.obj
 0001:00042db8       ___CxxSetUnhandledExceptionFilter 00443db8 f   LIBCMT:unhandld.obj
 0001:00042dc6       __setargv                  00443dc6 f   LIBCMT:stdargv.obj
 0001:00042ff3       __setenvp                  00443ff3 f   LIBCMT:stdenvp.obj
 0001:000430d4       ___set_app_type            004440d4 f   LIBCMT:errmode.obj
 0001:000430e1       __set_error_mode           004440e1 f   LIBCMT:errmode.obj
 0001:00043121       ___security_init_cookie    00444121 f   LIBCMT:gs_support.obj
 0001:000431bb       ___crtGetEnvironmentStringsA 004441bb f   LIBCMT:a_env.obj
 0001:00043246       __recalloc                 00444246 f   LIBCMT:recalloc.obj
 0001:000432af       ___lock_fhandle            004442af f   LIBCMT:osfinfo.obj
 0001:0004333b       __alloc_osfhnd             0044433b f   LIBCMT:osfinfo.obj
 0001:000434e0       __free_osfhnd              004444e0 f   LIBCMT:osfinfo.obj
 0001:00043566       __get_osfhandle            00444566 f   LIBCMT:osfinfo.obj
 0001:000435cd       __set_osfhnd               004445cd f   LIBCMT:osfinfo.obj
 0001:0004364f       __unlock_fhandle           0044464f f   LIBCMT:osfinfo.obj
 0001:00043675       __isatty                   00444675 f   LIBCMT:isatty.obj
 0001:000436c9       __lseeki64                 004446c9 f   LIBCMT:lseeki64.obj
 0001:000437c5       __lseeki64_nolock          004447c5 f   LIBCMT:lseeki64.obj
 0001:00043836       __mbtowc_l                 00444836 f   LIBCMT:mbtowc.obj
 0001:00043929       _mbtowc                    00444929 f   LIBCMT:mbtowc.obj
 0001:00043941       __putwch_nolock            00444941 f   LIBCMT:putwch.obj
 0001:00043982       __get_printf_count_output  00444982 f   LIBCMT:printf.obj
 0001:00043997       __wctomb_s_l               00444997 f   LIBCMT:wctomb.obj
 0001:00043ab9       _wctomb_s                  00444ab9 f   LIBCMT:wctomb.obj
 0001:00043ae0       __aulldvrm                 00444ae0 f   LIBCMT:ulldvrm.obj
 0001:00043b75       _wcscat_s                  00444b75 f   LIBCMT:wcscat_s.obj
 0001:00043be1       _wcscpy_s                  00444be1 f   LIBCMT:wcscpy_s.obj
 0001:00043c3d       _wcslen                    00444c3d f   LIBCMT:wcslen.obj
 0001:00043c56       _wcsncpy_s                 00444c56 f   LIBCMT:wcsncpy_s.obj
 0001:00043d14       ___crtMessageBoxW          00444d14 f   LIBCMT:crtmboxw.obj
 0001:00043ef6       __fptrap                   00444ef6 f   LIBCMT:crt0fp.obj
 0001:00043eff       _GetTableIndexFromLocaleName 00444eff f   LIBCMT:winapinls.obj
 0001:00043f4d       ___crtCompareStringEx      00444f4d f   LIBCMT:winapinls.obj
 0001:00043f99       ___crtDownlevelLocaleNameToLCID 00444f99 f   LIBCMT:winapinls.obj
 0001:00043fc3       ___crtLCMapStringEx        00444fc3 f   LIBCMT:winapinls.obj
 0001:0004400f       ___wcsnicmp_ascii          0044500f f   LIBCMT:winapinls.obj
 0001:00044169       ___crtGetStringTypeA       00445169 f   LIBCMT:a_str.obj
 0001:000441a7       _strcat_s                  004451a7 f   LIBCMT:strcat_s.obj
 0001:0004420a       __dospawn                  0044520a f   LIBCMT:dospawn.obj
 0001:00044422       __cenvarg                  00445422 f   LIBCMT:cenvarg.obj
 0001:000447eb       __mbschr                   004457eb f   LIBCMT:mbschr.obj
 0001:00044800       __mbschr_l                 00445800 f   LIBCMT:mbschr.obj
 0001:0004489b       __mbsrchr                  0044589b f   LIBCMT:mbsrchr.obj
 0001:000448b0       __mbsrchr_l                004458b0 f   LIBCMT:mbsrchr.obj
 0001:0004493f       ___free_lconv_mon          0044593f f   LIBCMT:initmon.obj
 0001:00044a3b       ___free_lconv_num          00445a3b f   LIBCMT:initnum.obj
 0001:00044aa2       ___free_lc_time            00445aa2 f   LIBCMT:inittime.obj
 0001:00044e22       ____lc_codepage_func       00445e22 f   LIBCMT:initctyp.obj
 0001:00044e48       _wcsnlen                   00445e48 f   LIBCMT:wcslen_s.obj
 0001:00044e70       __allmul                   00445e70 f   LIBCMT:llmul.obj
 0001:00044eb0       _strcmp                    00445eb0 f   LIBCMT:strcmp.obj
 0001:00044f3c       __sopen_helper             00445f3c f   LIBCMT:open.obj
 0001:00045003       __sopen_nolock             00446003 f   LIBCMT:open.obj
 0001:0004504f       __sopen_s                  0044604f f   LIBCMT:open.obj
 0001:0004506d       __mbsnbcmp                 0044606d f   LIBCMT:mbsnbcmp.obj
 0001:00045085       __mbsnbcmp_l               00446085 f   LIBCMT:mbsnbcmp.obj
 0001:0004519a       __mbsnbicmp                0044619a f   LIBCMT:mbsnbicm.obj
 0001:000451b2       __mbsnbicmp_l              004461b2 f   LIBCMT:mbsnbicm.obj
 0001:0004536e       ___crtsetenv               0044636e f   LIBCMT:setenv.obj
 0001:0004566f       __strnicoll_l              0044666f f   LIBCMT:strnicol.obj
 0001:000459bd       ___crtCompareStringA       004469bd f   LIBCMT:a_cmp.obj
 0001:000459fe       __fptostr                  004469fe f   LIBCMT:_fptostr.obj
 0001:00045aae       __atodbl_l                 00446aae f   LIBCMT:atodbl.obj
 0001:00045b3a       __atoflt_l                 00446b3a f   LIBCMT:atodbl.obj
 0001:00045bc6       ___dtold                   00446bc6 f   LIBCMT:cfout.obj
 0001:00045c8c       __fltout2                  00446c8c f   LIBCMT:cfout.obj
 0001:00045d20       __alldvrm                  00446d20 f   LIBCMT:lldvrm.obj
 0001:00045e00       __aullshr                  00446e00 f   LIBCMT:ullshr.obj
 0001:00045e1f       __controlfp_s              00446e1f f   LIBCMT:contrlfp.obj
 0001:00045ed2       __ismbblead                00446ed2 f   LIBCMT:ismbbyte.obj
 0001:00045ee8       ___termconout              00446ee8 f   LIBCMT:initcon.obj
 0001:00045eff       ___initconout              00446eff f   LIBCMT:initcon.obj
 0001:00045f1e       __mbsnicmp                 00446f1e f   LIBCMT:mbsnicmp.obj
 0001:00045f36       __mbsnicmp_l               00446f36 f   LIBCMT:mbsnicmp.obj
 0001:000460cb       _wcschr                    004470cb f   LIBCMT:wcschr.obj
 0001:0004620a       __wsopen_nolock            0044720a f   LIBCMT:wopen.obj
 0001:0004695b       __strdup                   0044795b f   LIBCMT:strdup.obj
 0001:000469ab       __ld12tod                  004479ab f   LIBCMT:intrncvt.obj
 0001:00046f1b       __ld12tof                  00447f1b f   LIBCMT:intrncvt.obj
 0001:0004748b       ___strgtold12_l            0044848b f   LIBCMT:strgtold.obj
 0001:00047c07       _$I10_OUTPUT               00448c07 f   LIBCMT:x10fout.obj
 0001:00048674       __control87                00449674 f i LIBCMT:ieee87.obj
 0001:00048a0b       __chsize_nolock            00449a0b f   LIBCMT:chsize.obj
 0001:00048bbf       __get_fmode                00449bbf f   LIBCMT:setmode.obj
 0001:00048be9       __setmode_nolock           00449be9 f   LIBCMT:setmode.obj
 0001:00048cb6       ___mtold12                 00449cb6 f   LIBCMT:mantold.obj
 0001:00048e98       ___set_fpsr_sse2           00449e98 f   LIBCMT:fpctrl.obj
 0001:00048f0e       _IsProcessorFeaturePresent@4 00449f0e f   kernel32:KERNEL32.dll
 0001:00048f14       _RtlUnwind@16              00449f14 f   kernel32:KERNEL32.dll
 0001:00048f1a       __putenv                   00449f1a f   LIBCMT:putenv.obj
 0001:00048f1a       _putenv                    00449f1a f   LIBCMT:putenv.obj
 0001:0004916f       ___crtwsetenv              0044a16f f   LIBCMT:wsetenv.obj
 0001:0004949a       __wcsdup                   0044a49a f   LIBCMT:wcsdup.obj
 0001:000494ed       __wcsnicoll                0044a4ed f   LIBCMT:wcsnicol.obj
 0001:000495b7       __wcsnicoll_l              0044a5b7 f   LIBCMT:wcsnicol.obj
 0001:000496db       __wsetenvp                 0044a6db f   LIBCMT:wstdenvp.obj
 0001:000497bd       ___mbtow_environ           0044a7bd f   LIBCMT:mbtowenv.obj
 0001:00049838       ___crtGetEnvironmentStringsW 0044a838 f   LIBCMT:w_env.obj
 0001:00049893       ___crtCompareStringW       0044a893 f   LIBCMT:w_cmp.obj
 0002:00000000       __imp__EnterCriticalSection@4 0044b000     kernel32:KERNEL32.dll
 0002:00000004       __imp__LeaveCriticalSection@4 0044b004     kernel32:KERNEL32.dll
 0002:00000008       __imp__EncodePointer@4     0044b008     kernel32:KERNEL32.dll
 0002:0000000c       __imp__DecodePointer@4     0044b00c     kernel32:KERNEL32.dll
 0002:00000010       __imp__GetLastError@0      0044b010     kernel32:KERNEL32.dll
 0002:00000014       __imp__InterlockedDecrement@4 0044b014     kernel32:KERNEL32.dll
 0002:00000018       __imp__ExitProcess@4       0044b018     kernel32:KERNEL32.dll
 0002:0000001c       __imp__GetModuleHandleExW@12 0044b01c     kernel32:KERNEL32.dll
 0002:00000020       __imp__GetProcAddress@8    0044b020     kernel32:KERNEL32.dll
 0002:00000024       __imp__AreFileApisANSI@0   0044b024     kernel32:KERNEL32.dll
 0002:00000028       __imp__MultiByteToWideChar@24 0044b028     kernel32:KERNEL32.dll
 0002:0000002c       __imp__GetSystemTimeAsFileTime@4 0044b02c     kernel32:KERNEL32.dll
 0002:00000030       __imp__SetConsoleCtrlHandler@8 0044b030     kernel32:KERNEL32.dll
 0002:00000034       __imp__IsDebuggerPresent@0 0044b034     kernel32:KERNEL32.dll
 0002:00000038       __imp__IsProcessorFeaturePresent@4 0044b038     kernel32:KERNEL32.dll
 0002:0000003c       __imp__GetDriveTypeW@4     0044b03c     kernel32:KERNEL32.dll
 0002:00000040       __imp__GetFullPathNameA@16 0044b040     kernel32:KERNEL32.dll
 0002:00000044       __imp__HeapFree@12         0044b044     kernel32:KERNEL32.dll
 0002:00000048       __imp__HeapAlloc@12        0044b048     kernel32:KERNEL32.dll
 0002:0000004c       __imp__HeapReAlloc@16      0044b04c     kernel32:KERNEL32.dll
 0002:00000050       __imp__FindClose@4         0044b050     kernel32:KERNEL32.dll
 0002:00000054       __imp__FindFirstFileExA@24 0044b054     kernel32:KERNEL32.dll
 0002:00000058       __imp__FindNextFileA@8     0044b058     kernel32:KERNEL32.dll
 0002:0000005c       __imp__SystemTimeToTzSpecificLocalTime@12 0044b05c     kernel32:KERNEL32.dll
 0002:00000060       __imp__FileTimeToSystemTime@8 0044b060     kernel32:KERNEL32.dll
 0002:00000064       __imp__HeapSize@12         0044b064     kernel32:KERNEL32.dll
 0002:00000068       __imp__HeapQueryInformation@20 0044b068     kernel32:KERNEL32.dll
 0002:0000006c       __imp__GetConsoleMode@8    0044b06c     kernel32:KERNEL32.dll
 0002:00000070       __imp__ReadConsoleInputA@16 0044b070     kernel32:KERNEL32.dll
 0002:00000074       __imp__SetConsoleMode@8    0044b074     kernel32:KERNEL32.dll
 0002:00000078       __imp__GetCommandLineA@0   0044b078     kernel32:KERNEL32.dll
 0002:0000007c       __imp__DeleteCriticalSection@4 0044b07c     kernel32:KERNEL32.dll
 0002:00000080       __imp__InitializeCriticalSectionAndSpinCount@8 0044b080     kernel32:KERNEL32.dll
 0002:00000084       __imp__Sleep@4             0044b084     kernel32:KERNEL32.dll
 0002:00000088       __imp__CloseHandle@4       0044b088     kernel32:KERNEL32.dll
 0002:0000008c       __imp__FlushFileBuffers@4  0044b08c     kernel32:KERNEL32.dll
 0002:00000090       __imp__WriteFile@20        0044b090     kernel32:KERNEL32.dll
 0002:00000094       __imp__WideCharToMultiByte@32 0044b094     kernel32:KERNEL32.dll
 0002:00000098       __imp__GetConsoleCP@0      0044b098     kernel32:KERNEL32.dll
 0002:0000009c       __imp__GetStdHandle@4      0044b09c     kernel32:KERNEL32.dll
 0002:000000a0       __imp__GetFileType@4       0044b0a0     kernel32:KERNEL32.dll
 0002:000000a4       __imp__GetStartupInfoW@4   0044b0a4     kernel32:KERNEL32.dll
 0002:000000a8       __imp__ReadFile@20         0044b0a8     kernel32:KERNEL32.dll
 0002:000000ac       __imp__ReadConsoleW@20     0044b0ac     kernel32:KERNEL32.dll
 0002:000000b0       __imp__SetLastError@4      0044b0b0     kernel32:KERNEL32.dll
 0002:000000b4       __imp__InterlockedIncrement@4 0044b0b4     kernel32:KERNEL32.dll
 0002:000000b8       __imp__GetCurrentThreadId@0 0044b0b8     kernel32:KERNEL32.dll
 0002:000000bc       __imp__UnhandledExceptionFilter@4 0044b0bc     kernel32:KERNEL32.dll
 0002:000000c0       __imp__SetUnhandledExceptionFilter@4 0044b0c0     kernel32:KERNEL32.dll
 0002:000000c4       __imp__GetCurrentProcess@0 0044b0c4     kernel32:KERNEL32.dll
 0002:000000c8       __imp__TerminateProcess@8  0044b0c8     kernel32:KERNEL32.dll
 0002:000000cc       __imp__TlsAlloc@0          0044b0cc     kernel32:KERNEL32.dll
 0002:000000d0       __imp__TlsGetValue@4       0044b0d0     kernel32:KERNEL32.dll
 0002:000000d4       __imp__TlsSetValue@8       0044b0d4     kernel32:KERNEL32.dll
 0002:000000d8       __imp__TlsFree@4           0044b0d8     kernel32:KERNEL32.dll
 0002:000000dc       __imp__GetModuleHandleW@4  0044b0dc     kernel32:KERNEL32.dll
 0002:000000e0       __imp__GetModuleFileNameW@12 0044b0e0     kernel32:KERNEL32.dll
 0002:000000e4       __imp__LoadLibraryExW@12   0044b0e4     kernel32:KERNEL32.dll
 0002:000000e8       __imp__IsValidCodePage@4   0044b0e8     kernel32:KERNEL32.dll
 0002:000000ec       __imp__GetACP@0            0044b0ec     kernel32:KERNEL32.dll
 0002:000000f0       __imp__GetOEMCP@0          0044b0f0     kernel32:KERNEL32.dll
 0002:000000f4       __imp__GetCPInfo@8         0044b0f4     kernel32:KERNEL32.dll
 0002:000000f8       __imp__GetTimeZoneInformation@4 0044b0f8     kernel32:KERNEL32.dll
 0002:000000fc       __imp__RtlUnwind@16        0044b0fc     kernel32:KERNEL32.dll
 0002:00000100       __imp__GetCurrentDirectoryW@8 0044b100     kernel32:KERNEL32.dll
 0002:00000104       __imp__GetProcessHeap@0    0044b104     kernel32:KERNEL32.dll
 0002:00000108       __imp__GetFileAttributesExW@12 0044b108     kernel32:KERNEL32.dll
 0002:0000010c       __imp__CreateFileW@28      0044b10c     kernel32:KERNEL32.dll
 0002:00000110       __imp__GetModuleFileNameA@12 0044b110     kernel32:KERNEL32.dll
 0002:00000114       __imp__QueryPerformanceCounter@4 0044b114     kernel32:KERNEL32.dll
 0002:00000118       __imp__GetCurrentProcessId@0 0044b118     kernel32:KERNEL32.dll
 0002:0000011c       __imp__GetEnvironmentStringsW@0 0044b11c     kernel32:KERNEL32.dll
 0002:00000120       __imp__FreeEnvironmentStringsW@4 0044b120     kernel32:KERNEL32.dll
 0002:00000124       __imp__SetStdHandle@8      0044b124     kernel32:KERNEL32.dll
 0002:00000128       __imp__SetFilePointerEx@20 0044b128     kernel32:KERNEL32.dll
 0002:0000012c       __imp__WriteConsoleW@20    0044b12c     kernel32:KERNEL32.dll
 0002:00000130       __imp__OutputDebugStringW@4 0044b130     kernel32:KERNEL32.dll
 0002:00000134       __imp__LoadLibraryW@4      0044b134     kernel32:KERNEL32.dll
 0002:00000138       __imp__CompareStringW@24   0044b138     kernel32:KERNEL32.dll
 0002:0000013c       __imp__LCMapStringW@24     0044b13c     kernel32:KERNEL32.dll
 0002:00000140       __imp__GetStringTypeW@16   0044b140     kernel32:KERNEL32.dll
 0002:00000144       __imp__WaitForSingleObject@8 0044b144     kernel32:KERNEL32.dll
 0002:00000148       __imp__GetExitCodeProcess@8 0044b148     kernel32:KERNEL32.dll
 0002:0000014c       __imp__CreateProcessA@40   0044b14c     kernel32:KERNEL32.dll
 0002:00000150       __imp__SetEnvironmentVariableA@8 0044b150     kernel32:KERNEL32.dll
 0002:00000154       __imp__SetEndOfFile@4      0044b154     kernel32:KERNEL32.dll
 0002:00000158       __imp__SetEnvironmentVariableW@8 0044b158     kernel32:KERNEL32.dll
 0002:0000015c       \177KERNEL32_NULL_THUNK_DATA 0044b15c     kernel32:KERNEL32.dll
 0002:00000160       ___xc_a                    0044b160     LIBCMT:crt0init.obj
 0002:00000164       ___xc_z                    0044b164     LIBCMT:crt0init.obj
 0002:00000168       ___xi_a                    0044b168     LIBCMT:crt0init.obj
 0002:00000184       ___xi_z                    0044b184     LIBCMT:crt0init.obj
 0002:00000188       ___xp_a                    0044b188     LIBCMT:crt0init.obj
 0002:0000019c       ___xp_z                    0044b19c     LIBCMT:crt0init.obj
 0002:000001a0       ___xt_a                    0044b1a0     LIBCMT:crt0init.obj
 0002:000001a4       ___xt_z                    0044b1a4     LIBCMT:crt0init.obj
 0002:000001b0       __real@0000000000000000    0044b1b0     subroute.obj
 0002:000001b8       __real@3fe0000000000000    0044b1b8     subroute.obj
 0002:000001c0       __real@41dfffffffc00000    0044b1c0     subroute.obj
 0002:000001c8       __real@c1e0000000000000    0044b1c8     subroute.obj
 0002:000001d0       __real@3ef0000000000000    0044b1d0     local.obj
 0002:000001d8       __real@408f400000000000    0044b1d8     local.obj
 0002:000001e0       __real@40d3880000000000    0044b1e0     tex0.obj
 0002:000001e8       __real@40f0000000000000    0044b1e8     tex0.obj
 0002:000001f0       __xmm@7fffffffffffffff7fffffffffffffff 0044b1f0     tex0.obj
 0002:00000200       __real@3ff0000000000000    0044b200     tex4.obj
 0002:00000208       __real@41cdcd6500000000    0044b208     tex4.obj
 0002:00000210       __real@c1cdcd6500000000    0044b210     tex4.obj
 0002:00000218       ??_C@_1BI@BGOHAHKC@?$AAm?$AAs?$AAc?$AAo?$AAr?$AAe?$AAe?$AA?4?$AAd?$AAl?$AAl?$AA?$AA@ 0044b218     LIBCMT:crt0dat.obj
 0002:00000230       ??_C@_0P@MIGLKIOC@CorExitProcess?$AA@ 0044b230     LIBCMT:crt0dat.obj
 0002:00000240       ??_C@_07CFPBBAOO@COMSPEC?$AA@ 0044b240     LIBCMT:system.obj
 0002:00000248       ??_C@_02HNHPBPFE@?1c?$AA@  0044b248     LIBCMT:system.obj
 0002:0000024c       ??_C@_07INNMNHPJ@cmd?4exe?$AA@ 0044b24c     LIBCMT:system.obj
 0002:0000025c       __FPinit                   0044b25c     LIBCMT:fpinit.obj
 0002:00000260       ??_C@_0EA@FCLIIPNN@Visual?5C?$CL?$CL?5CRT?3?5Not?5enough?5memor@ 0044b260     LIBCMT:strerror.obj
 0002:000005e0       ??_C@_06OJHGLDPL@?$CInull?$CJ?$AA@ 0044b5e0     LIBCMT:output.obj
 0002:000005e8       ??_C@_1O@CEDCILHN@?$AA?$CI?$AAn?$AAu?$AAl?$AAl?$AA?$CJ?$AA?$AA@ 0044b5e8     LIBCMT:output.obj
 0002:000005f8       ___lookuptable             0044b5f8     LIBCMT:output.obj
 0002:00000654       ??_C@_1BK@MGMFAEKH@?$AAk?$AAe?$AAr?$AAn?$AAe?$AAl?$AA3?$AA2?$AA?4?$AAd?$AAl?$AAl?$AA?$AA@ 0044b654     LIBCMT:winapisupp.obj
 0002:00000670       ??_C@_08KNHFBNJ@FlsAlloc?$AA@ 0044b670     LIBCMT:winapisupp.obj
 0002:0000067c       ??_C@_07PEJMOBNF@FlsFree?$AA@ 0044b67c     LIBCMT:winapisupp.obj
 0002:00000684       ??_C@_0M@GDNOONDI@FlsGetValue?$AA@ 0044b684     LIBCMT:winapisupp.obj
 0002:00000690       ??_C@_0M@JCPCPOEF@FlsSetValue?$AA@ 0044b690     LIBCMT:winapisupp.obj
 0002:0000069c       ??_C@_0BM@HCFOFFN@InitializeCriticalSectionEx?$AA@ 0044b69c     LIBCMT:winapisupp.obj
 0002:000006b8       ??_C@_0BD@KIEEOEEH@CreateSemaphoreExW?$AA@ 0044b6b8     LIBCMT:winapisupp.obj
 0002:000006cc       ??_C@_0BI@BKLFFAPO@SetThreadStackGuarantee?$AA@ 0044b6cc     LIBCMT:winapisupp.obj
 0002:000006e4       ??_C@_0BG@OGFAJCKC@CreateThreadpoolTimer?$AA@ 0044b6e4     LIBCMT:winapisupp.obj
 0002:000006fc       ??_C@_0BD@LPLEMMDI@SetThreadpoolTimer?$AA@ 0044b6fc     LIBCMT:winapisupp.obj
 0002:00000710       ??_C@_0CA@FMNJENH@WaitForThreadpoolTimerCallbacks?$AA@ 0044b710     LIBCMT:winapisupp.obj
 0002:00000730       ??_C@_0BF@DCFCCNOC@CloseThreadpoolTimer?$AA@ 0044b730     LIBCMT:winapisupp.obj
 0002:00000748       ??_C@_0BF@FLABGKKM@CreateThreadpoolWait?$AA@ 0044b748     LIBCMT:winapisupp.obj
 0002:00000760       ??_C@_0BC@MGCOHNA@SetThreadpoolWait?$AA@ 0044b760     LIBCMT:winapisupp.obj
 0002:00000774       ??_C@_0BE@OCIOMIMP@CloseThreadpoolWait?$AA@ 0044b774     LIBCMT:winapisupp.obj
 0002:00000788       ??_C@_0BJ@LKGHFHBO@FlushProcessWriteBuffers?$AA@ 0044b788     LIBCMT:winapisupp.obj
 0002:000007a4       ??_C@_0BP@KALKKPMO@FreeLibraryWhenCallbackReturns?$AA@ 0044b7a4     LIBCMT:winapisupp.obj
 0002:000007c4       ??_C@_0BK@DFNBACLA@GetCurrentProcessorNumber?$AA@ 0044b7c4     LIBCMT:winapisupp.obj
 0002:000007e0       ??_C@_0BP@KHGALBC@GetLogicalProcessorInformation?$AA@ 0044b7e0     LIBCMT:winapisupp.obj
 0002:00000800       ??_C@_0BE@FKKLLFLM@CreateSymbolicLinkW?$AA@ 0044b800     LIBCMT:winapisupp.obj
 0002:00000814       ??_C@_0BJ@OHNKDLIJ@SetDefaultDllDirectories?$AA@ 0044b814     LIBCMT:winapisupp.obj
 0002:00000830       ??_C@_0BE@LJANKFHF@EnumSystemLocalesEx?$AA@ 0044b830     LIBCMT:winapisupp.obj
 0002:00000844       ??_C@_0BA@IHGNDAEB@CompareStringEx?$AA@ 0044b844     LIBCMT:winapisupp.obj
 0002:00000854       ??_C@_0BA@EPCJIIPD@GetDateFormatEx?$AA@ 0044b854     LIBCMT:winapisupp.obj
 0002:00000864       ??_C@_0BA@ONOKGCMP@GetLocaleInfoEx?$AA@ 0044b864     LIBCMT:winapisupp.obj
 0002:00000874       ??_C@_0BA@CIJJKCJJ@GetTimeFormatEx?$AA@ 0044b874     LIBCMT:winapisupp.obj
 0002:00000884       ??_C@_0BJ@PBCCBIPI@GetUserDefaultLocaleName?$AA@ 0044b884     LIBCMT:winapisupp.obj
 0002:000008a0       ??_C@_0BC@CELBKLLA@IsValidLocaleName?$AA@ 0044b8a0     LIBCMT:winapisupp.obj
 0002:000008b4       ??_C@_0O@KKBNKAPF@LCMapStringEx?$AA@ 0044b8b4     LIBCMT:winapisupp.obj
 0002:000008c4       ??_C@_0BE@JOGNEJCI@GetCurrentPackageId?$AA@ 0044b8c4     LIBCMT:winapisupp.obj
 0002:000008d8       ??_C@_1FE@LLNEDJMD@?$AAR?$AA6?$AA0?$AA0?$AA8?$AA?$AN?$AA?6?$AA?9?$AA?5?$AAn?$AAo?$AAt?$AA?5?$AAe?$AAn?$AAo?$AAu?$AAg?$AAh?$AA?5?$AAs?$AAp?$AAa?$AAc?$AAe?$AA?5?$AAf?$AAo?$AAr?$AA?5?$AAa?$AAr@ 0044b8d8     LIBCMT:crt0msg.obj
 0002:00000930       ??_C@_1FI@HONFMGBI@?$AAR?$AA6?$AA0?$AA0?$AA9?$AA?$AN?$AA?6?$AA?9?$AA?5?$AAn?$AAo?$AAt?$AA?5?$AAe?$AAn?$AAo?$AAu?$AAg?$AAh?$AA?5?$AAs?$AAp?$AAa?$AAc?$AAe?$AA?5?$AAf?$AAo?$AAr?$AA?5?$AAe?$AAn@ 0044b930     LIBCMT:crt0msg.obj
 0002:00000988       ??_C@_1EG@BEHAGFJD@?$AAR?$AA6?$AA0?$AA1?$AA0?$AA?$AN?$AA?6?$AA?9?$AA?5?$AAa?$AAb?$AAo?$AAr?$AAt?$AA?$CI?$AA?$CJ?$AA?5?$AAh?$AAa?$AAs?$AA?5?$AAb?$AAe?$AAe?$AAn?$AA?5?$AAc?$AAa?$AAl?$AAl?$AAe?$AAd@ 0044b988     LIBCMT:crt0msg.obj
 0002:000009d0       ??_C@_1FI@LOGNIKDM@?$AAR?$AA6?$AA0?$AA1?$AA6?$AA?$AN?$AA?6?$AA?9?$AA?5?$AAn?$AAo?$AAt?$AA?5?$AAe?$AAn?$AAo?$AAu?$AAg?$AAh?$AA?5?$AAs?$AAp?$AAa?$AAc?$AAe?$AA?5?$AAf?$AAo?$AAr?$AA?5?$AAt?$AAh@ 0044b9d0     LIBCMT:crt0msg.obj
 0002:00000a28       ??_C@_1FK@BEOGODMC@?$AAR?$AA6?$AA0?$AA1?$AA7?$AA?$AN?$AA?6?$AA?9?$AA?5?$AAu?$AAn?$AAe?$AAx?$AAp?$AAe?$AAc?$AAt?$AAe?$AAd?$AA?5?$AAm?$AAu?$AAl?$AAt?$AAi?$AAt?$AAh?$AAr?$AAe?$AAa?$AAd?$AA?5@ 0044ba28     LIBCMT:crt0msg.obj
 0002:00000a88       ??_C@_1EC@JIBHAOPH@?$AAR?$AA6?$AA0?$AA1?$AA8?$AA?$AN?$AA?6?$AA?9?$AA?5?$AAu?$AAn?$AAe?$AAx?$AAp?$AAe?$AAc?$AAt?$AAe?$AAd?$AA?5?$AAh?$AAe?$AAa?$AAp?$AA?5?$AAe?$AAr?$AAr?$AAo?$AAr?$AA?$AN?$AA?6@ 0044ba88     LIBCMT:crt0msg.obj
 0002:00000ad0       ??_C@_1FC@ECHBIFBC@?$AAR?$AA6?$AA0?$AA1?$AA9?$AA?$AN?$AA?6?$AA?9?$AA?5?$AAu?$AAn?$AAa?$AAb?$AAl?$AAe?$AA?5?$AAt?$AAo?$AA?5?$AAo?$AAp?$AAe?$AAn?$AA?5?$AAc?$AAo?$AAn?$AAs?$AAo?$AAl?$AAe?$AA?5@ 0044bad0     LIBCMT:crt0msg.obj
 0002:00000b28       ??_C@_1GK@FHCKBEFA@?$AAR?$AA6?$AA0?$AA2?$AA4?$AA?$AN?$AA?6?$AA?9?$AA?5?$AAn?$AAo?$AAt?$AA?5?$AAe?$AAn?$AAo?$AAu?$AAg?$AAh?$AA?5?$AAs?$AAp?$AAa?$AAc?$AAe?$AA?5?$AAf?$AAo?$AAr?$AA?5?$AA_?$AAo@ 0044bb28     LIBCMT:crt0msg.obj
 0002:00000b98       ??_C@_1EM@MAADIHMB@?$AAR?$AA6?$AA0?$AA2?$AA5?$AA?$AN?$AA?6?$AA?9?$AA?5?$AAp?$AAu?$AAr?$AAe?$AA?5?$AAv?$AAi?$AAr?$AAt?$AAu?$AAa?$AAl?$AA?5?$AAf?$AAu?$AAn?$AAc?$AAt?$AAi?$AAo?$AAn?$AA?5?$AAc@ 0044bb98     LIBCMT:crt0msg.obj
 0002:00000be8       ??_C@_1GK@MCAAGJMO@?$AAR?$AA6?$AA0?$AA2?$AA6?$AA?$AN?$AA?6?$AA?9?$AA?5?$AAn?$AAo?$AAt?$AA?5?$AAe?$AAn?$AAo?$AAu?$AAg?$AAh?$AA?5?$AAs?$AAp?$AAa?$AAc?$AAe?$AA?5?$AAf?$AAo?$AAr?$AA?5?$AAs?$AAt@ 0044bbe8     LIBCMT:crt0msg.obj
[...]
 0003:00009e10       $SG6881                    0045ae10     tex8.obj
 0003:00009e74       $SG6886                    0045ae74     tex8.obj
 0003:00009ea8       $SG6882                    0045aea8     tex8.obj
 0003:00009f0c       $SG6887                    0045af0c     tex8.obj
 0003:00009f44       $SG6888                    0045af44     tex8.obj
 0003:00009f78       $SG6889                    0045af78     tex8.obj
 0003:00009fac       $SG6894                    0045afac     tex8.obj
 0003:00009fcc       $SG6895                    0045afcc     tex8.obj
 0003:0000a000       $SG6896                    0045b000     tex8.obj
 0003:0000a03c       $SG6903                    0045b03c     tex8.obj
 0003:0000a06c       $SG6904                    0045b06c     tex8.obj
 0003:0000a0a0       $SG6905                    0045b0a0     tex8.obj
 0003:0000a0d4       $SG6906                    0045b0d4     tex8.obj
 0003:0000a108       $SG6910                    0045b108     tex8.obj
 0003:0000a13c       $SG6911                    0045b13c     tex8.obj
 0003:0000a174       $SG6912                    0045b174     tex8.obj
 0003:0000a1a8       $SG6913                    0045b1a8     tex8.obj
 0003:0000a1dc       $SG6927                    0045b1dc     tex8.obj
 0003:0000a1fc       $SG6928                    0045b1fc     tex8.obj
 0003:0000a230       $SG6929                    0045b230     tex8.obj
 0003:0000a26c       $SG6985                    0045b26c     tex8.obj
 0003:0000a274       $SG7002                    0045b274     tex8.obj
 0003:0000a298       $SG7003                    0045b298     tex8.obj
 0003:0000a2c4       $SG7004                    0045b2c4     tex8.obj
 0003:0000a2fc       $SG7005                    0045b2fc     tex8.obj
 0003:0000a33c       $SG7006                    0045b33c     tex8.obj
 0003:0000a378       $SG7007                    0045b378     tex8.obj
 0003:0000a3b0       $SG7025                    0045b3b0     tex8.obj
 0003:0000a3c0       $SG7029                    0045b3c0     tex8.obj
 0003:0000a3cc       $SG7032                    0045b3cc     tex8.obj
 0003:0000a404       $SG7045                    0045b404     tex8.obj
 0003:0000a408       $SG7106                    0045b408     tex8.obj
 0003:0000a41c       $SG7107                    0045b41c     tex8.obj
 0003:0000a440       $SG7108                    0045b440     tex8.obj
 0003:0000a474       $SG7142                    0045b474     tex8.obj
 0003:0000a488       $SG7143                    0045b488     tex8.obj
 0003:0000a4b8       $SG7156                    0045b4b8     tex8.obj
 0003:0000a4c0       $SG7158                    0045b4c0     tex8.obj
 0003:0000a4cc       $SG7159                    0045b4cc     tex8.obj
 0003:0000a4f8       $SG7172                    0045b4f8     tex9.obj
 0003:0000a504       $SG7181                    0045b504     tex9.obj
 0003:0000a510       $SG7183                    0045b510     tex9.obj
 0003:0000a524       $SG7190                    0045b524     tex9.obj
 0003:0000a528       $SG7193                    0045b528     tex9.obj
 0003:0000a530       $SG7197                    0045b530     tex9.obj
 0003:0000a534       $SG7200                    0045b534     tex9.obj
 0003:0000a540       $SG7206                    0045b540     tex9.obj
 0003:0000a558       $SG6821                    0045b558     tex9.obj
 0003:0000a55c       $SG6825                    0045b55c     tex9.obj
 0003:0000a574       $SG6826                    0045b574     tex9.obj
 0003:0000a594       $SG6827                    0045b594     tex9.obj
 0003:0000a59c       $SG6832                    0045b59c     tex9.obj
 0003:0000a5b4       $SG6833                    0045b5b4     tex9.obj
 0003:0000a5d4       $SG6834                    0045b5d4     tex9.obj
 0003:0000a5e0       $SG6836                    0045b5e0     tex9.obj
 0003:0000a5ec       $SG6837                    0045b5ec     tex9.obj
 0003:0000a62c       $SG6841                    0045b62c     tex9.obj
 0003:0000a638       $SG6842                    0045b638     tex9.obj
 0003:0000a644       $SG6843                    0045b644     tex9.obj
 0003:0000a650       $SG6845                    0045b650     tex9.obj
 0003:0000a65c       $SG6846                    0045b65c     tex9.obj
 0003:0000a680       $SG6851                    0045b680     tex9.obj
 0003:0000a684       $SG6854                    0045b684     tex9.obj
 0003:0000a6ac       $SG6855                    0045b6ac     tex9.obj
 0003:0000a6b4       $SG6860                    0045b6b4     tex9.obj
 0003:0000a6dc       $SG6861                    0045b6dc     tex9.obj
 0003:0000a6e8       $SG6863                    0045b6e8     tex9.obj
 0003:0000a6f4       $SG6864                    0045b6f4     tex9.obj
 0003:0000a734       $SG6868                    0045b734     tex9.obj
 0003:0000a740       $SG6869                    0045b740     tex9.obj
 0003:0000a74c       $SG6870                    0045b74c     tex9.obj
 0003:0000a758       $SG6872                    0045b758     tex9.obj
 0003:0000a764       $SG6873                    0045b764     tex9.obj
 0003:0000a788       $SG6889                    0045b788     tex9.obj
 0003:0000a7ac       $SG6891                    0045b7ac     tex9.obj
 0003:0000a7c8       $SG6903                    0045b7c8     tex9.obj
 0003:0000a7cc       $SG6905                    0045b7cc     tex9.obj
 0003:0000a7d0       $SG6907                    0045b7d0     tex9.obj
 0003:0000a7dc       $SG6908                    0045b7dc     tex9.obj
 0003:0000a800       $SG6909                    0045b800     tex9.obj
 0003:0000a808       $SG6912                    0045b808     tex9.obj
 0003:0000a810       $SG6913                    0045b810     tex9.obj
 0003:0000a818       $SG6919                    0045b818     tex9.obj
 0003:0000a824       $SG6920                    0045b824     tex9.obj
 0003:0000a82c       $SG6925                    0045b82c     tex9.obj
 0003:0000a838       $SG6926                    0045b838     tex9.obj
 0003:0000a840       $SG6931                    0045b840     tex9.obj
 0003:0000a85c       $SG6932                    0045b85c     tex9.obj
 0003:0000a868       $SG6937                    0045b868     tex9.obj
 0003:0000a884       $SG6938                    0045b884     tex9.obj
 0003:0000a890       $SG6943                    0045b890     tex9.obj
 0003:0000a8ac       $SG6944                    0045b8ac     tex9.obj
 0003:0000a8b8       $SG6949                    0045b8b8     tex9.obj
 0003:0000a8d4       $SG6950                    0045b8d4     tex9.obj
 0003:0000a8e0       $SG6954                    0045b8e0     tex9.obj
 0003:0000a908       $SG6955                    0045b908     tex9.obj
 0003:0000a914       $SG6959                    0045b914     tex9.obj
 0003:0000a91c       $SG6960                    0045b91c     tex9.obj
 0003:0000a938       $SG6961                    0045b938     tex9.obj
 0003:0000a948       $SG6968                    0045b948     tex9.obj
 0003:0000a950       $SG6969                    0045b950     tex9.obj
 0003:0000a95c       $SG6970                    0045b95c     tex9.obj
 0003:0000a968       $SG6976                    0045b968     tex9.obj
 0003:0000a970       $SG6977                    0045b970     tex9.obj
 0003:0000a97c       $SG6978                    0045b97c     tex9.obj
 0003:0000a988       $SG6981                    0045b988     tex9.obj
 0003:0000a9a0       $SG6982                    0045b9a0     tex9.obj
 0003:0000a9a8       $SG6987                    0045b9a8     tex9.obj
 0003:0000a9b4       $SG6988                    0045b9b4     tex9.obj
 0003:0000a9bc       $SG6990                    0045b9bc     tex9.obj
 0003:0000a9c0       $SG6993                    0045b9c0     tex9.obj
 0003:0000a9c4       $SG6994                    0045b9c4     tex9.obj
 0003:0000a9cc       $SG6997                    0045b9cc     tex9.obj
 0003:0000a9d0       $SG6998                    0045b9d0     tex9.obj
 0003:0000a9d8       $SG7001                    0045b9d8     tex9.obj
 0003:0000a9dc       $SG7002                    0045b9dc     tex9.obj
 0003:0000a9e4       $SG7005                    0045b9e4     tex9.obj
 0003:0000a9e8       $SG7006                    0045b9e8     tex9.obj
 0003:0000a9f0       $SG7009                    0045b9f0     tex9.obj
 0003:0000a9f4       $SG7010                    0045b9f4     tex9.obj
 0003:0000a9fc       $SG7012                    0045b9fc     tex9.obj
 0003:0000aa18       $SG7016                    0045ba18     tex9.obj
 0003:0000aa1c       $SG7017                    0045ba1c     tex9.obj
 0003:0000aa24       $SG7021                    0045ba24     tex9.obj
 0003:0000aa28       $SG7022                    0045ba28     tex9.obj
 0003:0000aa30       $SG7026                    0045ba30     tex9.obj
 0003:0000aa34       $SG7027                    0045ba34     tex9.obj
 0003:0000aa3c       $SG7031                    0045ba3c     tex9.obj
 0003:0000aa40       $SG7032                    0045ba40     tex9.obj
 0003:0000aa48       $SG7036                    0045ba48     tex9.obj
 0003:0000aa4c       $SG7037                    0045ba4c     tex9.obj
 0003:0000aa54       $SG7041                    0045ba54     tex9.obj
 0003:0000aa58       $SG7042                    0045ba58     tex9.obj
 0003:0000aa60       $SG7046                    0045ba60     tex9.obj
 0003:0000aa64       $SG7047                    0045ba64     tex9.obj
 0003:0000aa6c       $SG7051                    0045ba6c     tex9.obj
 0003:0000aa70       $SG7052                    0045ba70     tex9.obj
 0003:0000aa78       $SG7056                    0045ba78     tex9.obj
 0003:0000aa7c       $SG7057                    0045ba7c     tex9.obj
 0003:0000aa84       $SG7061                    0045ba84     tex9.obj
 0003:0000aa88       $SG7062                    0045ba88     tex9.obj
 0003:0000aa90       $SG7064                    0045ba90     tex9.obj
 0003:0000aa94       $SG7068                    0045ba94     tex9.obj
 0003:0000aab4       $SG7075                    0045bab4     tex9.obj
 0003:0000aab8       $SG7066                    0045bab8     tex9.obj
 0003:0000ab0c       $SG7076                    0045bb0c     tex9.obj
 0003:0000ab34       $SG7080                    0045bb34     tex9.obj
 0003:0000ab38       $SG7081                    0045bb38     tex9.obj
 0003:0000ab58       $SG7086                    0045bb58     tex9.obj
 0003:0000ab80       $SG7090                    0045bb80     tex9.obj
 0003:0000aba4       $SG7095                    0045bba4     tex9.obj
 0003:0000abd0       $SG7098                    0045bbd0     tex9.obj
 0003:0000abdc       $SG7102                    0045bbdc     tex9.obj
 0003:0000abe0       $SG7104                    0045bbe0     tex9.obj
 0003:0000abf8       $SG7107                    0045bbf8     tex9.obj
 0003:0000abfc       $SG7109                    0045bbfc     tex9.obj
 0003:0000ac14       $SG7112                    0045bc14     tex9.obj
 0003:0000ac18       $SG7114                    0045bc18     tex9.obj
 0003:0000ac30       $SG7117                    0045bc30     tex9.obj
 0003:0000ac34       $SG7119                    0045bc34     tex9.obj
 0003:0000ac4c       $SG7132                    0045bc4c     tex9.obj
 0003:0000ac60       $SG7144                    0045bc60     tex9.obj
 0003:0000aca0       $SG7163                    0045bca0     tex9.obj
 0003:0000af30       _errtable                  0045bf30     LIBCMT:dosmap.obj
 0003:0000b098       _ErrnoNoMem                0045c098     LIBCMT:dosmap.obj
 0003:0000b09c       _DoserrorNoMem             0045c09c     LIBCMT:dosmap.obj
 0003:0000b0c8       _chbuf                     0045c0c8     LIBCMT:getch.obj
 0003:0000b0d0       __locktable                0045c0d0     LIBCMT:mlock.obj
 0003:0000b344       ?isPackaged@?1??__crtIsPackagedApp@@9@9 0045c344     LIBCMT:winapisupp.obj
 0003:0000b374       ___rgctypeflag             0045c374     LIBCMT:mbctype.obj
 0003:0000b378       ___rgcode_page_info        0045c378     LIBCMT:mbctype.obj
 0003:0000b890       _ext_strings               0045c890     LIBCMT:spawnve.obj
 0003:0000bad8       __ctype_loc_style          0045cad8     LIBCMT:wsetloca.obj
 0003:0000baf0       _tzstd                     0045caf0     LIBCMT:timeset.obj
 0003:0000bb30       _tzdst                     0045cb30     LIBCMT:timeset.obj
 0003:0000bb78       _dststart                  0045cb78     LIBCMT:tzset.obj
 0003:0000bb84       _dstend                    0045cb84     LIBCMT:tzset.obj
 0003:0000bca4       _DoubleFormat              0045cca4     LIBCMT:intrncvt.obj
 0003:0000bcbc       _FloatFormat               0045ccbc     LIBCMT:intrncvt.obj
 0003:0000bf94       _over                      0045cf94     LIBCMT:fpctrl.obj
 0003:0000bfa0       _under                     0045cfa0     LIBCMT:fpctrl.obj
 0003:0000bfac       ?__DAZ_ENABLED@?1??__set_fpsr_sse2@@9@9 0045cfac     LIBCMT:fpctrl.obj
 0003:0000bfc0       _program_name              0045cfc0     texmf.obj
 0003:0000bfc4       $SG7727                    0045cfc4     texmf.obj
 0003:0000bfc5       $SG7806                    0045cfc5     texmf.obj
 0003:0000bfc6       $SG7822                    0045cfc6     texmf.obj
 0003:0000bfcc       $SG9279                    0045cfcc     itex.obj
 0003:0000bfcd       $SG8965                    0045cfcd     itex.obj
 0003:0000bfd8       _saved_paths               0045cfd8     subroute.obj
 0003:0000bfdc       _saved_paths_length        0045cfdc     subroute.obj
 0003:0000bfe0       $SG8484                    0045cfe0     subroute.obj
 0003:0000bfe1       $SG8621                    0045cfe1     subroute.obj
 0003:0000c0e8       ?fontmap@?6??test_read_access@@9@9 0045d0e8     subroute.obj
 0003:0000c1f0       _path_dirs                 0045d1f0     subroute.obj
 0003:0000c220       _nextchar                  0045d220     subroute.obj
 0003:0000c224       _ordering                  0045d224     subroute.obj
 0003:0000c228       _first_nonopt              0045d228     subroute.obj
 0003:0000c22c       _last_nonopt               0045d22c     subroute.obj
 0003:0000c234       $SG9299                    0045d234     local.obj
 0003:0000c235       $SG9476                    0045d235     local.obj
 0003:0000c236       $SG7550                    0045d236     local.obj
 0003:0000c237       $SG7552                    0045d237     local.obj
 0003:0000c244       $SG7554                    0045d244     local.obj
 0003:0000c245       $SG7555                    0045d245     local.obj
 0003:0000c246       $SG8585                    0045d246     local.obj
 0003:0000c247       $SG8654                    0045d247     local.obj
 0003:0000c268       $SG8728                    0045d268     local.obj
 0003:0000c269       $SG8841                    0045d269     local.obj
 0003:0000c26a       $SG8844                    0045d26a     local.obj
 0003:0000c26b       $SG8847                    0045d26b     local.obj
 0003:0000c284       $SG8850                    0045d284     local.obj
 0003:0000c285       $SG8853                    0045d285     local.obj
 0003:0000c286       $SG8856                    0045d286     local.obj
 0003:0000c287       $SG8888                    0045d287     local.obj
 0003:0000c28c       $SG8978                    0045d28c     local.obj
 0003:0000c28d       $SG9107                    0045d28d     local.obj
 0003:0000c28e       $SG9109                    0045d28e     local.obj
 0003:0000c28f       $SG9111                    0045d28f     local.obj
 0003:0000c2b4       $SG9114                    0045d2b4     local.obj
 0003:0000c2b5       $SG9116                    0045d2b5     local.obj
 0003:0000c2b6       $SG9118                    0045d2b6     local.obj
 0003:0000c2b7       $SG9209                    0045d2b7     local.obj
 0003:0000c2b8       $SG7762                    0045d2b8     tex0.obj
 0003:0000c2b9       $SG7802                    0045d2b9     tex0.obj
 0003:0000c2ba       $SG6996                    0045d2ba     tex0.obj
 0003:0000c2bb       $SG7016                    0045d2bb     tex0.obj
 0003:0000c2bc       $SG7028                    0045d2bc     tex0.obj
 0003:0000c2bd       $SG7037                    0045d2bd     tex0.obj
 0003:0000c2be       $SG7068                    0045d2be     tex0.obj
 0003:0000c2bf       $SG8152                    0045d2bf     tex0.obj
 0003:0000c2c0       $SG8432                    0045d2c0     tex1.obj
 0003:0000c2c1       $SG7636                    0045d2c1     tex2.obj
 0003:0000c2c2       $SG7088                    0045d2c2     tex2.obj
 0003:0000c2c3       $SG7329                    0045d2c3     tex3.obj
 0003:0000c2c4       $SG7560                    0045d2c4     tex3.obj
 0003:0000c2c5       $SG7592                    0045d2c5     tex3.obj
 0003:0000c2c6       $SG7341                    0045d2c6     tex4.obj
 0003:0000c2c7       $SG7083                    0045d2c7     tex4.obj
 0003:0000c2c8       $SG6938                    0045d2c8     tex5.obj
 0003:0000c2c9       $SG7656                    0045d2c9     tex6.obj
 0003:0000c2ca       $SG7700                    0045d2ca     tex6.obj
 0003:0000c2cb       $SG7778                    0045d2cb     tex6.obj
 0003:0000c2cc       $SG7027                    0045d2cc     tex6.obj
 0003:0000c2cd       $SG7032                    0045d2cd     tex6.obj
 0003:0000c2ce       $SG7347                    0045d2ce     tex8.obj
 0003:0000c2cf       $SG7074                    0045d2cf     tex9.obj
 0003:0000c2d0       $SG7079                    0045d2d0     tex9.obj
 0003:0000c2d1       $SG7103                    0045d2d1     tex9.obj
 0003:0000c2d2       $SG7108                    0045d2d2     tex9.obj
 0003:0000c2d3       $SG7113                    0045d2d3     tex9.obj
 0003:0000c2d4       $SG7118                    0045d2d4     tex9.obj
 0003:0000c310       _ctrlc_action              0045d310     LIBCMT:winsig.obj
 0003:0000c314       _ctrlbreak_action          0045d314     LIBCMT:winsig.obj
 0003:0000c318       _abort_action              0045d318     LIBCMT:winsig.obj
 0003:0000c31c       _term_action               0045d31c     LIBCMT:winsig.obj
 0003:0000c320       _ConsoleCtrlHandler_Installed 0045d320     LIBCMT:winsig.obj
 0003:0000c328       _GS_ExceptionRecord        0045d328     LIBCMT:gs_report.obj
 0003:0000c378       _GS_ContextRecord          0045d378     LIBCMT:gs_report.obj
 0003:0000c644       _DebuggerWasPresent        0045d644     LIBCMT:gs_report.obj
 0003:0000c648       _start_tics                0045d648     LIBCMT:clock.obj
 0003:0000c660       _lclcritsects              0045d660     LIBCMT:mlock.obj
 0003:0000c8c8       ?outmsg@?8??_NMSG_WRITE@@9@9 0045d8c8     LIBCMT:crt0msg.obj
 0003:0000cefc       _g_pfnRtlGenRandom         0045defc     LIBCMT:rand_s.obj
 0003:0000cf18       _fSystemSet                0045df18     LIBCMT:mbctype.obj
 0003:0000cf28       _lastTZ                    0045df28     LIBCMT:tzset.obj
 0003:0000cf2c       ?first_time@?1??__tzset@@9@9 0045df2c     LIBCMT:tzset.obj
 0003:0000cf30       _tzapiused                 0045df30     LIBCMT:tzset.obj
 0003:0000cf38       _tzinfo                    0045df38     LIBCMT:tzset.obj
 0003:0000cff0       ?_pgmname@?1??_setargv@@9@9 0045dff0     LIBCMT:stdargv.obj
 0003:0000d0fc       ___enable_percent_n        0045e0fc     LIBCMT:printf.obj
 0003:0000d100       ?pfnMessageBox@?1??__crtMessageBoxW@@9@9 0045e100     LIBCMT:crtmboxw.obj
 0003:0000d104       ?pfnGetActiveWindow@?1??__crtMessageBoxW@@9@9 0045e104     LIBCMT:crtmboxw.obj
 0003:0000d108       ?pfnGetLastActivePopup@?1??__crtMessageBoxW@@9@9 0045e108     LIBCMT:crtmboxw.obj
 0003:0000d10c       ?pfnGetProcessWindowStation@?1??__crtMessageBoxW@@9@9 0045e10c     LIBCMT:crtmboxw.obj
 0003:0000d110       ?pfnGetUserObjectInformation@?1??__crtMessageBoxW@@9@9 0045e110     LIBCMT:crtmboxw.obj
 0003:0000d114       ___crtCallProc             0045e114     LIBCMT:winapinls.obj
