 texmf

 Timestamp is 52fbb156 (Thu Feb 13 01:37:26 2014)

 Preferred load address is 00400000

 Start         Length     Name                   Class
 0001:00000000 000498c7H .text                   CODE
 0002:00000000 00000160H .idata$5                DATA
 0002:00000160 00000004H .CRT$XCA                DATA
 0002:00000164 00000004H .CRT$XCZ                DATA
 0002:00000168 00000004H .CRT$XIA                DATA
 0002:0000016c 00000014H .CRT$XIC                DATA
 0002:00000180 00000004H .CRT$XIY                DATA
 0002:00000184 00000004H .CRT$XIZ                DATA
 0002:00000188 00000004H .CRT$XPA                DATA
 0002:0000018c 0000000cH .CRT$XPX                DATA
 0002:00000198 00000004H .CRT$XPXA               DATA
 0002:0000019c 00000004H .CRT$XPZ                DATA
 0002:000001a0 00000004H .CRT$XTA                DATA
 0002:000001a4 00000004H .CRT$XTZ                DATA
 0002:000001b0 000044d0H .rdata                  DATA
 0002:00004680 0000000cH .rdata$sxdata           DATA
 0002:0000468c 00000004H .rtc$IAA                DATA
 0002:00004690 00000004H .rtc$IZZ                DATA
 0002:00004694 00000004H .rtc$TAA                DATA
 0002:00004698 00000004H .rtc$TZZ                DATA
 0002:000046a0 000005dcH .xdata$x                DATA
 0002:00004c7c 00000014H .idata$2                DATA
 0002:00004c90 00000014H .idata$3                DATA
 0002:00004ca4 00000160H .idata$4                DATA
 0002:00004e04 00000692H .idata$6                DATA
 0002:00005496 00000000H .edata                  DATA
 0003:00000000 0000bfe0H .data                   DATA
 0003:0000bfe0 000b4a40H .bss                    DATA

  Address         Publics by Value              Rva+Base       Lib:Object

 0000:00000000       __except_list              00000000     <absolute>
 0000:00000003       ___safe_se_handler_count   00000003     <absolute>
 0000:00000000       ___ImageBase               00400000     <linker-defined>
 0001:00000000       _call_edit                 00401000 f   texmf.obj
 0001:000004e0       _complain_line             004014e0 f   texmf.obj
 0001:00000560       _do_dump                   00401560 f   texmf.obj
 0001:000005e0       _do_undump                 004015e0 f   texmf.obj
 0001:00000660       _get_date_and_time         00401660 f   texmf.obj
 0001:000007f0       _get_env_shroud            004017f0 f   texmf.obj
 0001:000008c0       _input_line                004018c0 f   texmf.obj
 0001:00000b80       _input_line_finish         00401b80 f   texmf.obj
 0001:00000ce0       _main                      00401ce0 f   texmf.obj
 0001:00000e30       _show_bad_line             00401e30 f   texmf.obj
 0001:00000f20       _t_open_in                 00401f20 f   texmf.obj
 0001:00001160       _unshroud_string           00402160 f   texmf.obj
 0001:000011a0       _add_variable_space        004021a0 f   itex.obj
 0001:00001270       _bad_formator_pool         00402270 f   itex.obj
 0001:0000139a       _compress_trie_            0040239a f   itex.obj
 0001:000013de       _do_initex                 004023de f   itex.obj
 0001:000019f0       _final_cleanup             004029f0 f   itex.obj
 0001:00001bf1       _first_fit_                00402bf1 f   itex.obj
 0001:00001d4b       _get_strings_started       00402d4b f   itex.obj
 0001:000021ad       _init_prim                 004031ad f   itex.obj
 0001:000035df       _init_trie                 004045df f   itex.obj
 0001:000037f0       _initialize                004047f0 f   itex.obj
 0001:00003c60       _initialize_aux            00404c60 f   itex.obj
 0001:00003cc0       _line_break_               00404cc0 f   itex.obj
 0001:00004c00       _load_fmt_file             00405c00 f   itex.obj
 0001:00005ce5       _new_patterns              00406ce5 f   itex.obj
 0001:000060a7       _new_trie_op_              004070a7 f   itex.obj
 0001:000061e0       _prefixed_command          004071e0 f   itex.obj
 0001:00006bbc       _primitive_                00407bbc f   itex.obj
 0001:00006c61       _reset_hyphen              00407c61 f   itex.obj
 0001:00006c8e       _reset_trie                00407c8e f   itex.obj
 0001:00006ce0       _show_frozen               00407ce0 f   itex.obj
 0001:00006dc2       _sort_avail                00407dc2 f   itex.obj
 0001:00006e8d       _store_fmt_file            00407e8d f   itex.obj
 0001:00007e50       _texbody                   00408e50 f   itex.obj
 0001:0000833f       _trie_fix_                 0040933f f   itex.obj
 0001:000083ba       _trie_node_                004093ba f   itex.obj
 0001:000084b1       _trie_pack_                004094b1 f   itex.obj
 0001:000084f0       _check_fclose              004094f0 f   openinou.obj
 0001:00008530       _check_short_name          00409530 f   openinou.obj
 0001:000085e0       _extensionirrelevantp      004095e0 f   openinou.obj
 0001:000085e0       _maketextfm                004095e0 f   openinou.obj
 0001:000085e0       _maketextex                004095e0 f   openinou.obj
 0001:000085f0       _open_input                004095f0 f   openinou.obj
 0001:00008960       _open_output               00409960 f   openinou.obj
 0001:00008d20       _patch_in_path             00409d20 f   openinou.obj
 0001:00008d60       _prepend_path_if           00409d60 f   openinou.obj
 0001:00008dd0       _qualified                 00409dd0 f   openinou.obj
 0001:00008e10       _retwiddle                 00409e10 f   openinou.obj
 0001:00008e50       _xconcat                   00409e50 f   openinou.obj
 0001:00008ee0       _xconcat3                  00409ee0 f   openinou.obj
 0001:00008ff0       __getopt_internal          00409ff0 f   subroute.obj
 0001:00009b10       _absolute_p                0040ab10 f   subroute.obj
 0001:00009b70       _add_directory             0040ab70 f   subroute.obj
 0001:00009c40       _concat                    0040ac40 f   subroute.obj
 0001:00009cf0       _concat3                   0040acf0 f   subroute.obj
 0001:00009de0       _convertexclam             0040ade0 f   subroute.obj
 0001:00009ec0       _dir_p                     0040aec0 f   subroute.obj
 0001:0000a320       _eoln                      0040b320 f   subroute.obj
 0001:0000a450       _expand_default            0040b450 f   subroute.obj
 0001:0000a540       _expand_subdir             0040b540 f   subroute.obj
 0001:0000a9a0       _extend_filename           0040b9a0 f   subroute.obj
 0001:0000aa10       _file_p                    0040ba10 f   subroute.obj
 0001:0000ab20       _find_dir_list             0040bb20 f   subroute.obj
 0001:0000abc0       _getopt                    0040bbc0 f   subroute.obj
 0001:0000abe0       _initialize_path_list      0040bbe0 f   subroute.obj
 0001:0000b030       _lowercase                 0040c030 f   subroute.obj
 0001:0000b060       _map_create                0040c060 f   subroute.obj
 0001:0000b180       _map_file_parse            0040c180 f   subroute.obj
 0001:0000b300       _map_insert                0040c300 f   subroute.obj
 0001:0000b3f0       _map_lookup                0040c3f0 f   subroute.obj
 0001:0000b510       _read_a_line               0040c510 f   subroute.obj
 0001:0000b5d0       _readable                  0040c5d0 f   subroute.obj
 0001:0000b720       _remove_suffix             0040c720 f   subroute.obj
 0001:0000b7e0       _set_paths                 0040c7e0 f   subroute.obj
 0001:0000bd20       _striptrailing             0040cd20 f   subroute.obj
 0001:0000bde0       _test_eof                  0040cde0 f   subroute.obj
 0001:0000be20       _test_read_access          0040ce20 f   subroute.obj
 0001:0000c0b0       _truncate_pathname         0040d0b0 f   subroute.obj
 0001:0000c140       _uexit                     0040d140 f   subroute.obj
 0001:0000c1a0       _unixify                   0040d1a0 f   subroute.obj
 0001:0000c200       _xfind_path_filename       0040d200 f   subroute.obj
 0001:0000c610       _xfopen                    0040d610 f   subroute.obj
 0001:0000c6a0       _xmalloc                   0040d6a0 f   subroute.obj
 0001:0000c6e0       _xrealloc                  0040d6e0 f   subroute.obj
 0001:0000c740       _xstrdup                   0040d740 f   subroute.obj
 0001:0000c7b0       _zround                    0040d7b0 f   subroute.obj
 0001:0000c800       _allocate_ini              0040d800 f   local.obj
 0001:0000ca50       _allocate_main_memory      0040da50 f   local.obj
 0001:0000cc30       _allocate_memory           0040dc30 f   local.obj
 0001:0000ce60       _allocate_tries            0040de60 f   local.obj
 0001:0000d000       _analyze_flag              0040e000 f   local.obj
 0001:0000d6b0       _check_alloc_align         0040e6b0 f   local.obj
 0001:0000d710       _check_enter               0040e710 f   local.obj
 0001:0000d7e0       _check_fixed_align         0040e7e0 f   local.obj
 0001:0000d840       _checkpause                0040e840 f   local.obj
 0001:0000d8e0       _comparecs                 0040e8e0 f   local.obj
 0001:0000d930       _comparefnt                0040e930 f   local.obj
 0001:0000d9a0       _comparestrn               0040e9a0 f   local.obj
 0001:0000da10       _complainarg               0040ea10 f   local.obj
 0001:0000da50       _decode_fourty             0040ea50 f   local.obj
 0001:0000db30       _deslash_all               0040eb30 f   local.obj
 0001:0000df80       _dvi_font_show             0040ef80 f   local.obj
 0001:0000e1a0       _endit                     0040f1a0 f   local.obj
 0001:0000e300       _flush_trailing_slash      0040f300 f   local.obj
 0001:0000e360       _free_memory               0040f360 f   local.obj
 0001:0000e700       _grabenv                   0040f700 f   local.obj
 0001:0000ea20       _hidetwiddle               0040fa20 f   local.obj
 0001:0000ea60       _init                      0040fa60 f   local.obj
 0001:0000eda0       _init_commands             0040fda0 f   local.obj
 0001:0000f160       _initial_memory            00410160 f   local.obj
 0001:0000f380       _knuthify                  00410380 f   local.obj
 0001:0000f490       _memory_error              00410490 f   local.obj
 0001:0000f500       _ourrealloc                00410500 f   local.obj
 0001:0000f5d0       _perrormod                 004105d0 f   local.obj
 0001:0000f610       _prime                     00410610 f   local.obj
 0001:0000f670       _print_cs_name             00410670 f   local.obj
 0001:0000f7d0       _print_cs_names            004107d0 f   local.obj
 0001:0000f9d0       _probe_show                004109d0 f   local.obj
 0001:0000fa10       _read_command_line         00410a10 f   local.obj
 0001:0000fc50       _read_commands             00410c50 f   local.obj
 0001:0000fee0       _read_repl_sub             00410ee0 f   local.obj
 0001:00010150       _read_xchr_file            00411150 f   local.obj
 0001:00010780       _read_xchr_sub             00411780 f   local.obj
 0001:000109a0       _realloc_buffer            004119a0 f   local.obj
 0001:00010c50       _realloc_font_info         00411c50 f   local.obj
 0001:00010ec0       _realloc_hyphen            00411ec0 f   local.obj
 0001:00011080       _realloc_input_stack       00412080 f   local.obj
 0001:00011320       _realloc_main              00412320 f   local.obj
 0001:000116f0       _realloc_nest_stack        004126f0 f   local.obj
 0001:00011990       _realloc_param_stack       00412990 f   local.obj
 0001:00011c30       _realloc_save_stack        00412c30 f   local.obj
 0001:00011ee0       _realloc_str_pool          00412ee0 f   local.obj
 0001:00012150       _realloc_str_start         00413150 f   local.obj
 0001:000123c0       _reorderargs               004133c0 f   local.obj
 0001:00012560       _scivilize                 00413560 f   local.obj
 0001:000125e0       _setupdviwindo             004135e0 f   local.obj
 0001:00012970       _show_font_info            00413970 f   local.obj
 0001:00012a90       _show_inter_val            00413a90 f   local.obj
 0001:00012ba0       _show_maximums             00413ba0 f   local.obj
 0001:00012c10       _show_usage                00413c10 f   local.obj
 0001:00012c80       _stamp_it                  00413c80 f   local.obj
 0001:00012d10       _stampcopy                 00413d10 f   local.obj
 0001:00012d40       _update_statistics         00413d40 f   local.obj
 0001:00012d70       _yy_extension              00413d70 f   local.obj
 0001:00012e00       _append_char               00413e00 f   tex0.obj
 0001:00012e20       _badness_                  00413e20 f   tex0.obj
 0001:00012e90       _confusion_                00413e90 f   tex0.obj
 0001:00012fc0       _dvi_out_                  00413fc0 f   tex0.obj
 0001:00012ff0       _error                     00413ff0 f   tex0.obj
 0001:000135e0       _fatal_error_              004145e0 f   tex0.obj
 0001:000136a0       _flush_list_               004146a0 f   tex0.obj
 0001:000136e0       _flush_string              004146e0 f   tex0.obj
 0001:00013700       _free_node_                00414700 f   tex0.obj
 0001:00013770       _get_avail                 00414770 f   tex0.obj
 0001:00013850       _get_node_                 00414850 f   tex0.obj
 0001:00013b40       _half_                     00414b40 f   tex0.obj
 0001:00013b60       _init_terminal             00414b60 f   tex0.obj
 0001:00013ca0       _int_error_                00414ca0 f   tex0.obj
 0001:00013cd0       _jump_out                  00414cd0 f   tex0.obj
 0001:00013d40       _make_string               00414d40 f   tex0.obj
 0001:00013db0       _mult_and_add_             00414db0 f   tex0.obj
 0001:00013e10       _new_disc                  00414e10 f   tex0.obj
 0001:00013e60       _new_glue_                 00414e60 f   tex0.obj
 0001:00013eb0       _new_kern_                 00414eb0 f   tex0.obj
 0001:00013ef0       _new_lig_item_             00414ef0 f   tex0.obj
 0001:00013f20       _new_ligature_             00414f20 f   tex0.obj
 0001:00013f80       _new_math_                 00414f80 f   tex0.obj
 0001:00013fc0       _new_null_box              00414fc0 f   tex0.obj
 0001:00014050       _new_param_glue_           00415050 f   tex0.obj
 0001:000140b0       _new_penalty_              004150b0 f   tex0.obj
 0001:000140f0       _new_rule                  004150f0 f   tex0.obj
 0001:00014150       _new_skip_param_           00415150 f   tex0.obj
 0001:000141e0       _new_spec_                 004151e0 f   tex0.obj
 0001:00014250       _normalize_selector        00415250 f   tex0.obj
 0001:00014290       _overflow_                 00415290 f   tex0.obj
 0001:00014420       _pause_for_instructions    00415420 f   tex0.obj
 0001:000144d0       _print_                    004154d0 f   tex0.obj
 0001:00014640       _print_char_               00415640 f   tex0.obj
 0001:00014840       _print_cs_                 00415840 f   tex0.obj
 0001:000149d0       _print_current_string      004159d0 f   tex0.obj
 0001:00014be0       _print_delimiter_          00415be0 f   tex0.obj
 0001:00014c20       _print_err                 00415c20 f   tex0.obj
 0001:00014c70       _print_esc_                00415c70 f   tex0.obj
 0001:00014c90       _print_fam_and_char_       00415c90 f   tex0.obj
 0001:00014cf0       _print_file_name_          00415cf0 f   tex0.obj
 0001:00014d10       _print_font_and_char_      00415d10 f   tex0.obj
 0001:00014dc0       _print_glue_               00415dc0 f   tex0.obj
 0001:00014e30       _print_hex_                00415e30 f   tex0.obj
 0001:00014e80       _print_int_                00415e80 f   tex0.obj
 0001:00014f40       _print_ln                  00415f40 f   tex0.obj
 0001:00014ff0       _print_mark_               00415ff0 f   tex0.obj
 0001:00015060       _print_nl_                 00416060 f   tex0.obj
 0001:000150a0       _print_roman_int_          004160a0 f   tex0.obj
 0001:00015350       _print_rule_dimen_         00416350 f   tex0.obj
 0001:00015380       _print_scaled_             00416380 f   tex0.obj
 0001:00015420       _print_size_               00416420 f   tex0.obj
 0001:00015490       _print_skip_param_         00416490 f   tex0.obj
 0001:000155f0       _print_spec_               004165f0 f   tex0.obj
 0001:000156a0       _print_string_             004166a0 f   tex0.obj
 0001:000158a0       _print_style_              004168a0 f   tex0.obj
 0001:00015960       _print_subsidiary_data_    00416960 f   tex0.obj
 0001:00015a20       _print_the_digs_           00416a20 f   tex0.obj
 0001:00015c60       _print_two_                00416c60 f   tex0.obj
 0001:00015cc0       _print_write_whatsit_      00416cc0 f   tex0.obj
 0001:00015d20       _round_decimals_           00416d20 f   tex0.obj
 0001:00015d70       _runaway                   00416d70 f   tex0.obj
 0001:00015e70       _short_display_            00416e70 f   tex0.obj
 0001:00016010       _show_node_list_           00417010 f   tex0.obj
 0001:00016d50       _show_token_list_          00417d50 f   tex0.obj
 0001:00016f90       _slow_print_               00417f90 f   tex0.obj
 0001:00017170       _sprint_cs_                00418170 f   tex0.obj
 0001:00017240       _str_eq_buf_               00418240 f   tex0.obj
 0001:00017290       _str_eq_str_               00418290 f   tex0.obj
 0001:000172f0       _succumb                   004182f0 f   tex0.obj
 0001:00017330       _term_input                00418330 f   tex0.obj
 0001:000173d0       _tex_help                  004183d0 f   tex0.obj
 0001:00017410       _x_over_n_                 00418410 f   tex0.obj
 0001:00017480       _xn_over_d_                00418480 f   tex0.obj
 0001:00017510       _begin_diagnostic          00418510 f   tex1.obj
 0001:00017550       _copy_node_list_           00418550 f   tex1.obj
 0001:00017890       _delete_glue_ref_          00418890 f   tex1.obj
 0001:000178c0       _delete_token_ref_         004188c0 f   tex1.obj
 0001:000178f0       _end_diagnostic_           004188f0 f   tex1.obj
 0001:00017920       _eq_define_                00418920 f   tex1.obj
 0001:00017990       _eq_destroy_               00418990 f   tex1.obj
 0001:00017a40       _eq_save_                  00418a40 f   tex1.obj
 0001:00017b30       _eq_word_define_           00418b30 f   tex1.obj
 0001:00017b70       _flush_node_list_          00418b70 f   tex1.obj
 0001:00017ea0       _geq_define_               00418ea0 f   tex1.obj
 0001:00017ef0       _geq_word_define_          00418ef0 f   tex1.obj
 0001:00017f20       _id_lookup_                00418f20 f   tex1.obj
 0001:00018170       _new_save_level_           00419170 f   tex1.obj
 0001:00018250       _pop_nest                  00419250 f   tex1.obj
 0001:000182d0       _print_cmd_chr_            004192d0 f   tex1.obj
 0001:00019880       _print_length_param_       0041a880 f   tex1.obj
 0001:00019a10       _print_mode_               0041aa10 f   tex1.obj
 0001:00019b10       _print_param_              0041ab10 f   tex1.obj
 0001:00019ee0       _push_nest                 0041aee0 f   tex1.obj
 0001:00019fb0       _save_for_after_           0041afb0 f   tex1.obj
 0001:0001a060       _show_activities           0041b060 f   tex1.obj
 0001:0001a540       _show_box_                 0041b540 f   tex1.obj
 0001:0001a5c0       _show_eqtb_                0041b5c0 f   tex1.obj
 0001:0001a9f0       _back_error                0041b9f0 f   tex2.obj
 0001:0001aa10       _back_input                0041ba10 f   tex2.obj
 0001:0001ac10       _begin_file_reading        0041bc10 f   tex2.obj
 0001:0001ad40       _begin_token_list_         0041bd40 f   tex2.obj
 0001:0001af30       _check_outer_validity      0041bf30 f   tex2.obj
 0001:0001b1a0       _clear_for_error_prompt    0041c1a0 f   tex2.obj
 0001:0001b250       _end_file_reading          0041c250 f   tex2.obj
 0001:0001b2d0       _end_token_list            0041c2d0 f   tex2.obj
 0001:0001b3c0       _expand                    0041c3c0 f   tex2.obj
 0001:0001b840       _find_font_dimen_          0041c840 f   tex2.obj
 0001:0001b9c0       _firm_up_the_line          0041c9c0 f   tex2.obj
 0001:0001ba90       _get_next                  0041ca90 f   tex2.obj
 0001:0001c3d0       _get_token                 0041d3d0 f   tex2.obj
 0001:0001c420       _get_x_token               0041d420 f   tex2.obj
 0001:0001c490       _ins_error                 0041d490 f   tex2.obj
 0001:0001c4c0       _insert_relax              0041d4c0 f   tex2.obj
 0001:0001c4f0       _macro_call                0041d4f0 f   tex2.obj
 0001:0001cce0       _mu_error                  0041dce0 f   tex2.obj
 0001:0001cd00       _prepare_mag               0041dd00 f   tex2.obj
 0001:0001cdc0       _print_meaning             0041ddc0 f   tex2.obj
 0001:0001ce40       _scan_char_num             0041de40 f   tex2.obj
 0001:0001ce90       _scan_eight_bit_int        0041de90 f   tex2.obj
 0001:0001cee0       _scan_fifteen_bit_int      0041dee0 f   tex2.obj
 0001:0001cf30       _scan_font_ident           0041df30 f   tex2.obj
 0001:0001cfd0       _scan_four_bit_int         0041dfd0 f   tex2.obj
 0001:0001d020       _scan_keyword_             0041e020 f   tex2.obj
 0001:0001d0f0       _scan_left_brace           0041e0f0 f   tex2.obj
 0001:0001d1e0       _scan_optional_equals      0041e1e0 f   tex2.obj
 0001:0001d200       _scan_something_internal_  0041e200 f   tex2.obj
 0001:0001d820       _scan_twenty_seven_bit_int 0041e820 f   tex2.obj
 0001:0001d870       _show_context              0041e870 f   tex2.obj
 0001:0001ddd0       _show_cur_cmd_chr          0041edd0 f   tex2.obj
 0001:0001de40       _token_show_               0041ee40 f   tex2.obj
 0001:0001de60       _unsave                    0041ee60 f   tex2.obj
 0001:0001e070       _x_token                   0041f070 f   tex2.obj
 0001:0001e0c0       _b_make_name_string_       0041f0c0 f   tex3.obj
 0001:0001e0c0       _w_make_name_string_       0041f0c0 f   tex3.obj
 0001:0001e0d0       _change_if_limit_          0041f0d0 f   tex3.obj
 0001:0001e120       _conditional               0041f120 f   tex3.obj
 0001:0001e740       _conv_toks                 0041f740 f   tex3.obj
 0001:0001e8d0       _end_name                  0041f8d0 f   tex3.obj
 0001:0001eaf0       _find_string               0041faf0 f   tex3.obj
 0001:0001ec90       _ins_the_toks              0041fc90 f   tex3.obj
 0001:0001ecc0       _jobnameappend             0041fcc0 f   tex3.obj
 0001:0001ee50       _make_name_string          0041fe50 f   tex3.obj
 0001:0001ef40       _more_name_                0041ff40 f   tex3.obj
 0001:0001f040       _open_log_file             00420040 f   tex3.obj
 0001:0001f3e0       _pack_buffered_name_       004203e0 f   tex3.obj
 0001:0001f4f0       _pack_file_name_           004204f0 f   tex3.obj
 0001:0001f630       _pack_job_name_            00420630 f   tex3.obj
 0001:0001f660       _pass_text                 00420660 f   tex3.obj
 0001:0001f6c0       _prompt_file_name_         004206c0 f   tex3.obj
 0001:0001f890       _read_font_info_           00420890 f   tex3.obj
 0001:00020a50       _read_toks_                00421a50 f   tex3.obj
 0001:00020cf0       _remove_string             00421cf0 f   tex3.obj
 0001:00020da0       _scan_dimen_               00421da0 f   tex3.obj
 0001:00021490       _scan_file_name            00422490 f   tex3.obj
 0001:00021550       _scan_glue_                00422550 f   tex3.obj
 0001:000216b0       _scan_int                  004226b0 f   tex3.obj
 0001:00021920       _scan_rule_spec            00422920 f   tex3.obj
 0001:00021a00       _scan_toks_                00422a00 f   tex3.obj
 0001:00021d40       _show_tex_fonts            00422d40 f   tex3.obj
 0001:00021e10       _show_tex_inputs           00422e10 f   tex3.obj
 0001:00021ee0       _start_input               00422ee0 f   tex3.obj
 0001:00022180       _str_toks_                 00423180 f   tex3.obj
 0001:00022280       _the_toks                  00423280 f   tex3.obj
 0001:00022430       _append_to_vlist_          00423430 f   tex4.obj
 0001:000224c0       _char_box_                 004234c0 f   tex4.obj
 0001:000225a0       _char_warning_             004235a0 f   tex4.obj
 0001:00022700       _dvi_font_def_             00423700 f   tex4.obj
 0001:00022900       _dvi_four_                 00423900 f   tex4.obj
 0001:00022960       _dvi_swap                  00423960 f   tex4.obj
 0001:00022a70       _fraction_rule_            00423a70 f   tex4.obj
 0001:00022aa0       _hlist_out                 00423aa0 f   tex4.obj
 0001:00023290       _hpack_                    00424290 f   tex4.obj
 0001:000239e0       _new_character_            004249e0 f   tex4.obj
 0001:00023a40       _new_choice                00424a40 f   tex4.obj
 0001:00023aa0       _new_noad                  00424aa0 f   tex4.obj
 0001:00023b30       _new_style_                00424b30 f   tex4.obj
 0001:00023b80       _out_what_                 00424b80 f   tex4.obj
 0001:00023cb0       _overbar_                  00424cb0 f   tex4.obj
 0001:00023d20       _prune_movements_          00424d20 f   tex4.obj
 0001:00023da0       _scan_spec_                00424da0 f   tex4.obj
 0001:00023e80       _ship_out_                 00424e80 f   tex4.obj
 0001:00024380       _show_info                 00425380 f   tex4.obj
 0001:000243a0       _special_out_              004253a0 f   tex4.obj
 0001:00024550       _var_delimiter_            00425550 f   tex4.obj
 0001:00024af0       _vlist_out                 00425af0 f   tex4.obj
 0001:00025160       _vpackage_                 00426160 f   tex4.obj
 0001:00025680       _write_out_                00426680 f   tex4.obj
 0001:000257e0       _zmovement                 004267e0 f   tex4.obj
 0001:00025b30       _clean_box_                00426b30 f   tex5.obj
 0001:00025ca0       _fetch_                    00426ca0 f   tex5.obj
 0001:00025dd0       _fin_align                 00426dd0 f   tex5.obj
 0001:00026870       _fin_col                   00427870 f   tex5.obj
 0001:00026f30       _fin_row                   00427f30 f   tex5.obj
 0001:00027010       _flush_math                00428010 f   tex5.obj
 0001:00027060       _get_preamble_token        00428060 f   tex5.obj
 0001:00027110       _init_align                00428110 f   tex5.obj
 0001:000274d0       _init_col                  004284d0 f   tex5.obj
 0001:00027520       _init_row                  00428520 f   tex5.obj
 0001:00027600       _init_span_                00428600 f   tex5.obj
 0001:00027640       _make_fraction_            00428640 f   tex5.obj
 0001:00027a40       _make_left_right_          00428a40 f   tex5.obj
 0001:00027af0       _make_math_accent_         00428af0 f   tex5.obj
 0001:00027eb0       _make_op_                  00428eb0 f   tex5.obj
 0001:00028530       _make_ord_                 00429530 f   tex5.obj
 0001:00028840       _make_over_                00429840 f   tex5.obj
 0001:000288b0       _make_radical_             004298b0 f   tex5.obj
 0001:00028a00       _make_scripts_             00429a00 f   tex5.obj
 0001:00029040       _make_under_               0042a040 f   tex5.obj
 0001:00029130       _make_vcenter_             0042a130 f   tex5.obj
 0001:000291a0       _math_glue_                0042a1a0 f   tex5.obj
 0001:000292e0       _math_kern_                0042a2e0 f   tex5.obj
 0001:00029370       _mlist_to_hlist            0042a370 f   tex5.obj
 0001:00029d00       _pop_alignment             0042ad00 f   tex5.obj
 0001:00029d90       _push_alignment            0042ad90 f   tex5.obj
 0001:00029e30       _rebox_                    0042ae30 f   tex5.obj
 0001:00029f30       _align_peek                0042af30 f   tex6.obj
 0001:00029fa0       _box_error_                0042afa0 f   tex6.obj
 0001:00029ff0       _ensure_vbox_              0042aff0 f   tex6.obj
 0001:0002a040       _finite_shrink_            0042b040 f   tex6.obj
 0001:0002a0b0       _fire_up_                  0042b0b0 f   tex6.obj
 0001:0002a880       _freeze_page_specs_        0042b880 f   tex6.obj
 0001:0002a940       _hyphenate                 0042b940 f   tex6.obj
 0001:0002b210       _new_hyph_exceptions       0042c210 f   tex6.obj
 0001:0002b5a0       _post_line_break_          0042c5a0 f   tex6.obj
 0001:0002b9b0       _print_totals              0042c9b0 f   tex6.obj
 0001:0002ba90       _prune_page_top_           0042ca90 f   tex6.obj
 0001:0002bbb0       _reconstitute_             0042cbb0 f   tex6.obj
 0001:0002c310       _try_break_                0042d310 f   tex6.obj
 0001:0002d1e0       _vert_break_               0042e1e0 f   tex6.obj
 0001:0002d4b0       _vsplit_                   0042e4b0 f   tex6.obj
 0001:0002d640       _align_error               0042e640 f   tex7.obj
 0001:0002d740       _app_space                 0042e740 f   tex7.obj
 0001:0002d8f0       _append_choices            0042e8f0 f   tex7.obj
 0001:0002d960       _append_discretionary      0042e960 f   tex7.obj
 0001:0002da10       _append_glue               0042ea10 f   tex7.obj
 0001:0002dae0       _append_italic_correction  0042eae0 f   tex7.obj
 0001:0002db70       _append_kern               0042eb70 f   tex7.obj
 0001:0002dbd0       _append_penalty            0042ebd0 f   tex7.obj
 0001:0002dc20       _begin_box_                0042ec20 f   tex7.obj
 0001:0002df00       _begin_insert_or_adjust    0042ef00 f   tex7.obj
 0001:0002dfb0       _box_end_                  0042efb0 f   tex7.obj
 0001:0002e1a0       _build_choices             0042f1a0 f   tex7.obj
 0001:0002e2b0       _build_discretionary       0042f2b0 f   tex7.obj
 0001:0002e4a0       _build_page                0042f4a0 f   tex7.obj
 0001:0002ee20       _cs_error                  0042fe20 f   tex7.obj
 0001:0002ee50       _delete_last               0042fe50 f   tex7.obj
 0001:0002ef50       _do_endv                   0042ff50 f   tex7.obj
 0001:0002efb0       _end_graf                  0042ffb0 f   tex7.obj
 0001:0002f000       _extra_right_brace         00430000 f   tex7.obj
 0001:0002f070       _fin_mlist_                00430070 f   tex7.obj
 0001:0002f140       _head_for_vmode            00430140 f   tex7.obj
 0001:0002f1b0       _indent_in_hmode           004301b0 f   tex7.obj
 0001:0002f230       _init_math                 00430230 f   tex7.obj
 0001:0002f590       _insert_dollar_sign        00430590 f   tex7.obj
 0001:0002f5d0       _its_all_over              004305d0 f   tex7.obj
 0001:0002f6b0       _make_accent               004306b0 f   tex7.obj
 0001:0002f8e0       _make_mark                 004308e0 f   tex7.obj
 0001:0002f940       _math_ac                   00430940 f   tex7.obj
 0001:0002faf0       _math_limit_switch         00430af0 f   tex7.obj
 0001:0002fb40       _math_radical              00430b40 f   tex7.obj
 0001:0002fc30       _new_graf_                 00430c30 f   tex7.obj
 0001:0002fd60       _noalign_error             00430d60 f   tex7.obj
 0001:0002fd90       _norm_min_                 00430d90 f   tex7.obj
 0001:0002fdb0       _normal_paragraph          00430db0 f   tex7.obj
 0001:0002fe20       _off_save                  00430e20 f   tex7.obj
 0001:0002ff50       _omit_error                00430f50 f   tex7.obj
 0001:0002ff90       _package_                  00430f90 f   tex7.obj
 0001:00030060       _privileged                00431060 f   tex7.obj
 0001:00030080       _push_math_                00431080 f   tex7.obj
 0001:000300a0       _report_illegal_case       004310a0 f   tex7.obj
 0001:00030100       _scan_box_                 00431100 f   tex7.obj
 0001:00030170       _scan_delimiter_           00431170 f   tex7.obj
 0001:000302c0       _scan_math_                004312c0 f   tex7.obj
 0001:000304a0       _set_math_char_            004314a0 f   tex7.obj
 0001:000305a0       _start_eq_no               004315a0 f   tex7.obj
 0001:00030600       _sub_sup                   00431600 f   tex7.obj
 0001:000306b0       _unpackage                 004316b0 f   tex7.obj
 0001:000307a0       _you_cant                  004317a0 f   tex7.obj
 0001:000307e0       _after_math                004317e0 f   tex8.obj
 0001:00030ee0       _alter_aux                 00431ee0 f   tex8.obj
 0001:00030f70       _alter_box_dimen           00431f70 f   tex8.obj
 0001:00030fc0       _alter_integer             00431fc0 f   tex8.obj
 0001:00030ff0       _alter_page_so_far         00431ff0 f   tex8.obj
 0001:00031020       _alter_prev_graf           00432020 f   tex8.obj
 0001:00031120       _do_assignments            00432120 f   tex8.obj
 0001:00031160       _do_extension              00432160 f   tex8.obj
 0001:00031360       _do_register_command_      00432360 f   tex8.obj
 0001:000317c0       _fix_language              004327c0 f   tex8.obj
 0001:00031880       _get_r_token               00432880 f   tex8.obj
 0001:000318f0       _handle_right_brace        004328f0 f   tex8.obj
 0001:00031ef0       _issue_message             00432ef0 f   tex8.obj
 0001:00032090       _main_control              00433090 f   tex8.obj
 0001:00033480       _math_fraction             00434480 f   tex8.obj
 0001:00033680       _math_left_right           00434680 f   tex8.obj
 0001:00033790       _new_font_                 00434790 f   tex8.obj
 0001:00033c00       _new_interaction           00434c00 f   tex8.obj
 0001:00033c40       _new_whatsit_              00434c40 f   tex8.obj
 0001:00033c90       _new_write_whatsit_        00434c90 f   tex8.obj
 0001:00033d50       _open_or_close_in          00434d50 f   tex8.obj
 0001:00033ec0       _resume_after_display      00434ec0 f   tex8.obj
 0001:00033f90       _shift_case                00434f90 f   tex8.obj
 0001:00034050       _show_whatever             00435050 f   tex8.obj
 0001:000341e0       _trap_zero_glue            004351e0 f   tex8.obj
 0001:00034220       _close_files_and_terminate 00435220 f   tex9.obj
 0001:00034e10       _give_err_help             00435e10 f   tex9.obj
 0001:00034e20       _open_fmt_file             00435e20 f   tex9.obj
 0001:00035100       _print_char_string         00436100 f   tex9.obj
 0001:00035126       ___initstdio               00436126 f   LIBCMT:_file.obj
 0001:00035199       ___endstdio                00436199 f   LIBCMT:_file.obj
 0001:000351c0       ___iob_func                004361c0 f   LIBCMT:_file.obj
 0001:000351c6       __lock_file                004361c6 f   LIBCMT:_file.obj
 0001:00035205       __lock_file2               00436205 f   LIBCMT:_file.obj
 0001:00035235       __unlock_file              00436235 f   LIBCMT:_file.obj
 0001:0003526f       __unlock_file2             0043626f f   LIBCMT:_file.obj
 0001:0003529c       __fclose_nolock            0043629c f   LIBCMT:fclose.obj
 0001:00035308       _fclose                    00436308 f   LIBCMT:fclose.obj
 0001:0003537f       __fflush_nolock            0043637f f   LIBCMT:fflush.obj
 0001:000353c5       __flush                    004363c5 f   LIBCMT:fflush.obj
 0001:00035429       __flushall                 00436429 f   LIBCMT:fflush.obj
 0001:00035432       _fflush                    00436432 f   LIBCMT:fflush.obj
 0001:0003556b       _fprintf                   0043656b f   LIBCMT:fprintf.obj
 0001:0003567d       _fputs                     0043667d f   LIBCMT:fputs.obj
 0001:00035783       __fread_nolock_s           00436783 f   LIBCMT:fread.obj
 0001:00035946       _fread                     00436946 f   LIBCMT:fread.obj
 0001:00035961       _fread_s                   00436961 f   LIBCMT:fread.obj
 0001:000359f2       __fwrite_nolock            004369f2 f   LIBCMT:fwrite.obj
 0001:00035b49       _fwrite                    00436b49 f   LIBCMT:fwrite.obj
 0001:00035bc7       _getc                      00436bc7 f   LIBCMT:fgetc.obj
 0001:00035cc0       __ungetc_nolock            00436cc0 f   LIBCMT:ungetc.obj
 0001:00035da0       _ungetc                    00436da0 f   LIBCMT:ungetc.obj
 0001:00035e0c       _sprintf                   00436e0c f   LIBCMT:sprintf.obj
 0001:00035e8e       ___doserrno                00436e8e f   LIBCMT:dosmap.obj
 0001:00035ea1       __dosmaperr                00436ea1 f   LIBCMT:dosmap.obj
 0001:00035ec2       __errno                    00436ec2 f   LIBCMT:dosmap.obj
 0001:00035ed5       __get_errno_from_oserr     00436ed5 f   LIBCMT:dosmap.obj
 0001:00035f16       ___copy_path_to_wide_string 00436f16 f   LIBCMT:crt0dat.obj
 0001:00035fc6       ___crtCorExitProcess       00436fc6 f   LIBCMT:crt0dat.obj
 0001:00035ff8       ___crtExitProcess          00436ff8 f   LIBCMT:crt0dat.obj
 0001:0003600e       __amsg_exit                0043700e f   LIBCMT:crt0dat.obj
 0001:0003602a       __c_exit                   0043702a f   LIBCMT:crt0dat.obj
 0001:00036039       __cexit                    00437039 f   LIBCMT:crt0dat.obj
 0001:00036048       __cinit                    00437048 f   LIBCMT:crt0dat.obj
 0001:000360d9       __exit                     004370d9 f   LIBCMT:crt0dat.obj
 0001:000360ed       __init_pointers            004370ed f   LIBCMT:crt0dat.obj
 0001:00036141       __initterm_e               00437141 f   LIBCMT:crt0dat.obj
 0001:00036163       __lockexit                 00437163 f   LIBCMT:crt0dat.obj
 0001:0003616c       __unlockexit               0043716c f   LIBCMT:crt0dat.obj
 0001:000362a4       _exit                      004372a4 f   LIBCMT:crt0dat.obj
 0001:000362b8       _system                    004372b8 f   LIBCMT:system.obj
 0001:000363a0       _strchr                    004373a0 f   LIBCMT:strchr.obj
 0001:0003640e       ___from_strstr_to_strchr   0043740e     LIBCMT:strchr.obj
 0001:000364d0       _strrchr                   004374d0 f   LIBCMT:strrchr.obj
 0001:00036607       ??0_LocaleUpdate@@QAE@PAUlocaleinfo_struct@@@Z 00437607 f i LIBCMT:_ctype.obj
 0001:0003668f       __isalpha_l                0043768f f i LIBCMT:_ctype.obj
 0001:000366e5       __isdigit_l                004376e5 f i LIBCMT:_ctype.obj
 0001:00036735       __isspace_l                00437735 f i LIBCMT:_ctype.obj
 0001:00036785       __isxdigit_l               00437785 f i LIBCMT:_ctype.obj
 0001:000367db       _isalpha                   004377db f i LIBCMT:_ctype.obj
 0001:00036808       _isdigit                   00437808 f i LIBCMT:_ctype.obj
 0001:00036833       _isspace                   00437833 f i LIBCMT:_ctype.obj
 0001:0003685e       _isxdigit                  0043785e f i LIBCMT:_ctype.obj
 0001:0003688b       __localtime64              0043788b f   LIBCMT:loctim64.obj
 0001:000368b0       __localtime64_s            004378b0 f   LIBCMT:loctim64.obj
 0001:00036b28       __time64                   00437b28 f   LIBCMT:time64.obj
 0001:00036b77       ___get_sigabrt             00437b77 f   LIBCMT:winsig.obj
 0001:00036b84       __initp_misc_winsig        00437b84 f   LIBCMT:winsig.obj
 0001:00036c39       _raise                     00437c39 f   LIBCMT:winsig.obj
 0001:00036e2d       _signal                    00437e2d f   LIBCMT:winsig.obj
 0001:0003707f       @__security_check_cookie@4 0043807f f   LIBCMT:secchk.obj
 0001:00037090       __setjmp3                  00438090 f   LIBCMT:setjmp3.obj
 0001:0003710b       ___raise_securityfailure   0043810b f   LIBCMT:gs_report.obj
 0001:00037148       ___report_gsfailure        00438148 f   LIBCMT:gs_report.obj
 0001:00037241       ___report_rangecheckfailure 00438241 f   LIBCMT:gs_report.obj
 0001:0003724d       ___report_securityfailure  0043824d f   LIBCMT:gs_report.obj
 0001:0003731b       _feof                      0043831b f   LIBCMT:feoferr.obj
 0001:00037341       _ferror                    00438341 f   LIBCMT:feoferr.obj
 0001:00037367       _putc                      00438367 f   LIBCMT:fputc.obj
 0001:00037468       ___inittime                00438468 f   LIBCMT:clock.obj
 0001:00037491       _clock                     00438491 f   LIBCMT:clock.obj
 0001:000374d0       _memset                    004384d0 f   LIBCMT:memset.obj
 0001:00037560       __getcwd                   00438560 f   LIBCMT:getcwd.obj
 0001:00037575       __getdcwd                  00438575 f   LIBCMT:getcwd.obj
 0001:0003768f       __validdrive               0043868f f   LIBCMT:getcwd.obj
 0001:00037709       __fsopen                   00438709 f   LIBCMT:fopen.obj
 0001:000377cd       _fopen                     004387cd f   LIBCMT:fopen.obj
 0001:000377f0       _memmove                   004387f0 f   LIBCMT:memmove.obj
 0001:00037e40       _strncpy                   00438e40 f   LIBCMT:strncpy.obj
 0001:00037f70       _strstr                    00438f70 f   LIBCMT:strstr.obj
 0001:000381d3       _sscanf                    004391d3 f   LIBCMT:sscanf.obj
 0001:00038262       _abort                     00439262 f   LIBCMT:abort.obj
 0001:000382a5       __dupenv_s                 004392a5 f   LIBCMT:getenv.obj
 0001:00038379       __getenv_helper_nolock     00439379 f   LIBCMT:getenv.obj
 0001:000383fd       _getenv                    004393fd f   LIBCMT:getenv.obj
 0001:00038479       _calloc                    00439479 f   LIBCMT:calloc.obj
 0001:000384b7       _free                      004394b7 f   LIBCMT:free.obj
 0001:000384ef       _malloc                    004394ef f   LIBCMT:malloc.obj
 0001:00038581       _realloc                   00439581 f   LIBCMT:realloc.obj
 0001:00038630       _strncmp                   00439630 f   LIBCMT:strncmp.obj
 0001:000386a8       _strtok                    004396a8 f   LIBCMT:strtok.obj
 0001:0003876d       __access                   0043976d f   LIBCMT:access.obj
 0001:00038783       __access_s                 00439783 f   LIBCMT:access.obj
 0001:000387cb       __findclose                004397cb f   LIBCMT:findfile.obj
 0001:000387ef       ___time64_t_from_ft        004397ef f   LIBCMT:findfi32.obj
 0001:0003886b       __findfirst64i32           0043986b f   LIBCMT:findfi32.obj
 0001:00038990       __findnext64i32            00439990 f   LIBCMT:findfi32.obj
 0001:00038aa5       __tolower_l                00439aa5 f   LIBCMT:tolower.obj
 0001:00038be6       _tolower                   00439be6 f   LIBCMT:tolower.obj
 0001:00038c20       __alloca_probe_16          00439c20 f   LIBCMT:alloca16.obj
 0001:00038c36       __alloca_probe_8           00439c36     LIBCMT:alloca16.obj
 0001:00038c50       _memcpy                    00439c50 f   LIBCMT:memcpy.obj
 0001:00039294       __fpmath                   0043a294 f   LIBCMT:fpinit.obj
 0001:000392ab       __cfltcvt_init             0043a2ab f   LIBCMT:fpinit.obj
 0001:0003930b       _fgets                     0043a30b f   LIBCMT:fgets.obj
 0001:0003944a       _atoi                      0043a44a f   LIBCMT:atox.obj
 0001:00039453       _atol                      0043a453 f   LIBCMT:atox.obj
 0001:00039470       _qsort                     0043a470 f   LIBCMT:qsort.obj
 0001:000399c0       _strtol                    0043a9c0 f   LIBCMT:strtol.obj
 0001:000399ea       __searchenv                0043a9ea f   LIBCMT:searchen.obj
 0001:00039a05       __searchenv_s              0043aa05 f   LIBCMT:searchen.obj
 0001:00039d73       __get_sys_err_msg          0043ad73 f i LIBCMT:strerror.obj
 0001:00039d99       _strerror                  0043ad99 f   LIBCMT:strerror.obj
 0001:00039e01       __strnicmp                 0043ae01 f   LIBCMT:strnicmp.obj
 0001:00039e6c       __strnicmp_l               0043ae6c f   LIBCMT:strnicmp.obj
 0001:00039f1b       __expand                   0043af1b f   LIBCMT:expand.obj
 0001:00039fd5       __msize                    0043afd5 f   LIBCMT:msize.obj
 0001:0003a006       __freea                    0043b006 f i LIBCMT:getch.obj
 0001:0003a024       __getch                    0043b024 f   LIBCMT:getch.obj
 0001:0003a066       __getch_nolock             0043b066 f   LIBCMT:getch.obj
 0001:0003a141       __getextendedkeycode       0043b141 f   LIBCMT:getch.obj
 0001:0003a369       _mainCRTStartup            0043b369 f   LIBCMT:crt0.obj
 0001:0003a373       __fcloseall                0043b373 f   LIBCMT:closeall.obj
 0001:0003a373       _fcloseall                 0043b373 f   LIBCMT:closeall.obj
 0001:0003a410       __lock                     0043b410 f   LIBCMT:mlock.obj
 0001:0003a444       __mtdeletelocks            0043b444 f   LIBCMT:mlock.obj
 0001:0003a498       __mtinitlocknum            0043b498 f   LIBCMT:mlock.obj
 0001:0003a53f       __mtinitlocks              0043b53f f   LIBCMT:mlock.obj
 0001:0003a574       __unlock                   0043b574 f   LIBCMT:mlock.obj
 0001:0003a589       __calloc_crt               0043b589 f   LIBCMT:crtheap.obj
 0001:0003a5d3       __malloc_crt               0043b5d3 f   LIBCMT:crtheap.obj
 0001:0003a61c       __realloc_crt              0043b61c f   LIBCMT:crtheap.obj
 0001:0003a668       __recalloc_crt             0043b668 f   LIBCMT:crtheap.obj
 0001:0003a6b8       __call_reportfault         0043b6b8 f   LIBCMT:invarg.obj
 0001:0003a7db       __initp_misc_invarg        0043b7db f   LIBCMT:invarg.obj
 0001:0003a7e8       __invalid_parameter        0043b7e8 f   LIBCMT:invarg.obj
 0001:0003a813       __invalid_parameter_noinfo 0043b813 f   LIBCMT:invarg.obj
 0001:0003a823       __invoke_watson            0043b823 f   LIBCMT:invarg.obj
 0001:0003a84e       __fileno                   0043b84e f   LIBCMT:fileno.obj
 0001:0003a872       __close                    0043b872 f   LIBCMT:close.obj
 0001:0003a93c       __close_nolock             0043b93c f   LIBCMT:close.obj
 0001:0003a9d6       __freebuf                  0043b9d6 f   LIBCMT:_freebuf.obj
 0001:0003aa10       __SEH_prolog4              0043ba10 f   LIBCMT:sehprolg4.obj
 0001:0003aa55       __SEH_epilog4              0043ba55 f   LIBCMT:sehprolg4.obj
 0001:0003aa70       __except_handler4          0043ba70 f   LIBCMT:chandler4.obj
 0001:0003ac05       __commit                   0043bc05 f   LIBCMT:commit.obj
 0001:0003aceb       __write                    0043bceb f   LIBCMT:write.obj
 0001:0003adcd       __write_nolock             0043bdcd f   LIBCMT:write.obj
 0001:0003b5f7       __ftbuf                    0043c5f7 f   LIBCMT:_sftbuf.obj
 0001:0003b628       __stbuf                    0043c628 f   LIBCMT:_sftbuf.obj
 0001:0003b6ce       __output_l                 0043c6ce f   LIBCMT:output.obj
 0001:0003c340       __ioinit                   0043d340 f   LIBCMT:ioinit.obj
 0001:0003c5f0       _strlen                    0043d5f0 f   LIBCMT:strlen.obj
 0001:0003c67b       __filbuf                   0043d67b f   LIBCMT:_filbuf.obj
 0001:0003c79c       _memcpy_s                  0043d79c f   LIBCMT:memcpy_s.obj
 0001:0003c81b       __read                     0043d81b f   LIBCMT:read.obj
 0001:0003c923       __read_nolock              0043d923 f   LIBCMT:read.obj
 0001:0003d0b2       __flsbuf                   0043e0b2 f   LIBCMT:_flsbuf.obj
 0001:0003d1ff       __getbuf                   0043e1ff f   LIBCMT:_getbuf.obj
 0001:0003d245       __freefls@4                0043e245 f   LIBCMT:tidtable.obj
 0001:0003d37c       __getptd                   0043e37c f   LIBCMT:tidtable.obj
 0001:0003d394       __getptd_noexit            0043e394 f   LIBCMT:tidtable.obj
 0001:0003d403       __initptd                  0043e403 f   LIBCMT:tidtable.obj
 0001:0003d4b6       __mtinit                   0043e4b6 f   LIBCMT:tidtable.obj
 0001:0003d52c       __mtterm                   0043e52c f   LIBCMT:tidtable.obj
 0001:0003d549       __RTC_Initialize           0043e549 f   LIBCMT:initsect.obj
 0001:0003d569       __RTC_Terminate            0043e569 f   LIBCMT:initsect.obj
 0001:0003d589       ___crtFlsAlloc             0043e589 f   LIBCMT:winapisupp.obj
 0001:0003d5a7       ___crtFlsFree              0043e5a7 f   LIBCMT:winapisupp.obj
 0001:0003d5c6       ___crtFlsGetValue          0043e5c6 f   LIBCMT:winapisupp.obj
 0001:0003d5e5       ___crtFlsSetValue          0043e5e5 f   LIBCMT:winapisupp.obj
 0001:0003d607       ___crtIsPackagedApp        0043e607 f   LIBCMT:winapisupp.obj
 0001:0003d645       ___crtLoadWinApiPointers   0043e645 f   LIBCMT:winapisupp.obj
 0001:0003d884       ___crtSetUnhandledExceptionFilter 0043e884 f   LIBCMT:winapisupp.obj
 0001:0003d892       ___crtTerminateProcess     0043e892 f   LIBCMT:winapisupp.obj
 0001:0003d8a7       ___crtUnhandledException   0043e8a7 f   LIBCMT:winapisupp.obj
 0001:0003d8bd       __FF_MSGBANNER             0043e8bd f   LIBCMT:crt0msg.obj
 0001:0003d8f6       __GET_RTERRMSG             0043e8f6 f   LIBCMT:crt0msg.obj
 0001:0003d91a       __NMSG_WRITE               0043e91a f   LIBCMT:crt0msg.obj
 0001:0003dae0       __FindPESection            0043eae0 f   LIBCMT:pesect.obj
 0001:0003db30       __IsNonwritableInCurrentImage 0043eb30 f   LIBCMT:pesect.obj
 0001:0003dbf0       __ValidateImageBase        0043ebf0 f   LIBCMT:pesect.obj
 0001:0003dc21       ___onexitinit              0043ec21 f   LIBCMT:onexit.obj
 0001:0003dc50       __onexit                   0043ec50 f   LIBCMT:onexit.obj
 0001:0003dd46       _atexit                    0043ed46 f   LIBCMT:onexit.obj
 0001:0003dd5b       __initp_misc_cfltcvt_tab   0043ed5b f   LIBCMT:cmiscdat.obj
 0001:0003dd7a       ?terminate@@YAXXZ          0043ed7a f   LIBCMT:hooks.obj
 0001:0003ddae       __initp_eh_hooks           0043edae f   LIBCMT:hooks.obj
 0001:0003ddbf       __callnewh                 0043edbf f   LIBCMT:handler.obj
 0001:0003dde5       __initp_heap_handler       0043ede5 f   LIBCMT:handler.obj
 0001:0003ddf2       __initp_misc_purevirt      0043edf2 f   LIBCMT:inithelp.obj
 0001:0003ddff       __initp_misc_rand_s        0043edff f   LIBCMT:rand_s.obj
 0001:0003de0c       ___initmbctable            0043ee0c f   LIBCMT:mbctype.obj
 0001:0003e0c7       ___updatetmbcinfo          0043f0c7 f   LIBCMT:mbctype.obj
 0001:0003e16c       __setmbcp                  0043f16c f   LIBCMT:mbctype.obj
 0001:0003e31a       __setmbcp_nolock           0043f31a f   LIBCMT:mbctype.obj
 0001:0003e50f       __spawnve                  0043f50f f   LIBCMT:spawnve.obj
 0001:0003e76a       __spawnvpe                 0043f76a f   LIBCMT:spawnvpe.obj
 0001:0003e9da       ___isa_available_init      0043f9da f   LIBCMT:cpu_disp.obj
 0001:0003eb13       ___addlocaleref            0043fb13 f   LIBCMT:localref.obj
 0001:0003eba3       ___freetlocinfo            0043fba3 f   LIBCMT:localref.obj
 0001:0003ecfd       ___removelocaleref         0043fcfd f   LIBCMT:localref.obj
 0001:0003ed98       ___updatetlocinfo          0043fd98 f   LIBCMT:localref.obj
 0001:0003ee14       __updatetlocinfoEx_nolock  0043fe14 f   LIBCMT:localref.obj
 0001:0003ee5f       __isctype_l                0043fe5f f   LIBCMT:isctype.obj
 0001:0003ef0e       __locterm                  0043ff0e f   LIBCMT:wsetloca.obj
 0001:0003ef60       ___daylight                0043ff60 f   LIBCMT:timeset.obj
 0001:0003ef66       ___dstbias                 0043ff66 f   LIBCMT:timeset.obj
 0001:0003ef6c       ___timezone                0043ff6c f   LIBCMT:timeset.obj
 0001:0003ef72       ___tzname                  0043ff72 f   LIBCMT:timeset.obj
 0001:0003ef78       __get_daylight             0043ff78 f   LIBCMT:timeset.obj
 0001:0003efa2       __get_dstbias              0043ffa2 f   LIBCMT:timeset.obj
 0001:0003efcc       __get_timezone             0043ffcc f   LIBCMT:timeset.obj
 0001:0003eff6       __gmtime64_s               0043fff6 f   LIBCMT:gmtime64.obj
 0001:0003f21f       ___tzset                   0044021f f   LIBCMT:tzset.obj
 0001:0003f26f       __isindst                  0044026f f   LIBCMT:tzset.obj
 0001:0003f9b7       ___getgmtimebuf            004409b7 f   LIBCMT:gmtime.obj
 0001:0003f9f0       __alldiv                   004409f0 f   LIBCMT:lldiv.obj
 0001:0003faa0       __allrem                   00440aa0 f   LIBCMT:llrem.obj
 0001:0003fb60       __aulldiv                  00440b60 f   LIBCMT:ulldiv.obj
 0001:0003fbc8       __XcptFilter               00440bc8 f   LIBCMT:winxfltr.obj
 0001:0003fd30       __global_unwind2           00440d30 f   LIBCMT:exsup.obj
 0001:0003fd95       __local_unwind2            00440d95 f   LIBCMT:exsup.obj
 0001:0003fe19       __abnormal_termination     00440e19 f   LIBCMT:exsup.obj
 0001:0003fe3c       __NLG_Notify1              00440e3c f   LIBCMT:exsup.obj
 0001:0003fe45       __NLG_Notify               00440e45 f   LIBCMT:exsup.obj
 0001:0003fe5c       __NLG_Dispatch2            00440e5c     LIBCMT:exsup.obj
 0001:0003fe5c       __NLG_Dispatch             00440e5c     LIBCMT:exsup.obj
 0001:0003fe64       __NLG_Call                 00440e64 f   LIBCMT:exsup.obj
 0001:0003fe66       __NLG_Return2              00440e66     LIBCMT:exsup.obj
 0001:0003fe67       __crt_debugger_hook        00440e67 f   LIBCMT:dbghook.obj
 0001:0003fe6f       __VEC_memset               00440e6f f   LIBCMT:p4_memset.obj
 0001:0003ff37       __getdrive                 00440f37 f   LIBCMT:drive.obj
 0001:00040004       __getstream                00441004 f   LIBCMT:stream.obj
 0001:0004011c       __openfile                 0044111c f   LIBCMT:_open.obj
 0001:000403a0       __local_unwind4            004413a0 f   LIBCMT:exsup4.obj
 0001:00040476       __seh_longjmp_unwind4@4    00441476 f   LIBCMT:exsup4.obj
 0001:00040492       @_EH4_CallFilterFunc@8     00441492 f   LIBCMT:exsup4.obj
 0001:000404a9       @_EH4_TransferToHandler@8  004414a9 f   LIBCMT:exsup4.obj
 0001:000404c2       @_EH4_GlobalUnwind2@8      004414c2 f   LIBCMT:exsup4.obj
 0001:000404db       @_EH4_LocalUnwind@16       004414db f   LIBCMT:exsup4.obj
 0001:00040594       __input_l                  00441594 f   LIBCMT:input.obj
 0001:000416b0       _strcpy_s                  004426b0 f   LIBCMT:strcpy_s.obj
 0001:00041705       _strnlen                   00442705 f   LIBCMT:strlen_s.obj
 0001:00041720       ___wtomb_environ           00442720 f   LIBCMT:wtombenv.obj
 0001:000417ad       __mbsnbicoll               004427ad f   LIBCMT:mbsnbico.obj
 0001:000417c5       __mbsnbicoll_l             004427c5 f   LIBCMT:mbsnbico.obj
 0001:00041879       __calloc_impl              00442879 f   LIBCMT:calloc_impl.obj
 0001:000418f3       __heap_init                004428f3 f   LIBCMT:heapinit.obj
 0001:00041908       __waccess_s                00442908 f   LIBCMT:waccess.obj
 0001:000419a4       ___loctotime64_t           004429a4 f   LIBCMT:dtoxtm64.obj
 0001:00041c08       __isleadbyte_l             00442c08 f i LIBCMT:_wctype.obj
 0001:00041c3e       _isleadbyte                00442c3e f i LIBCMT:_wctype.obj
 0001:00041e38       ___crtLCMapStringA         00442e38 f   LIBCMT:a_map.obj
 0001:00041e80       __chkstk                   00442e80 f   LIBCMT:chkstk.obj
 0001:00041e80       __alloca_probe             00442e80     LIBCMT:chkstk.obj
 0001:00041eab       __cfltcvt                  00442eab f   LIBCMT:cvt.obj
 0001:00041ecc       __cfltcvt_l                00442ecc f   LIBCMT:cvt.obj
 0001:00041f52       __cftoa_l                  00442f52 f   LIBCMT:cvt.obj
 0001:000422ac       __cftoe                    004432ac f   LIBCMT:cvt.obj
 0001:00042419       __cftoe_l                  00443419 f   LIBCMT:cvt.obj
 0001:000425cf       __cftof_l                  004435cf f   LIBCMT:cvt.obj
 0001:0004268e       __cftog_l                  0044368e f   LIBCMT:cvt.obj
 0001:0004278b       __cropzeros                0044378b f   LIBCMT:cvt.obj
 0001:0004279c       __cropzeros_l              0044379c f   LIBCMT:cvt.obj
 0001:0004281a       __fassign                  0044381a f   LIBCMT:cvt.obj
 0001:00042832       __fassign_l                00443832 f   LIBCMT:cvt.obj
 0001:00042872       __forcdecpt                00443872 f   LIBCMT:cvt.obj
 0001:00042883       __forcdecpt_l              00443883 f   LIBCMT:cvt.obj
 0001:000428f5       __positive                 004438f5 f   LIBCMT:cvt.obj
 0001:00042937       __setdefaultprecision      00443937 f   LIBCMT:fp8.obj
 0001:0004295e       __fullpath                 0044395e f   LIBCMT:fullpath.obj
 0001:00042a57       __getpath                  00443a57 f   LIBCMT:getpath.obj
 0001:00042ae2       ___ascii_stricmp           00443ae2 f   LIBCMT:stricmp.obj
 0001:00042b1b       __strcmpi                  00443b1b f   LIBCMT:stricmp.obj
 0001:00042b1b       __stricmp                  00443b1b f   LIBCMT:stricmp.obj
 0001:00042b62       __stricmp_l                00443b62 f   LIBCMT:stricmp.obj
 0001:00042bf5       ___sys_errlist             00443bf5 f   LIBCMT:syserr.obj
 0001:00042bfb       ___sys_nerr                00443bfb f   LIBCMT:syserr.obj
 0001:00042c01       _strncpy_s                 00443c01 f   LIBCMT:strncpy_s.obj
 0001:00042cb0       ___ascii_strnicmp          00443cb0 f   LIBCMT:_strnicm.obj
 0001:00042d11       ___termconin               00443d11 f   LIBCMT:initconin.obj
 0001:00042d28       ___initconin               00443d28 f   LIBCMT:initconin.obj
 0001:00042d47       ?__CxxUnhandledExceptionFilter@@YGJPAU_EXCEPTION_POINTERS@@@Z 00443d47 f   LIBCMT:unhandld.obj
 0001:00042d88       ___CxxSetUnhandledExceptionFilter 00443d88 f   LIBCMT:unhandld.obj
 0001:00042d96       __setargv                  00443d96 f   LIBCMT:stdargv.obj
 0001:00042fc3       __setenvp                  00443fc3 f   LIBCMT:stdenvp.obj
 0001:000430a4       ___set_app_type            004440a4 f   LIBCMT:errmode.obj
 0001:000430b1       __set_error_mode           004440b1 f   LIBCMT:errmode.obj
 0001:000430f1       ___security_init_cookie    004440f1 f   LIBCMT:gs_support.obj
 0001:0004318b       ___crtGetEnvironmentStringsA 0044418b f   LIBCMT:a_env.obj
 0001:00043216       __recalloc                 00444216 f   LIBCMT:recalloc.obj
 0001:0004327f       ___lock_fhandle            0044427f f   LIBCMT:osfinfo.obj
 0001:0004330b       __alloc_osfhnd             0044430b f   LIBCMT:osfinfo.obj
 0001:000434b0       __free_osfhnd              004444b0 f   LIBCMT:osfinfo.obj
 0001:00043536       __get_osfhandle            00444536 f   LIBCMT:osfinfo.obj
 0001:0004359d       __set_osfhnd               0044459d f   LIBCMT:osfinfo.obj
 0001:0004361f       __unlock_fhandle           0044461f f   LIBCMT:osfinfo.obj
 0001:00043645       __isatty                   00444645 f   LIBCMT:isatty.obj
 0001:00043699       __lseeki64                 00444699 f   LIBCMT:lseeki64.obj
 0001:00043795       __lseeki64_nolock          00444795 f   LIBCMT:lseeki64.obj
 0001:00043806       __mbtowc_l                 00444806 f   LIBCMT:mbtowc.obj
 0001:000438f9       _mbtowc                    004448f9 f   LIBCMT:mbtowc.obj
 0001:00043911       __putwch_nolock            00444911 f   LIBCMT:putwch.obj
 0001:00043952       __get_printf_count_output  00444952 f   LIBCMT:printf.obj
 0001:00043967       __wctomb_s_l               00444967 f   LIBCMT:wctomb.obj
 0001:00043a89       _wctomb_s                  00444a89 f   LIBCMT:wctomb.obj
 0001:00043ab0       __aulldvrm                 00444ab0 f   LIBCMT:ulldvrm.obj
 0001:00043b45       _wcscat_s                  00444b45 f   LIBCMT:wcscat_s.obj
 0001:00043bb1       _wcscpy_s                  00444bb1 f   LIBCMT:wcscpy_s.obj
 0001:00043c0d       _wcslen                    00444c0d f   LIBCMT:wcslen.obj
 0001:00043c26       _wcsncpy_s                 00444c26 f   LIBCMT:wcsncpy_s.obj
 0001:00043ce4       ___crtMessageBoxW          00444ce4 f   LIBCMT:crtmboxw.obj
 0001:00043ec6       __fptrap                   00444ec6 f   LIBCMT:crt0fp.obj
 0001:00043ecf       _GetTableIndexFromLocaleName 00444ecf f   LIBCMT:winapinls.obj
 0001:00043f1d       ___crtCompareStringEx      00444f1d f   LIBCMT:winapinls.obj
 0001:00043f69       ___crtDownlevelLocaleNameToLCID 00444f69 f   LIBCMT:winapinls.obj
 0001:00043f93       ___crtLCMapStringEx        00444f93 f   LIBCMT:winapinls.obj
 0001:00043fdf       ___wcsnicmp_ascii          00444fdf f   LIBCMT:winapinls.obj
 0001:00044139       ___crtGetStringTypeA       00445139 f   LIBCMT:a_str.obj
 0001:00044177       _strcat_s                  00445177 f   LIBCMT:strcat_s.obj
 0001:000441da       __dospawn                  004451da f   LIBCMT:dospawn.obj
 0001:000443f2       __cenvarg                  004453f2 f   LIBCMT:cenvarg.obj
 0001:000447bb       __mbschr                   004457bb f   LIBCMT:mbschr.obj
 0001:000447d0       __mbschr_l                 004457d0 f   LIBCMT:mbschr.obj
 0001:0004486b       __mbsrchr                  0044586b f   LIBCMT:mbsrchr.obj
 0001:00044880       __mbsrchr_l                00445880 f   LIBCMT:mbsrchr.obj
 0001:0004490f       ___free_lconv_mon          0044590f f   LIBCMT:initmon.obj
 0001:00044a0b       ___free_lconv_num          00445a0b f   LIBCMT:initnum.obj
 0001:00044a72       ___free_lc_time            00445a72 f   LIBCMT:inittime.obj
 0001:00044df2       ____lc_codepage_func       00445df2 f   LIBCMT:initctyp.obj
 0001:00044e18       _wcsnlen                   00445e18 f   LIBCMT:wcslen_s.obj
 0001:00044e40       __allmul                   00445e40 f   LIBCMT:llmul.obj
 0001:00044e80       _strcmp                    00445e80 f   LIBCMT:strcmp.obj
 0001:00044f0c       __sopen_helper             00445f0c f   LIBCMT:open.obj
 0001:00044fd3       __sopen_nolock             00445fd3 f   LIBCMT:open.obj
 0001:0004501f       __sopen_s                  0044601f f   LIBCMT:open.obj
 0001:0004503d       __mbsnbcmp                 0044603d f   LIBCMT:mbsnbcmp.obj
 0001:00045055       __mbsnbcmp_l               00446055 f   LIBCMT:mbsnbcmp.obj
 0001:0004516a       __mbsnbicmp                0044616a f   LIBCMT:mbsnbicm.obj
 0001:00045182       __mbsnbicmp_l              00446182 f   LIBCMT:mbsnbicm.obj
 0001:0004533e       ___crtsetenv               0044633e f   LIBCMT:setenv.obj
 0001:0004563f       __strnicoll_l              0044663f f   LIBCMT:strnicol.obj
 0001:0004598d       ___crtCompareStringA       0044698d f   LIBCMT:a_cmp.obj
 0001:000459ce       __fptostr                  004469ce f   LIBCMT:_fptostr.obj
 0001:00045a7e       __atodbl_l                 00446a7e f   LIBCMT:atodbl.obj
 0001:00045b0a       __atoflt_l                 00446b0a f   LIBCMT:atodbl.obj
 0001:00045b96       ___dtold                   00446b96 f   LIBCMT:cfout.obj
 0001:00045c5c       __fltout2                  00446c5c f   LIBCMT:cfout.obj
 0001:00045cf0       __alldvrm                  00446cf0 f   LIBCMT:lldvrm.obj
 0001:00045dd0       __aullshr                  00446dd0 f   LIBCMT:ullshr.obj
 0001:00045def       __controlfp_s              00446def f   LIBCMT:contrlfp.obj
 0001:00045ea2       __ismbblead                00446ea2 f   LIBCMT:ismbbyte.obj
 0001:00045eb8       ___termconout              00446eb8 f   LIBCMT:initcon.obj
 0001:00045ecf       ___initconout              00446ecf f   LIBCMT:initcon.obj
 0001:00045eee       __mbsnicmp                 00446eee f   LIBCMT:mbsnicmp.obj
 0001:00045f06       __mbsnicmp_l               00446f06 f   LIBCMT:mbsnicmp.obj
 0001:0004609b       _wcschr                    0044709b f   LIBCMT:wcschr.obj
 0001:000461da       __wsopen_nolock            004471da f   LIBCMT:wopen.obj
 0001:0004692b       __strdup                   0044792b f   LIBCMT:strdup.obj
 0001:0004697b       __ld12tod                  0044797b f   LIBCMT:intrncvt.obj
 0001:00046eeb       __ld12tof                  00447eeb f   LIBCMT:intrncvt.obj
 0001:0004745b       ___strgtold12_l            0044845b f   LIBCMT:strgtold.obj
 0001:00047bd7       _$I10_OUTPUT               00448bd7 f   LIBCMT:x10fout.obj
 0001:00048644       __control87                00449644 f i LIBCMT:ieee87.obj
 0001:000489db       __chsize_nolock            004499db f   LIBCMT:chsize.obj
 0001:00048b8f       __get_fmode                00449b8f f   LIBCMT:setmode.obj
 0001:00048bb9       __setmode_nolock           00449bb9 f   LIBCMT:setmode.obj
 0001:00048c86       ___mtold12                 00449c86 f   LIBCMT:mantold.obj
 0001:00048e68       ___set_fpsr_sse2           00449e68 f   LIBCMT:fpctrl.obj
 0001:00048ede       _IsProcessorFeaturePresent@4 00449ede f   kernel32:KERNEL32.dll
 0001:00048ee4       _RtlUnwind@16              00449ee4 f   kernel32:KERNEL32.dll
 0001:00048eea       __putenv                   00449eea f   LIBCMT:putenv.obj
 0001:00048eea       _putenv                    00449eea f   LIBCMT:putenv.obj
 0001:0004913f       ___crtwsetenv              0044a13f f   LIBCMT:wsetenv.obj
 0001:0004946a       __wcsdup                   0044a46a f   LIBCMT:wcsdup.obj
 0001:000494bd       __wcsnicoll                0044a4bd f   LIBCMT:wcsnicol.obj
 0001:00049587       __wcsnicoll_l              0044a587 f   LIBCMT:wcsnicol.obj
 0001:000496ab       __wsetenvp                 0044a6ab f   LIBCMT:wstdenvp.obj
 0001:0004978d       ___mbtow_environ           0044a78d f   LIBCMT:mbtowenv.obj
 0001:00049808       ___crtGetEnvironmentStringsW 0044a808 f   LIBCMT:w_env.obj
 0001:00049863       ___crtCompareStringW       0044a863 f   LIBCMT:w_cmp.obj
 0002:00000000       __imp__EnterCriticalSection@4 0044b000     kernel32:KERNEL32.dll
 0002:00000004       __imp__LeaveCriticalSection@4 0044b004     kernel32:KERNEL32.dll
 0002:00000008       __imp__EncodePointer@4     0044b008     kernel32:KERNEL32.dll
 0002:0000000c       __imp__DecodePointer@4     0044b00c     kernel32:KERNEL32.dll
 0002:00000010       __imp__GetLastError@0      0044b010     kernel32:KERNEL32.dll
 0002:00000014       __imp__InterlockedDecrement@4 0044b014     kernel32:KERNEL32.dll
 0002:00000018       __imp__ExitProcess@4       0044b018     kernel32:KERNEL32.dll
 0002:0000001c       __imp__GetModuleHandleExW@12 0044b01c     kernel32:KERNEL32.dll
 0002:00000020       __imp__GetProcAddress@8    0044b020     kernel32:KERNEL32.dll
 0002:00000024       __imp__AreFileApisANSI@0   0044b024     kernel32:KERNEL32.dll
 0002:00000028       __imp__MultiByteToWideChar@24 0044b028     kernel32:KERNEL32.dll
 0002:0000002c       __imp__GetSystemTimeAsFileTime@4 0044b02c     kernel32:KERNEL32.dll
 0002:00000030       __imp__SetConsoleCtrlHandler@8 0044b030     kernel32:KERNEL32.dll
 0002:00000034       __imp__IsDebuggerPresent@0 0044b034     kernel32:KERNEL32.dll
 0002:00000038       __imp__IsProcessorFeaturePresent@4 0044b038     kernel32:KERNEL32.dll
 0002:0000003c       __imp__GetDriveTypeW@4     0044b03c     kernel32:KERNEL32.dll
 0002:00000040       __imp__GetFullPathNameA@16 0044b040     kernel32:KERNEL32.dll
 0002:00000044       __imp__HeapFree@12         0044b044     kernel32:KERNEL32.dll
 0002:00000048       __imp__HeapAlloc@12        0044b048     kernel32:KERNEL32.dll
 0002:0000004c       __imp__HeapReAlloc@16      0044b04c     kernel32:KERNEL32.dll
 0002:00000050       __imp__FindClose@4         0044b050     kernel32:KERNEL32.dll
 0002:00000054       __imp__FindFirstFileExA@24 0044b054     kernel32:KERNEL32.dll
 0002:00000058       __imp__FindNextFileA@8     0044b058     kernel32:KERNEL32.dll
 0002:0000005c       __imp__SystemTimeToTzSpecificLocalTime@12 0044b05c     kernel32:KERNEL32.dll
 0002:00000060       __imp__FileTimeToSystemTime@8 0044b060     kernel32:KERNEL32.dll
 0002:00000064       __imp__HeapSize@12         0044b064     kernel32:KERNEL32.dll
 0002:00000068       __imp__HeapQueryInformation@20 0044b068     kernel32:KERNEL32.dll
 0002:0000006c       __imp__GetConsoleMode@8    0044b06c     kernel32:KERNEL32.dll
 0002:00000070       __imp__ReadConsoleInputA@16 0044b070     kernel32:KERNEL32.dll
 0002:00000074       __imp__SetConsoleMode@8    0044b074     kernel32:KERNEL32.dll
 0002:00000078       __imp__GetCommandLineA@0   0044b078     kernel32:KERNEL32.dll
 0002:0000007c       __imp__DeleteCriticalSection@4 0044b07c     kernel32:KERNEL32.dll
 0002:00000080       __imp__InitializeCriticalSectionAndSpinCount@8 0044b080     kernel32:KERNEL32.dll
 0002:00000084       __imp__Sleep@4             0044b084     kernel32:KERNEL32.dll
 0002:00000088       __imp__CloseHandle@4       0044b088     kernel32:KERNEL32.dll
 0002:0000008c       __imp__FlushFileBuffers@4  0044b08c     kernel32:KERNEL32.dll
 0002:00000090       __imp__WriteFile@20        0044b090     kernel32:KERNEL32.dll
 0002:00000094       __imp__WideCharToMultiByte@32 0044b094     kernel32:KERNEL32.dll
 0002:00000098       __imp__GetConsoleCP@0      0044b098     kernel32:KERNEL32.dll
 0002:0000009c       __imp__GetStdHandle@4      0044b09c     kernel32:KERNEL32.dll
 0002:000000a0       __imp__GetFileType@4       0044b0a0     kernel32:KERNEL32.dll
 0002:000000a4       __imp__GetStartupInfoW@4   0044b0a4     kernel32:KERNEL32.dll
 0002:000000a8       __imp__ReadFile@20         0044b0a8     kernel32:KERNEL32.dll
 0002:000000ac       __imp__ReadConsoleW@20     0044b0ac     kernel32:KERNEL32.dll
 0002:000000b0       __imp__SetLastError@4      0044b0b0     kernel32:KERNEL32.dll
 0002:000000b4       __imp__InterlockedIncrement@4 0044b0b4     kernel32:KERNEL32.dll
 0002:000000b8       __imp__GetCurrentThreadId@0 0044b0b8     kernel32:KERNEL32.dll
 0002:000000bc       __imp__UnhandledExceptionFilter@4 0044b0bc     kernel32:KERNEL32.dll
 0002:000000c0       __imp__SetUnhandledExceptionFilter@4 0044b0c0     kernel32:KERNEL32.dll
 0002:000000c4       __imp__GetCurrentProcess@0 0044b0c4     kernel32:KERNEL32.dll
 0002:000000c8       __imp__TerminateProcess@8  0044b0c8     kernel32:KERNEL32.dll
 0002:000000cc       __imp__TlsAlloc@0          0044b0cc     kernel32:KERNEL32.dll
 0002:000000d0       __imp__TlsGetValue@4       0044b0d0     kernel32:KERNEL32.dll
 0002:000000d4       __imp__TlsSetValue@8       0044b0d4     kernel32:KERNEL32.dll
 0002:000000d8       __imp__TlsFree@4           0044b0d8     kernel32:KERNEL32.dll
 0002:000000dc       __imp__GetModuleHandleW@4  0044b0dc     kernel32:KERNEL32.dll
 0002:000000e0       __imp__GetModuleFileNameW@12 0044b0e0     kernel32:KERNEL32.dll
 0002:000000e4       __imp__LoadLibraryExW@12   0044b0e4     kernel32:KERNEL32.dll
 0002:000000e8       __imp__IsValidCodePage@4   0044b0e8     kernel32:KERNEL32.dll
 0002:000000ec       __imp__GetACP@0            0044b0ec     kernel32:KERNEL32.dll
 0002:000000f0       __imp__GetOEMCP@0          0044b0f0     kernel32:KERNEL32.dll
 0002:000000f4       __imp__GetCPInfo@8         0044b0f4     kernel32:KERNEL32.dll
 0002:000000f8       __imp__GetTimeZoneInformation@4 0044b0f8     kernel32:KERNEL32.dll
 0002:000000fc       __imp__RtlUnwind@16        0044b0fc     kernel32:KERNEL32.dll
 0002:00000100       __imp__GetCurrentDirectoryW@8 0044b100     kernel32:KERNEL32.dll
 0002:00000104       __imp__GetProcessHeap@0    0044b104     kernel32:KERNEL32.dll
 0002:00000108       __imp__GetFileAttributesExW@12 0044b108     kernel32:KERNEL32.dll
 0002:0000010c       __imp__CreateFileW@28      0044b10c     kernel32:KERNEL32.dll
 0002:00000110       __imp__GetModuleFileNameA@12 0044b110     kernel32:KERNEL32.dll
 0002:00000114       __imp__QueryPerformanceCounter@4 0044b114     kernel32:KERNEL32.dll
 0002:00000118       __imp__GetCurrentProcessId@0 0044b118     kernel32:KERNEL32.dll
 0002:0000011c       __imp__GetEnvironmentStringsW@0 0044b11c     kernel32:KERNEL32.dll
 0002:00000120       __imp__FreeEnvironmentStringsW@4 0044b120     kernel32:KERNEL32.dll
 0002:00000124       __imp__SetStdHandle@8      0044b124     kernel32:KERNEL32.dll
 0002:00000128       __imp__SetFilePointerEx@20 0044b128     kernel32:KERNEL32.dll
 0002:0000012c       __imp__WriteConsoleW@20    0044b12c     kernel32:KERNEL32.dll
 0002:00000130       __imp__OutputDebugStringW@4 0044b130     kernel32:KERNEL32.dll
 0002:00000134       __imp__LoadLibraryW@4      0044b134     kernel32:KERNEL32.dll
 0002:00000138       __imp__CompareStringW@24   0044b138     kernel32:KERNEL32.dll
 0002:0000013c       __imp__LCMapStringW@24     0044b13c     kernel32:KERNEL32.dll
 0002:00000140       __imp__GetStringTypeW@16   0044b140     kernel32:KERNEL32.dll
 0002:00000144       __imp__WaitForSingleObject@8 0044b144     kernel32:KERNEL32.dll
 0002:00000148       __imp__GetExitCodeProcess@8 0044b148     kernel32:KERNEL32.dll
 0002:0000014c       __imp__CreateProcessA@40   0044b14c     kernel32:KERNEL32.dll
 0002:00000150       __imp__SetEnvironmentVariableA@8 0044b150     kernel32:KERNEL32.dll
 0002:00000154       __imp__SetEndOfFile@4      0044b154     kernel32:KERNEL32.dll
 0002:00000158       __imp__SetEnvironmentVariableW@8 0044b158     kernel32:KERNEL32.dll
 0002:0000015c       \177KERNEL32_NULL_THUNK_DATA 0044b15c     kernel32:KERNEL32.dll
 0002:00000160       ___xc_a                    0044b160     LIBCMT:crt0init.obj
 0002:00000164       ___xc_z                    0044b164     LIBCMT:crt0init.obj
 0002:00000168       ___xi_a                    0044b168     LIBCMT:crt0init.obj
 0002:00000184       ___xi_z                    0044b184     LIBCMT:crt0init.obj
 0002:00000188       ___xp_a                    0044b188     LIBCMT:crt0init.obj
 0002:0000019c       ___xp_z                    0044b19c     LIBCMT:crt0init.obj
 0002:000001a0       ___xt_a                    0044b1a0     LIBCMT:crt0init.obj
 0002:000001a4       ___xt_z                    0044b1a4     LIBCMT:crt0init.obj
 0002:000001b0       __real@0000000000000000    0044b1b0     subroute.obj
 0002:000001b8       __real@3fe0000000000000    0044b1b8     subroute.obj
 0002:000001c0       __real@41dfffffffc00000    0044b1c0     subroute.obj
 0002:000001c8       __real@c1e0000000000000    0044b1c8     subroute.obj
 0002:000001d0       __real@3ef0000000000000    0044b1d0     local.obj
 0002:000001d8       __real@408f400000000000    0044b1d8     local.obj
 0002:000001e0       __real@40d3880000000000    0044b1e0     tex0.obj
 0002:000001e8       __real@40f0000000000000    0044b1e8     tex0.obj
 0002:000001f0       __xmm@7fffffffffffffff7fffffffffffffff 0044b1f0     tex0.obj
 0002:00000200       __real@3ff0000000000000    0044b200     tex4.obj
 0002:00000208       __real@41cdcd6500000000    0044b208     tex4.obj
 0002:00000210       __real@c1cdcd6500000000    0044b210     tex4.obj
 0002:00000218       ??_C@_1BI@BGOHAHKC@?$AAm?$AAs?$AAc?$AAo?$AAr?$AAe?$AAe?$AA?4?$AAd?$AAl?$AAl?$AA?$AA@ 0044b218     LIBCMT:crt0dat.obj
 0002:00000230       ??_C@_0P@MIGLKIOC@CorExitProcess?$AA@ 0044b230     LIBCMT:crt0dat.obj
 0002:00000240       ??_C@_07CFPBBAOO@COMSPEC?$AA@ 0044b240     LIBCMT:system.obj
 0002:00000248       ??_C@_02HNHPBPFE@?1c?$AA@  0044b248     LIBCMT:system.obj
 0002:0000024c       ??_C@_07INNMNHPJ@cmd?4exe?$AA@ 0044b24c     LIBCMT:system.obj
 0002:0000025c       __FPinit                   0044b25c     LIBCMT:fpinit.obj
 0002:00000260       ??_C@_0EA@FCLIIPNN@Visual?5C?$CL?$CL?5CRT?3?5Not?5enough?5memor@ 0044b260     LIBCMT:strerror.obj
 0002:000005e0       ??_C@_06OJHGLDPL@?$CInull?$CJ?$AA@ 0044b5e0     LIBCMT:output.obj
 0002:000005e8       ??_C@_1O@CEDCILHN@?$AA?$CI?$AAn?$AAu?$AAl?$AAl?$AA?$CJ?$AA?$AA@ 0044b5e8     LIBCMT:output.obj
 0002:000005f8       ___lookuptable             0044b5f8     LIBCMT:output.obj
 0002:00000654       ??_C@_1BK@MGMFAEKH@?$AAk?$AAe?$AAr?$AAn?$AAe?$AAl?$AA3?$AA2?$AA?4?$AAd?$AAl?$AAl?$AA?$AA@ 0044b654     LIBCMT:winapisupp.obj
 0002:00000670       ??_C@_08KNHFBNJ@FlsAlloc?$AA@ 0044b670     LIBCMT:winapisupp.obj
 0002:0000067c       ??_C@_07PEJMOBNF@FlsFree?$AA@ 0044b67c     LIBCMT:winapisupp.obj
 0002:00000684       ??_C@_0M@GDNOONDI@FlsGetValue?$AA@ 0044b684     LIBCMT:winapisupp.obj
 0002:00000690       ??_C@_0M@JCPCPOEF@FlsSetValue?$AA@ 0044b690     LIBCMT:winapisupp.obj
 0002:0000069c       ??_C@_0BM@HCFOFFN@InitializeCriticalSectionEx?$AA@ 0044b69c     LIBCMT:winapisupp.obj
 0002:000006b8       ??_C@_0BD@KIEEOEEH@CreateSemaphoreExW?$AA@ 0044b6b8     LIBCMT:winapisupp.obj
 0002:000006cc       ??_C@_0BI@BKLFFAPO@SetThreadStackGuarantee?$AA@ 0044b6cc     LIBCMT:winapisupp.obj
 0002:000006e4       ??_C@_0BG@OGFAJCKC@CreateThreadpoolTimer?$AA@ 0044b6e4     LIBCMT:winapisupp.obj
 0002:000006fc       ??_C@_0BD@LPLEMMDI@SetThreadpoolTimer?$AA@ 0044b6fc     LIBCMT:winapisupp.obj
 0002:00000710       ??_C@_0CA@FMNJENH@WaitForThreadpoolTimerCallbacks?$AA@ 0044b710     LIBCMT:winapisupp.obj
 0002:00000730       ??_C@_0BF@DCFCCNOC@CloseThreadpoolTimer?$AA@ 0044b730     LIBCMT:winapisupp.obj
 0002:00000748       ??_C@_0BF@FLABGKKM@CreateThreadpoolWait?$AA@ 0044b748     LIBCMT:winapisupp.obj
 0002:00000760       ??_C@_0BC@MGCOHNA@SetThreadpoolWait?$AA@ 0044b760     LIBCMT:winapisupp.obj
 0002:00000774       ??_C@_0BE@OCIOMIMP@CloseThreadpoolWait?$AA@ 0044b774     LIBCMT:winapisupp.obj
 0002:00000788       ??_C@_0BJ@LKGHFHBO@FlushProcessWriteBuffers?$AA@ 0044b788     LIBCMT:winapisupp.obj
 0002:000007a4       ??_C@_0BP@KALKKPMO@FreeLibraryWhenCallbackReturns?$AA@ 0044b7a4     LIBCMT:winapisupp.obj
 0002:000007c4       ??_C@_0BK@DFNBACLA@GetCurrentProcessorNumber?$AA@ 0044b7c4     LIBCMT:winapisupp.obj
 0002:000007e0       ??_C@_0BP@KHGALBC@GetLogicalProcessorInformation?$AA@ 0044b7e0     LIBCMT:winapisupp.obj
 0002:00000800       ??_C@_0BE@FKKLLFLM@CreateSymbolicLinkW?$AA@ 0044b800     LIBCMT:winapisupp.obj
 0002:00000814       ??_C@_0BJ@OHNKDLIJ@SetDefaultDllDirectories?$AA@ 0044b814     LIBCMT:winapisupp.obj
 0002:00000830       ??_C@_0BE@LJANKFHF@EnumSystemLocalesEx?$AA@ 0044b830     LIBCMT:winapisupp.obj
 0002:00000844       ??_C@_0BA@IHGNDAEB@CompareStringEx?$AA@ 0044b844     LIBCMT:winapisupp.obj
 0002:00000854       ??_C@_0BA@EPCJIIPD@GetDateFormatEx?$AA@ 0044b854     LIBCMT:winapisupp.obj
 0002:00000864       ??_C@_0BA@ONOKGCMP@GetLocaleInfoEx?$AA@ 0044b864     LIBCMT:winapisupp.obj
 0002:00000874       ??_C@_0BA@CIJJKCJJ@GetTimeFormatEx?$AA@ 0044b874     LIBCMT:winapisupp.obj
 0002:00000884       ??_C@_0BJ@PBCCBIPI@GetUserDefaultLocaleName?$AA@ 0044b884     LIBCMT:winapisupp.obj
 0002:000008a0       ??_C@_0BC@CELBKLLA@IsValidLocaleName?$AA@ 0044b8a0     LIBCMT:winapisupp.obj
 0002:000008b4       ??_C@_0O@KKBNKAPF@LCMapStringEx?$AA@ 0044b8b4     LIBCMT:winapisupp.obj
 0002:000008c4       ??_C@_0BE@JOGNEJCI@GetCurrentPackageId?$AA@ 0044b8c4     LIBCMT:winapisupp.obj
 0002:000008d8       ??_C@_1FE@LLNEDJMD@?$AAR?$AA6?$AA0?$AA0?$AA8?$AA?$AN?$AA?6?$AA?9?$AA?5?$AAn?$AAo?$AAt?$AA?5?$AAe?$AAn?$AAo?$AAu?$AAg?$AAh?$AA?5?$AAs?$AAp?$AAa?$AAc?$AAe?$AA?5?$AAf?$AAo?$AAr?$AA?5?$AAa?$AAr@ 0044b8d8     LIBCMT:crt0msg.obj
 0002:00000930       ??_C@_1FI@HONFMGBI@?$AAR?$AA6?$AA0?$AA0?$AA9?$AA?$AN?$AA?6?$AA?9?$AA?5?$AAn?$AAo?$AAt?$AA?5?$AAe?$AAn?$AAo?$AAu?$AAg?$AAh?$AA?5?$AAs?$AAp?$AAa?$AAc?$AAe?$AA?5?$AAf?$AAo?$AAr?$AA?5?$AAe?$AAn@ 0044b930     LIBCMT:crt0msg.obj
 0002:00000988       ??_C@_1EG@BEHAGFJD@?$AAR?$AA6?$AA0?$AA1?$AA0?$AA?$AN?$AA?6?$AA?9?$AA?5?$AAa?$AAb?$AAo?$AAr?$AAt?$AA?$CI?$AA?$CJ?$AA?5?$AAh?$AAa?$AAs?$AA?5?$AAb?$AAe?$AAe?$AAn?$AA?5?$AAc?$AAa?$AAl?$AAl?$AAe?$AAd@ 0044b988     LIBCMT:crt0msg.obj
 0002:000009d0       ??_C@_1FI@LOGNIKDM@?$AAR?$AA6?$AA0?$AA1?$AA6?$AA?$AN?$AA?6?$AA?9?$AA?5?$AAn?$AAo?$AAt?$AA?5?$AAe?$AAn?$AAo?$AAu?$AAg?$AAh?$AA?5?$AAs?$AAp?$AAa?$AAc?$AAe?$AA?5?$AAf?$AAo?$AAr?$AA?5?$AAt?$AAh@ 0044b9d0     LIBCMT:crt0msg.obj
 0002:00000a28       ??_C@_1FK@BEOGODMC@?$AAR?$AA6?$AA0?$AA1?$AA7?$AA?$AN?$AA?6?$AA?9?$AA?5?$AAu?$AAn?$AAe?$AAx?$AAp?$AAe?$AAc?$AAt?$AAe?$AAd?$AA?5?$AAm?$AAu?$AAl?$AAt?$AAi?$AAt?$AAh?$AAr?$AAe?$AAa?$AAd?$AA?5@ 0044ba28     LIBCMT:crt0msg.obj
 0002:00000a88       ??_C@_1EC@JIBHAOPH@?$AAR?$AA6?$AA0?$AA1?$AA8?$AA?$AN?$AA?6?$AA?9?$AA?5?$AAu?$AAn?$AAe?$AAx?$AAp?$AAe?$AAc?$AAt?$AAe?$AAd?$AA?5?$AAh?$AAe?$AAa?$AAp?$AA?5?$AAe?$AAr?$AAr?$AAo?$AAr?$AA?$AN?$AA?6@ 0044ba88     LIBCMT:crt0msg.obj
 0002:00000ad0       ??_C@_1FC@ECHBIFBC@?$AAR?$AA6?$AA0?$AA1?$AA9?$AA?$AN?$AA?6?$AA?9?$AA?5?$AAu?$AAn?$AAa?$AAb?$AAl?$AAe?$AA?5?$AAt?$AAo?$AA?5?$AAo?$AAp?$AAe?$AAn?$AA?5?$AAc?$AAo?$AAn?$AAs?$AAo?$AAl?$AAe?$AA?5@ 0044bad0     LIBCMT:crt0msg.obj
 0002:00000b28       ??_C@_1GK@FHCKBEFA@?$AAR?$AA6?$AA0?$AA2?$AA4?$AA?$AN?$AA?6?$AA?9?$AA?5?$AAn?$AAo?$AAt?$AA?5?$AAe?$AAn?$AAo?$AAu?$AAg?$AAh?$AA?5?$AAs?$AAp?$AAa?$AAc?$AAe?$AA?5?$AAf?$AAo?$AAr?$AA?5?$AA_?$AAo@ 0044bb28     LIBCMT:crt0msg.obj
 0002:00000b98       ??_C@_1EM@MAADIHMB@?$AAR?$AA6?$AA0?$AA2?$AA5?$AA?$AN?$AA?6?$AA?9?$AA?5?$AAp?$AAu?$AAr?$AAe?$AA?5?$AAv?$AAi?$AAr?$AAt?$AAu?$AAa?$AAl?$AA?5?$AAf?$AAu?$AAn?$AAc?$AAt?$AAi?$AAo?$AAn?$AA?5?$AAc@ 0044bb98     LIBCMT:crt0msg.obj
 0002:00000be8       ??_C@_1GK@MCAAGJMO@?$AAR?$AA6?$AA0?$AA2?$AA6?$AA?$AN?$AA?6?$AA?9?$AA?5?$AAn?$AAo?$AAt?$AA?5?$AAe?$AAn?$AAo?$AAu?$AAg?$AAh?$AA?5?$AAs?$AAp?$AAa?$AAc?$AAe?$AA?5?$AAf?$AAo?$AAr?$AA?5?$AAs?$AAt@ 0044bbe8     LIBCMT:crt0msg.obj
[...]
 0003:00009f34       $SG6889                    0045af34     tex8.obj
 0003:00009f6c       $SG6890                    0045af6c     tex8.obj
 0003:00009fa0       $SG6891                    0045afa0     tex8.obj
 0003:00009fd4       $SG6896                    0045afd4     tex8.obj
 0003:00009ff4       $SG6897                    0045aff4     tex8.obj
 0003:0000a028       $SG6898                    0045b028     tex8.obj
 0003:0000a064       $SG6905                    0045b064     tex8.obj
 0003:0000a094       $SG6906                    0045b094     tex8.obj
 0003:0000a0c8       $SG6907                    0045b0c8     tex8.obj
 0003:0000a0fc       $SG6908                    0045b0fc     tex8.obj
 0003:0000a130       $SG6912                    0045b130     tex8.obj
 0003:0000a164       $SG6913                    0045b164     tex8.obj
 0003:0000a19c       $SG6914                    0045b19c     tex8.obj
 0003:0000a1d0       $SG6915                    0045b1d0     tex8.obj
 0003:0000a204       $SG6929                    0045b204     tex8.obj
 0003:0000a224       $SG6930                    0045b224     tex8.obj
 0003:0000a258       $SG6931                    0045b258     tex8.obj
 0003:0000a294       $SG6987                    0045b294     tex8.obj
 0003:0000a29c       $SG7004                    0045b29c     tex8.obj
 0003:0000a2c0       $SG7005                    0045b2c0     tex8.obj
 0003:0000a2ec       $SG7006                    0045b2ec     tex8.obj
 0003:0000a324       $SG7007                    0045b324     tex8.obj
 0003:0000a364       $SG7008                    0045b364     tex8.obj
 0003:0000a3a0       $SG7009                    0045b3a0     tex8.obj
 0003:0000a3d8       $SG7027                    0045b3d8     tex8.obj
 0003:0000a3e8       $SG7031                    0045b3e8     tex8.obj
 0003:0000a3f4       $SG7034                    0045b3f4     tex8.obj
 0003:0000a42c       $SG7047                    0045b42c     tex8.obj
 0003:0000a430       $SG7108                    0045b430     tex8.obj
 0003:0000a444       $SG7109                    0045b444     tex8.obj
 0003:0000a468       $SG7110                    0045b468     tex8.obj
 0003:0000a49c       $SG7144                    0045b49c     tex8.obj
 0003:0000a4b0       $SG7145                    0045b4b0     tex8.obj
 0003:0000a4e0       $SG7158                    0045b4e0     tex8.obj
 0003:0000a4e8       $SG7160                    0045b4e8     tex8.obj
 0003:0000a4f4       $SG7161                    0045b4f4     tex8.obj
 0003:0000a520       $SG7172                    0045b520     tex9.obj
 0003:0000a52c       $SG7181                    0045b52c     tex9.obj
 0003:0000a538       $SG7183                    0045b538     tex9.obj
 0003:0000a54c       $SG7190                    0045b54c     tex9.obj
 0003:0000a550       $SG7193                    0045b550     tex9.obj
 0003:0000a558       $SG7197                    0045b558     tex9.obj
 0003:0000a55c       $SG7200                    0045b55c     tex9.obj
 0003:0000a568       $SG7206                    0045b568     tex9.obj
 0003:0000a580       $SG6823                    0045b580     tex9.obj
 0003:0000a584       $SG6827                    0045b584     tex9.obj
 0003:0000a59c       $SG6828                    0045b59c     tex9.obj
 0003:0000a5bc       $SG6829                    0045b5bc     tex9.obj
 0003:0000a5c4       $SG6834                    0045b5c4     tex9.obj
 0003:0000a5dc       $SG6835                    0045b5dc     tex9.obj
 0003:0000a5fc       $SG6836                    0045b5fc     tex9.obj
 0003:0000a608       $SG6838                    0045b608     tex9.obj
 0003:0000a614       $SG6839                    0045b614     tex9.obj
 0003:0000a654       $SG6843                    0045b654     tex9.obj
 0003:0000a660       $SG6844                    0045b660     tex9.obj
 0003:0000a66c       $SG6845                    0045b66c     tex9.obj
 0003:0000a678       $SG6847                    0045b678     tex9.obj
 0003:0000a684       $SG6848                    0045b684     tex9.obj
 0003:0000a6a8       $SG6853                    0045b6a8     tex9.obj
 0003:0000a6ac       $SG6856                    0045b6ac     tex9.obj
 0003:0000a6d4       $SG6857                    0045b6d4     tex9.obj
 0003:0000a6dc       $SG6862                    0045b6dc     tex9.obj
 0003:0000a704       $SG6863                    0045b704     tex9.obj
 0003:0000a710       $SG6865                    0045b710     tex9.obj
 0003:0000a71c       $SG6866                    0045b71c     tex9.obj
 0003:0000a75c       $SG6870                    0045b75c     tex9.obj
 0003:0000a768       $SG6871                    0045b768     tex9.obj
 0003:0000a774       $SG6872                    0045b774     tex9.obj
 0003:0000a780       $SG6874                    0045b780     tex9.obj
 0003:0000a78c       $SG6875                    0045b78c     tex9.obj
 0003:0000a7b0       $SG6891                    0045b7b0     tex9.obj
 0003:0000a7d4       $SG6893                    0045b7d4     tex9.obj
 0003:0000a7f0       $SG6903                    0045b7f0     tex9.obj
 0003:0000a7f4       $SG6905                    0045b7f4     tex9.obj
 0003:0000a7f8       $SG6907                    0045b7f8     tex9.obj
 0003:0000a804       $SG6908                    0045b804     tex9.obj
 0003:0000a828       $SG6909                    0045b828     tex9.obj
 0003:0000a830       $SG6912                    0045b830     tex9.obj
 0003:0000a838       $SG6913                    0045b838     tex9.obj
 0003:0000a840       $SG6919                    0045b840     tex9.obj
 0003:0000a84c       $SG6920                    0045b84c     tex9.obj
 0003:0000a854       $SG6925                    0045b854     tex9.obj
 0003:0000a860       $SG6926                    0045b860     tex9.obj
 0003:0000a868       $SG6931                    0045b868     tex9.obj
 0003:0000a884       $SG6932                    0045b884     tex9.obj
 0003:0000a890       $SG6937                    0045b890     tex9.obj
 0003:0000a8ac       $SG6938                    0045b8ac     tex9.obj
 0003:0000a8b8       $SG6943                    0045b8b8     tex9.obj
 0003:0000a8d4       $SG6944                    0045b8d4     tex9.obj
 0003:0000a8e0       $SG6949                    0045b8e0     tex9.obj
 0003:0000a8fc       $SG6950                    0045b8fc     tex9.obj
 0003:0000a908       $SG6954                    0045b908     tex9.obj
 0003:0000a930       $SG6955                    0045b930     tex9.obj
 0003:0000a93c       $SG6959                    0045b93c     tex9.obj
 0003:0000a944       $SG6960                    0045b944     tex9.obj
 0003:0000a960       $SG6961                    0045b960     tex9.obj
 0003:0000a970       $SG6968                    0045b970     tex9.obj
 0003:0000a978       $SG6969                    0045b978     tex9.obj
 0003:0000a984       $SG6970                    0045b984     tex9.obj
 0003:0000a990       $SG6976                    0045b990     tex9.obj
 0003:0000a998       $SG6977                    0045b998     tex9.obj
 0003:0000a9a4       $SG6978                    0045b9a4     tex9.obj
 0003:0000a9b0       $SG6981                    0045b9b0     tex9.obj
 0003:0000a9c8       $SG6982                    0045b9c8     tex9.obj
 0003:0000a9d0       $SG6987                    0045b9d0     tex9.obj
 0003:0000a9dc       $SG6988                    0045b9dc     tex9.obj
 0003:0000a9e4       $SG6990                    0045b9e4     tex9.obj
 0003:0000a9e8       $SG6993                    0045b9e8     tex9.obj
 0003:0000a9ec       $SG6994                    0045b9ec     tex9.obj
 0003:0000a9f4       $SG6997                    0045b9f4     tex9.obj
 0003:0000a9f8       $SG6998                    0045b9f8     tex9.obj
 0003:0000aa00       $SG7001                    0045ba00     tex9.obj
 0003:0000aa04       $SG7002                    0045ba04     tex9.obj
 0003:0000aa0c       $SG7005                    0045ba0c     tex9.obj
 0003:0000aa10       $SG7006                    0045ba10     tex9.obj
 0003:0000aa18       $SG7009                    0045ba18     tex9.obj
 0003:0000aa1c       $SG7010                    0045ba1c     tex9.obj
 0003:0000aa24       $SG7012                    0045ba24     tex9.obj
 0003:0000aa40       $SG7016                    0045ba40     tex9.obj
 0003:0000aa44       $SG7017                    0045ba44     tex9.obj
 0003:0000aa4c       $SG7021                    0045ba4c     tex9.obj
 0003:0000aa50       $SG7022                    0045ba50     tex9.obj
 0003:0000aa58       $SG7026                    0045ba58     tex9.obj
 0003:0000aa5c       $SG7027                    0045ba5c     tex9.obj
 0003:0000aa64       $SG7031                    0045ba64     tex9.obj
 0003:0000aa68       $SG7032                    0045ba68     tex9.obj
 0003:0000aa70       $SG7036                    0045ba70     tex9.obj
 0003:0000aa74       $SG7037                    0045ba74     tex9.obj
 0003:0000aa7c       $SG7041                    0045ba7c     tex9.obj
 0003:0000aa80       $SG7042                    0045ba80     tex9.obj
 0003:0000aa88       $SG7046                    0045ba88     tex9.obj
 0003:0000aa8c       $SG7047                    0045ba8c     tex9.obj
 0003:0000aa94       $SG7051                    0045ba94     tex9.obj
 0003:0000aa98       $SG7052                    0045ba98     tex9.obj
 0003:0000aaa0       $SG7056                    0045baa0     tex9.obj
 0003:0000aaa4       $SG7057                    0045baa4     tex9.obj
 0003:0000aaac       $SG7061                    0045baac     tex9.obj
 0003:0000aab0       $SG7062                    0045bab0     tex9.obj
 0003:0000aab8       $SG7064                    0045bab8     tex9.obj
 0003:0000aabc       $SG7068                    0045babc     tex9.obj
 0003:0000aadc       $SG7075                    0045badc     tex9.obj
 0003:0000aae0       $SG7066                    0045bae0     tex9.obj
 0003:0000ab34       $SG7076                    0045bb34     tex9.obj
 0003:0000ab5c       $SG7080                    0045bb5c     tex9.obj
 0003:0000ab60       $SG7081                    0045bb60     tex9.obj
 0003:0000ab80       $SG7086                    0045bb80     tex9.obj
 0003:0000aba8       $SG7090                    0045bba8     tex9.obj
 0003:0000abcc       $SG7095                    0045bbcc     tex9.obj
 0003:0000abf8       $SG7098                    0045bbf8     tex9.obj
 0003:0000ac04       $SG7102                    0045bc04     tex9.obj
 0003:0000ac08       $SG7104                    0045bc08     tex9.obj
 0003:0000ac20       $SG7107                    0045bc20     tex9.obj
 0003:0000ac24       $SG7109                    0045bc24     tex9.obj
 0003:0000ac3c       $SG7112                    0045bc3c     tex9.obj
 0003:0000ac40       $SG7114                    0045bc40     tex9.obj
 0003:0000ac58       $SG7117                    0045bc58     tex9.obj
 0003:0000ac5c       $SG7119                    0045bc5c     tex9.obj
 0003:0000ac74       $SG7132                    0045bc74     tex9.obj
 0003:0000ac88       $SG7144                    0045bc88     tex9.obj
 0003:0000acc8       $SG7163                    0045bcc8     tex9.obj
 0003:0000af58       _errtable                  0045bf58     LIBCMT:dosmap.obj
 0003:0000b0c0       _ErrnoNoMem                0045c0c0     LIBCMT:dosmap.obj
 0003:0000b0c4       _DoserrorNoMem             0045c0c4     LIBCMT:dosmap.obj
 0003:0000b0f8       _chbuf                     0045c0f8     LIBCMT:getch.obj
 0003:0000b100       __locktable                0045c100     LIBCMT:mlock.obj
 0003:0000b374       ?isPackaged@?1??__crtIsPackagedApp@@9@9 0045c374     LIBCMT:winapisupp.obj
 0003:0000b3a4       ___rgctypeflag             0045c3a4     LIBCMT:mbctype.obj
 0003:0000b3a8       ___rgcode_page_info        0045c3a8     LIBCMT:mbctype.obj
 0003:0000b8c0       _ext_strings               0045c8c0     LIBCMT:spawnve.obj
 0003:0000bb08       __ctype_loc_style          0045cb08     LIBCMT:wsetloca.obj
 0003:0000bb20       _tzstd                     0045cb20     LIBCMT:timeset.obj
 0003:0000bb60       _tzdst                     0045cb60     LIBCMT:timeset.obj
 0003:0000bba8       _dststart                  0045cba8     LIBCMT:tzset.obj
 0003:0000bbb4       _dstend                    0045cbb4     LIBCMT:tzset.obj
 0003:0000bcd4       _DoubleFormat              0045ccd4     LIBCMT:intrncvt.obj
 0003:0000bcec       _FloatFormat               0045ccec     LIBCMT:intrncvt.obj
 0003:0000bfc4       _over                      0045cfc4     LIBCMT:fpctrl.obj
 0003:0000bfd0       _under                     0045cfd0     LIBCMT:fpctrl.obj
 0003:0000bfdc       ?__DAZ_ENABLED@?1??__set_fpsr_sse2@@9@9 0045cfdc     LIBCMT:fpctrl.obj
 0003:0000bfe0       _program_name              0045cfe0     texmf.obj
 0003:0000bfe4       $SG7729                    0045cfe4     texmf.obj
 0003:0000bfe5       $SG7808                    0045cfe5     texmf.obj
 0003:0000bfe6       $SG7824                    0045cfe6     texmf.obj
 0003:0000bfec       $SG9247                    0045cfec     itex.obj
 0003:0000bfed       $SG8933                    0045cfed     itex.obj
 0003:0000bff8       _saved_paths               0045cff8     subroute.obj
 0003:0000bffc       _saved_paths_length        0045cffc     subroute.obj
 0003:0000c000       $SG8489                    0045d000     subroute.obj
 0003:0000c001       $SG8626                    0045d001     subroute.obj
 0003:0000c108       ?fontmap@?6??test_read_access@@9@9 0045d108     subroute.obj
 0003:0000c210       _path_dirs                 0045d210     subroute.obj
 0003:0000c240       _nextchar                  0045d240     subroute.obj
 0003:0000c244       _ordering                  0045d244     subroute.obj
 0003:0000c248       _first_nonopt              0045d248     subroute.obj
 0003:0000c24c       _last_nonopt               0045d24c     subroute.obj
 0003:0000c254       $SG9301                    0045d254     local.obj
 0003:0000c255       $SG9478                    0045d255     local.obj
 0003:0000c256       $SG7552                    0045d256     local.obj
 0003:0000c257       $SG7554                    0045d257     local.obj
 0003:0000c264       $SG7556                    0045d264     local.obj
 0003:0000c265       $SG7557                    0045d265     local.obj
 0003:0000c266       $SG8587                    0045d266     local.obj
 0003:0000c267       $SG8656                    0045d267     local.obj
 0003:0000c288       $SG8730                    0045d288     local.obj
 0003:0000c289       $SG8843                    0045d289     local.obj
 0003:0000c28a       $SG8846                    0045d28a     local.obj
 0003:0000c28b       $SG8849                    0045d28b     local.obj
 0003:0000c2a4       $SG8852                    0045d2a4     local.obj
 0003:0000c2a5       $SG8855                    0045d2a5     local.obj
 0003:0000c2a6       $SG8858                    0045d2a6     local.obj
 0003:0000c2a7       $SG8890                    0045d2a7     local.obj
 0003:0000c2ac       $SG8980                    0045d2ac     local.obj
 0003:0000c2ad       $SG9109                    0045d2ad     local.obj
 0003:0000c2ae       $SG9111                    0045d2ae     local.obj
 0003:0000c2af       $SG9113                    0045d2af     local.obj
 0003:0000c2d4       $SG9116                    0045d2d4     local.obj
 0003:0000c2d5       $SG9118                    0045d2d5     local.obj
 0003:0000c2d6       $SG9120                    0045d2d6     local.obj
 0003:0000c2d7       $SG9211                    0045d2d7     local.obj
 0003:0000c2d8       $SG7766                    0045d2d8     tex0.obj
 0003:0000c2d9       $SG7806                    0045d2d9     tex0.obj
 0003:0000c2da       $SG7000                    0045d2da     tex0.obj
 0003:0000c2db       $SG7020                    0045d2db     tex0.obj
 0003:0000c2dc       $SG7032                    0045d2dc     tex0.obj
 0003:0000c2dd       $SG7041                    0045d2dd     tex0.obj
 0003:0000c2de       $SG7072                    0045d2de     tex0.obj
 0003:0000c2df       $SG8111                    0045d2df     tex0.obj
 0003:0000c2e0       $SG8157                    0045d2e0     tex0.obj
 0003:0000c2e1       $SG8167                    0045d2e1     tex0.obj
 0003:0000c2e2       $SG8189                    0045d2e2     tex0.obj
 0003:0000c2e3       $SG8438                    0045d2e3     tex1.obj
 0003:0000c2e4       $SG7638                    0045d2e4     tex2.obj
 0003:0000c2e5       $SG7090                    0045d2e5     tex2.obj
 0003:0000c2e6       $SG7333                    0045d2e6     tex3.obj
 0003:0000c2e7       $SG7564                    0045d2e7     tex3.obj
 0003:0000c2e8       $SG7602                    0045d2e8     tex3.obj
 0003:0000c2e9       $SG7343                    0045d2e9     tex4.obj
 0003:0000c2ea       $SG7085                    0045d2ea     tex4.obj
 0003:0000c2eb       $SG6940                    0045d2eb     tex5.obj
 0003:0000c2ec       $SG7658                    0045d2ec     tex6.obj
 0003:0000c2ed       $SG7702                    0045d2ed     tex6.obj
 0003:0000c2ee       $SG7780                    0045d2ee     tex6.obj
 0003:0000c2ef       $SG7029                    0045d2ef     tex6.obj
 0003:0000c2f0       $SG7034                    0045d2f0     tex6.obj
 0003:0000c2f1       $SG7349                    0045d2f1     tex8.obj
 0003:0000c2f2       $SG7074                    0045d2f2     tex9.obj
 0003:0000c2f3       $SG7079                    0045d2f3     tex9.obj
 0003:0000c2f4       $SG7103                    0045d2f4     tex9.obj
 0003:0000c2f5       $SG7108                    0045d2f5     tex9.obj
 0003:0000c2f6       $SG7113                    0045d2f6     tex9.obj
 0003:0000c2f7       $SG7118                    0045d2f7     tex9.obj
 0003:0000c330       _ctrlc_action              0045d330     LIBCMT:winsig.obj
 0003:0000c334       _ctrlbreak_action          0045d334     LIBCMT:winsig.obj
 0003:0000c338       _abort_action              0045d338     LIBCMT:winsig.obj
 0003:0000c33c       _term_action               0045d33c     LIBCMT:winsig.obj
 0003:0000c340       _ConsoleCtrlHandler_Installed 0045d340     LIBCMT:winsig.obj
 0003:0000c348       _GS_ExceptionRecord        0045d348     LIBCMT:gs_report.obj
 0003:0000c398       _GS_ContextRecord          0045d398     LIBCMT:gs_report.obj
 0003:0000c664       _DebuggerWasPresent        0045d664     LIBCMT:gs_report.obj
 0003:0000c668       _start_tics                0045d668     LIBCMT:clock.obj
 0003:0000c680       _lclcritsects              0045d680     LIBCMT:mlock.obj
 0003:0000c8e8       ?outmsg@?8??_NMSG_WRITE@@9@9 0045d8e8     LIBCMT:crt0msg.obj
 0003:0000cf1c       _g_pfnRtlGenRandom         0045df1c     LIBCMT:rand_s.obj
 0003:0000cf38       _fSystemSet                0045df38     LIBCMT:mbctype.obj
 0003:0000cf48       _lastTZ                    0045df48     LIBCMT:tzset.obj
 0003:0000cf4c       ?first_time@?1??__tzset@@9@9 0045df4c     LIBCMT:tzset.obj
 0003:0000cf50       _tzapiused                 0045df50     LIBCMT:tzset.obj
 0003:0000cf58       _tzinfo                    0045df58     LIBCMT:tzset.obj
 0003:0000d010       ?_pgmname@?1??_setargv@@9@9 0045e010     LIBCMT:stdargv.obj
 0003:0000d11c       ___enable_percent_n        0045e11c     LIBCMT:printf.obj
 0003:0000d120       ?pfnMessageBox@?1??__crtMessageBoxW@@9@9 0045e120     LIBCMT:crtmboxw.obj
 0003:0000d124       ?pfnGetActiveWindow@?1??__crtMessageBoxW@@9@9 0045e124     LIBCMT:crtmboxw.obj
 0003:0000d128       ?pfnGetLastActivePopup@?1??__crtMessageBoxW@@9@9 0045e128     LIBCMT:crtmboxw.obj
 0003:0000d12c       ?pfnGetProcessWindowStation@?1??__crtMessageBoxW@@9@9 0045e12c     LIBCMT:crtmboxw.obj
 0003:0000d130       ?pfnGetUserObjectInformation@?1??__crtMessageBoxW@@9@9 0045e130     LIBCMT:crtmboxw.obj
 0003:0000d134       ___crtCallProc             0045e134     LIBCMT:winapinls.obj
